[2026-08-23 18:01:15] NSLab GPU 0.1.1 (app 0.5.0) — tubes N=288³ Re=2000 tEnd=16.0 cfl=0.4 dt=adaptive snap=0.5 ckpt=2.0  device NVIDIA GeForce RTX 3060 Laptop GPU  float32
[2026-08-23 18:01:16] solver ready in 1.2 s, device memory 4.77 GB, kc 96, E0 0.07031047344207764, Z0 0.4002702236175537
[2026-08-23 18:01:20] t 0.000 step 0 dt 0.00e+00  E 0.070310 Z 0.4003 ε 0.000400 max|ω| 8.035 (interp 8.037) ⟨ωSω⟩ -0.0000 (phys 0.0000) kmaxη 3.93 S 0.000 align 0.45/0.53/0.45 zgap 5.08  health WARN (end WARN)  ebal 0.0e+00 zbal 0.0e+00  0.00 h, ETA 1451.42 h
[2026-08-23 18:02:49] t 0.504 step 113 dt 4.73e-03  E 0.070109 Z 0.3981 ε 0.000398 max|ω| 7.971 (interp 7.971) ⟨ωSω⟩ 0.0030 (phys 0.0030) kmaxη 3.94 S -0.014 align 0.52/0.52/0.37 zgap 4.89  health FAIL (end FAIL)  ebal 2.1e-07 zbal 1.8e-07  0.03 h, ETA 0.80 h
[2026-08-23 18:04:06] t 1.003 step 213 dt 5.19e-03  E 0.069910 Z 0.4009 ε 0.000401 max|ω| 8.025 (interp 8.032) ⟨ωSω⟩ 0.0229 (phys 0.0229) kmaxη 3.93 S -0.106 align 0.56/0.51/0.33 zgap 4.54  health FAIL (end FAIL)  ebal 3.0e-07 zbal 1.8e-07  0.05 h, ETA 0.71 h
[2026-08-23 18:05:23] t 1.503 step 309 dt 5.18e-03  E 0.069707 Z 0.4138 ε 0.000414 max|ω| 8.267 (interp 8.272) ⟨ωSω⟩ 0.0431 (phys 0.0431) kmaxη 3.90 S -0.190 align 0.59/0.49/0.31 zgap 4.21  health FAIL (end FAIL)  ebal 3.0e-07 zbal 2.0e-07  0.07 h, ETA 0.67 h
[2026-08-23 18:06:43] t 2.004 step 407 dt 5.04e-03  E 0.069495 Z 0.4320 ε 0.000432 max|ω| 8.437 (interp 8.444) ⟨ωSω⟩ 0.0535 (phys 0.0535) kmaxη 3.86 S -0.221 align 0.61/0.48/0.30 zgap 3.97  health FAIL (end FAIL)  ebal 3.0e-07 zbal 2.0e-07  0.09 h, ETA 0.64 h
[2026-08-23 18:06:43] checkpoint written at t=2.0041
[2026-08-23 18:08:07] t 2.504 step 507 dt 4.98e-03  E 0.069275 Z 0.4496 ε 0.000450 max|ω| 8.787 (interp 8.798) ⟨ωSω⟩ 0.0579 (phys 0.0579) kmaxη 3.82 S -0.226 align 0.62/0.47/0.31 zgap 3.84  health FAIL (end FAIL)  ebal 3.0e-07 zbal 2.5e-07  0.11 h, ETA 0.62 h
[2026-08-23 18:09:29] t 3.000 step 607 dt 4.95e-03  E 0.069048 Z 0.4655 ε 0.000465 max|ω| 9.274 (interp 9.284) ⟨ωSω⟩ 0.0634 (phys 0.0634) kmaxη 3.79 S -0.234 align 0.62/0.46/0.32 zgap 3.80  health FAIL (end FAIL)  ebal 3.0e-07 zbal 2.5e-07  0.14 h, ETA 0.59 h
[2026-08-23 18:10:48] t 3.503 step 709 dt 4.91e-03  E 0.068810 Z 0.4795 ε 0.000480 max|ω| 9.100 (interp 9.101) ⟨ωSω⟩ 0.0673 (phys 0.0673) kmaxη 3.76 S -0.238 align 0.62/0.45/0.34 zgap 3.67  health FAIL (end FAIL)  ebal 3.0e-07 zbal 2.5e-07  0.16 h, ETA 0.57 h
[2026-08-23 18:12:08] t 4.000 step 811 dt 4.84e-03  E 0.068569 Z 0.4901 ε 0.000490 max|ω| 8.726 (interp 8.742) ⟨ωSω⟩ 0.0682 (phys 0.0682) kmaxη 3.74 S -0.233 align 0.62/0.44/0.36 zgap 3.58  health FAIL (end FAIL)  ebal 3.0e-07 zbal 2.5e-07  0.18 h, ETA 0.54 h
[2026-08-23 18:12:09] checkpoint written at t=4.0004
[2026-08-23 18:13:31] t 4.503 step 916 dt 4.74e-03  E 0.068320 Z 0.4974 ε 0.000497 max|ω| 8.686 (interp 8.693) ⟨ωSω⟩ 0.0707 (phys 0.0707) kmaxη 3.72 S -0.237 align 0.62/0.44/0.38 zgap 3.53  health FAIL (end FAIL)  ebal 3.1e-07 zbal 2.5e-07  0.20 h, ETA 0.52 h
[2026-08-23 18:14:55] t 5.004 step 1023 dt 4.62e-03  E 0.068070 Z 0.5029 ε 0.000503 max|ω| 8.759 (interp 8.771) ⟨ωSω⟩ 0.0733 (phys 0.0733) kmaxη 3.71 S -0.241 align 0.62/0.43/0.39 zgap 3.43  health FAIL (end FAIL)  ebal 3.1e-07 zbal 2.5e-07  0.23 h, ETA 0.50 h
[2026-08-23 18:16:11] t 5.502 step 1132 dt 4.53e-03  E 0.067818 Z 0.5073 ε 0.000507 max|ω| 9.170 (interp 9.174) ⟨ωSω⟩ 0.0754 (phys 0.0754) kmaxη 3.70 S -0.245 align 0.61/0.43/0.41 zgap 3.29  health FAIL (end FAIL)  ebal 3.1e-07 zbal 2.5e-07  0.25 h, ETA 0.48 h
[2026-08-23 18:17:36] t 6.002 step 1243 dt 4.47e-03  E 0.067563 Z 0.5123 ε 0.000512 max|ω| 9.482 (interp 9.485) ⟨ωSω⟩ 0.0806 (phys 0.0806) kmaxη 3.70 S -0.258 align 0.59/0.44/0.42 zgap 3.21  health FAIL (end FAIL)  ebal 3.1e-07 zbal 2.5e-07  0.27 h, ETA 0.45 h
[2026-08-23 18:17:36] checkpoint written at t=6.0020
[2026-08-23 18:19:19] t 6.502 step 1357 dt 4.29e-03  E 0.067305 Z 0.5207 ε 0.000521 max|ω| 11.041 (interp 11.081) ⟨ωSω⟩ 0.0912 (phys 0.0912) kmaxη 3.68 S -0.285 align 0.58/0.44/0.42 zgap 3.08  health FAIL (end FAIL)  ebal 3.1e-07 zbal 2.5e-07  0.30 h, ETA 0.44 h
[2026-08-23 18:21:17] t 7.002 step 1477 dt 4.05e-03  E 0.067041 Z 0.5370 ε 0.000537 max|ω| 15.063 (interp 15.112) ⟨ωSω⟩ 0.1174 (phys 0.1174) kmaxη 3.65 S -0.350 align 0.57/0.45/0.43 zgap 2.92  health FAIL (end FAIL)  ebal 3.1e-07 zbal 2.5e-07  0.33 h, ETA 0.43 h
[2026-08-23 18:23:30] t 7.503 step 1603 dt 3.95e-03  E 0.066764 Z 0.5752 ε 0.000575 max|ω| 26.834 (interp 27.292) ⟨ωSω⟩ 0.2127 (phys 0.2127) kmaxη 3.59 S -0.572 align 0.56/0.46/0.43 zgap 2.84  health FAIL (end FAIL)  ebal 3.1e-07 zbal 2.5e-07  0.37 h, ETA 0.42 h
[2026-08-23 18:25:52] t 8.000 step 1725 dt 4.24e-03  E 0.066459 Z 0.6629 ε 0.000663 max|ω| 57.046 (interp 60.764) ⟨ωSω⟩ 0.5327 (phys 0.5327) kmaxη 3.46 S -1.159 align 0.55/0.46/0.44 zgap 2.75  health FAIL (end FAIL)  ebal 3.1e-07 zbal 2.5e-07  0.41 h, ETA 0.41 h
[2026-08-23 18:25:53] checkpoint written at t=8.0005
[2026-08-23 18:27:56] t 8.500 step 1837 dt 4.71e-03  E 0.066094 Z 0.7935 ε 0.000793 max|ω| 111.790 (interp 114.824) ⟨ωSω⟩ 1.1052 (phys 1.1052) kmaxη 3.31 S -1.835 align 0.53/0.48/0.45 zgap 3.27  health FAIL (end FAIL)  ebal 3.1e-07 zbal 2.7e-07  0.44 h, ETA 0.39 h
[2026-08-23 18:29:17] t 9.003 step 1940 dt 4.64e-03  E 0.065690 Z 0.7809 ε 0.000781 max|ω| 78.014 (interp 80.952) ⟨ωSω⟩ 0.8712 (phys 0.8713) kmaxη 3.33 S -1.482 align 0.51/0.50/0.45 zgap 3.23  health FAIL (end FAIL)  ebal 3.1e-07 zbal 8.0e-07  0.47 h, ETA 0.36 h
[2026-08-23 18:30:27] t 9.503 step 2050 dt 4.57e-03  E 0.065313 Z 0.7493 ε 0.000749 max|ω| 82.327 (interp 97.740) ⟨ωSω⟩ 0.9239 (phys 0.9240) kmaxη 3.36 S -1.672 align 0.50/0.52/0.45 zgap 3.25  health FAIL (end FAIL)  ebal 3.1e-07 zbal 1.1e-06  0.49 h, ETA 0.33 h
[2026-08-23 18:31:35] t 10.001 step 2157 dt 4.55e-03  E 0.064942 Z 0.7363 ε 0.000736 max|ω| 77.022 (interp 85.807) ⟨ωSω⟩ 0.9090 (phys 0.9090) kmaxη 3.38 S -1.689 align 0.48/0.54/0.45 zgap 3.19  health FAIL (end FAIL)  ebal 3.1e-07 zbal 1.1e-06  0.51 h, ETA 0.30 h
[2026-08-23 18:31:36] checkpoint written at t=10.0011
[2026-08-23 18:32:46] t 10.503 step 2266 dt 4.75e-03  E 0.064584 Z 0.6874 ε 0.000687 max|ω| 66.105 (interp 67.807) ⟨ωSω⟩ 0.6700 (phys 0.6700) kmaxη 3.43 S -1.380 align 0.47/0.56/0.44 zgap 2.92  health FAIL (end FAIL)  ebal 3.1e-07 zbal 1.1e-06  0.53 h, ETA 0.27 h
[2026-08-23 18:33:55] t 11.002 step 2372 dt 4.73e-03  E 0.064252 Z 0.6478 ε 0.000648 max|ω| 64.676 (interp 70.896) ⟨ωSω⟩ 0.5710 (phys 0.5710) kmaxη 3.49 S -1.285 align 0.46/0.57/0.44 zgap 2.60  health FAIL (end FAIL)  ebal 3.1e-07 zbal 1.1e-06  0.54 h, ETA 0.25 h
[2026-08-23 18:35:03] t 11.505 step 2476 dt 4.92e-03  E 0.063932 Z 0.6259 ε 0.000626 max|ω| 48.589 (interp 49.778) ⟨ωSω⟩ 0.5152 (phys 0.5152) kmaxη 3.52 S -1.221 align 0.45/0.58/0.43 zgap 2.29  health FAIL (end FAIL)  ebal 3.1e-07 zbal 1.1e-06  0.56 h, ETA 0.22 h
[2026-08-23 18:36:07] t 12.003 step 2576 dt 5.26e-03  E 0.063625 Z 0.6100 ε 0.000610 max|ω| 46.291 (interp 47.542) ⟨ωSω⟩ 0.4447 (phys 0.4447) kmaxη 3.54 S -1.096 align 0.44/0.58/0.43 zgap 2.18  health FAIL (end FAIL)  ebal 3.1e-07 zbal 1.1e-06  0.58 h, ETA 0.19 h
[2026-08-23 18:36:08] checkpoint written at t=12.0031
[2026-08-23 18:37:14] t 12.505 step 2673 dt 5.29e-03  E 0.063320 Z 0.6049 ε 0.000605 max|ω| 40.433 (interp 40.652) ⟨ωSω⟩ 0.3933 (phys 0.3933) kmaxη 3.55 S -0.981 align 0.43/0.59/0.42 zgap 1.99  health FAIL (end FAIL)  ebal 3.1e-07 zbal 1.1e-06  0.60 h, ETA 0.17 h
[2026-08-23 18:38:14] t 13.001 step 2764 dt 5.42e-03  E 0.063021 Z 0.5990 ε 0.000599 max|ω| 37.730 (interp 38.064) ⟨ωSω⟩ 0.3245 (phys 0.3245) kmaxη 3.55 S -0.821 align 0.43/0.59/0.42 zgap 1.92  health FAIL (end FAIL)  ebal 3.1e-07 zbal 1.1e-06  0.62 h, ETA 0.14 h
[2026-08-23 18:39:16] t 13.505 step 2854 dt 5.93e-03  E 0.062722 Z 0.5840 ε 0.000584 max|ω| 32.859 (interp 32.940) ⟨ωSω⟩ 0.2450 (phys 0.2450) kmaxη 3.58 S -0.644 align 0.44/0.59/0.42 zgap 1.90  health FAIL (end FAIL)  ebal 3.1e-07 zbal 1.1e-06  0.63 h, ETA 0.12 h
[2026-08-23 18:40:14] t 14.001 step 2939 dt 5.92e-03  E 0.062435 Z 0.5803 ε 0.000580 max|ω| 28.645 (interp 28.877) ⟨ωSω⟩ 0.2239 (phys 0.2239) kmaxη 3.58 S -0.595 align 0.46/0.59/0.41 zgap 1.83  health FAIL (end FAIL)  ebal 3.1e-07 zbal 1.1e-06  0.65 h, ETA 0.09 h
[2026-08-23 18:40:14] checkpoint written at t=14.0006
[2026-08-23 18:41:12] t 14.504 step 3023 dt 6.13e-03  E 0.062142 Z 0.5834 ε 0.000583 max|ω| 24.693 (interp 25.063) ⟨ωSω⟩ 0.2052 (phys 0.2052) kmaxη 3.58 S -0.540 align 0.47/0.59/0.40 zgap 1.68  health FAIL (end FAIL)  ebal 3.1e-07 zbal 1.1e-06  0.67 h, ETA 0.07 h
