[2026-08-24 18:40:29] NSLab GPU 0.1.2 (app 0.5.1) — tubes N=160³ Re=707 tEnd=16.0 cfl=0.4 dt=adaptive snap=0.5 ckpt=2.0  device NVIDIA GeForce RTX 3060 Laptop GPU  float32
[2026-08-24 18:40:30] solver ready in 0.7 s, device memory 1.72 GB, kc 53, E0 0.07031045854091644, Z0 0.40027010440826416
[2026-08-24 18:40:33] t 0.000 step 0 dt 0.00e+00  E 0.070310 Z 0.4003 ε 0.001132 max|ω| 8.036 (interp 8.037) ⟨ωSω⟩ -0.0000 (phys 0.0000) kmaxη 3.65 S 0.000 align 0.45/0.53/0.45 zgap 5.07  health WARN (end WARN)  ebal 0.0e+00 zbal 0.0e+00  0.00 h, ETA 1120.27 h
[2026-08-24 18:40:46] t 0.507 step 63 dt 8.53e-03  E 0.069742 Z 0.3932 ε 0.001112 max|ω| 7.871 (interp 7.877) ⟨ωSω⟩ 0.0029 (phys 0.0029) kmaxη 3.67 S -0.014 align 0.52/0.52/0.37 zgap 4.91  health FAIL (end FAIL)  ebal 2.1e-07 zbal 1.8e-07  0.00 h, ETA 0.15 h
[2026-08-24 18:40:56] t 1.002 step 118 dt 9.39e-03  E 0.069193 Z 0.3905 ε 0.001105 max|ω| 7.811 (interp 7.833) ⟨ωSω⟩ 0.0206 (phys 0.0206) kmaxη 3.67 S -0.099 align 0.56/0.51/0.33 zgap 4.56  health FAIL (end FAIL)  ebal 2.5e-07 zbal 2.0e-07  0.01 h, ETA 0.11 h
[2026-08-24 18:41:05] t 1.506 step 171 dt 9.47e-03  E 0.068635 Z 0.3954 ε 0.001118 max|ω| 7.946 (interp 7.948) ⟨ωSω⟩ 0.0370 (phys 0.0370) kmaxη 3.66 S -0.175 align 0.59/0.49/0.31 zgap 4.20  health FAIL (end FAIL)  ebal 2.5e-07 zbal 2.0e-07  0.01 h, ETA 0.10 h
[2026-08-24 18:41:15] t 2.002 step 224 dt 9.27e-03  E 0.068074 Z 0.4024 ε 0.001138 max|ω| 8.021 (interp 8.026) ⟨ωSω⟩ 0.0432 (phys 0.0432) kmaxη 3.65 S -0.199 align 0.61/0.48/0.30 zgap 3.97  health FAIL (end FAIL)  ebal 2.5e-07 zbal 2.4e-07  0.01 h, ETA 0.09 h
[2026-08-24 18:41:15] checkpoint written at t=2.0020
[2026-08-24 18:41:24] t 2.508 step 279 dt 9.16e-03  E 0.067495 Z 0.4067 ε 0.001150 max|ω| 8.132 (interp 8.166) ⟨ωSω⟩ 0.0427 (phys 0.0427) kmaxη 3.64 S -0.193 align 0.61/0.47/0.31 zgap 3.85  health FAIL (end FAIL)  ebal 2.5e-07 zbal 2.4e-07  0.02 h, ETA 0.08 h
[2026-08-24 18:41:37] t 3.002 step 333 dt 9.14e-03  E 0.066926 Z 0.4076 ε 0.001153 max|ω| 8.477 (interp 8.488) ⟨ωSω⟩ 0.0430 (phys 0.0430) kmaxη 3.63 S -0.194 align 0.62/0.46/0.32 zgap 3.77  health FAIL (end FAIL)  ebal 2.5e-07 zbal 2.4e-07  0.02 h, ETA 0.08 h
[2026-08-24 18:41:46] t 3.503 step 388 dt 9.10e-03  E 0.066348 Z 0.4064 ε 0.001150 max|ω| 8.489 (interp 8.517) ⟨ωSω⟩ 0.0428 (phys 0.0428) kmaxη 3.64 S -0.194 align 0.62/0.46/0.34 zgap 3.69  health FAIL (end FAIL)  ebal 2.5e-07 zbal 2.4e-07  0.02 h, ETA 0.08 h
[2026-08-24 18:41:55] t 4.002 step 443 dt 9.01e-03  E 0.065777 Z 0.4035 ε 0.001141 max|ω| 8.023 (interp 8.024) ⟨ωSω⟩ 0.0411 (phys 0.0411) kmaxη 3.64 S -0.188 align 0.62/0.45/0.35 zgap 3.57  health FAIL (end FAIL)  ebal 2.5e-07 zbal 2.4e-07  0.02 h, ETA 0.07 h
[2026-08-24 18:41:55] checkpoint written at t=4.0015
[2026-08-24 18:42:05] t 4.504 step 499 dt 8.91e-03  E 0.065207 Z 0.3995 ε 0.001130 max|ω| 7.630 (interp 7.657) ⟨ωSω⟩ 0.0400 (phys 0.0400) kmaxη 3.65 S -0.186 align 0.61/0.44/0.37 zgap 3.50  health FAIL (end FAIL)  ebal 2.5e-07 zbal 2.4e-07  0.03 h, ETA 0.07 h
[2026-08-24 18:42:14] t 5.008 step 556 dt 8.79e-03  E 0.064639 Z 0.3960 ε 0.001120 max|ω| 7.574 (interp 7.579) ⟨ωSω⟩ 0.0407 (phys 0.0407) kmaxη 3.66 S -0.191 align 0.61/0.44/0.38 zgap 3.38  health FAIL (end FAIL)  ebal 2.6e-07 zbal 2.4e-07  0.03 h, ETA 0.06 h
[2026-08-24 18:42:24] t 5.506 step 613 dt 8.68e-03  E 0.064084 Z 0.3935 ε 0.001113 max|ω| 7.572 (interp 7.586) ⟨ωSω⟩ 0.0418 (phys 0.0418) kmaxη 3.67 S -0.199 align 0.60/0.44/0.39 zgap 3.30  health FAIL (end FAIL)  ebal 2.6e-07 zbal 2.4e-07  0.03 h, ETA 0.06 h
[2026-08-24 18:42:33] t 6.007 step 671 dt 8.61e-03  E 0.063527 Z 0.3922 ε 0.001110 max|ω| 7.714 (interp 7.720) ⟨ωSω⟩ 0.0436 (phys 0.0436) kmaxη 3.67 S -0.209 align 0.59/0.44/0.40 zgap 3.18  health FAIL (end FAIL)  ebal 2.6e-07 zbal 2.4e-07  0.03 h, ETA 0.06 h
[2026-08-24 18:42:33] checkpoint written at t=6.0073
[2026-08-24 18:42:42] t 6.505 step 729 dt 8.55e-03  E 0.062974 Z 0.3927 ε 0.001111 max|ω| 8.192 (interp 8.229) ⟨ωSω⟩ 0.0481 (phys 0.0481) kmaxη 3.67 S -0.229 align 0.58/0.45/0.41 zgap 3.10  health FAIL (end FAIL)  ebal 2.6e-07 zbal 2.4e-07  0.04 h, ETA 0.05 h
[2026-08-24 18:42:58] t 7.006 step 788 dt 8.38e-03  E 0.062416 Z 0.3963 ε 0.001121 max|ω| 9.858 (interp 10.008) ⟨ωSω⟩ 0.0573 (phys 0.0573) kmaxη 3.66 S -0.270 align 0.57/0.45/0.42 zgap 2.98  health FAIL (end FAIL)  ebal 2.6e-07 zbal 2.4e-07  0.04 h, ETA 0.05 h
[2026-08-24 18:43:22] t 7.502 step 848 dt 8.20e-03  E 0.061855 Z 0.4049 ε 0.001146 max|ω| 13.100 (interp 13.237) ⟨ωSω⟩ 0.0769 (phys 0.0769) kmaxη 3.64 S -0.350 align 0.55/0.46/0.43 zgap 2.91  health FAIL (end FAIL)  ebal 2.6e-07 zbal 2.4e-07  0.05 h, ETA 0.05 h
[2026-08-24 18:43:47] t 8.006 step 909 dt 8.43e-03  E 0.061267 Z 0.4206 ε 0.001190 max|ω| 18.669 (interp 19.231) ⟨ωSω⟩ 0.1187 (phys 0.1187) kmaxη 3.61 S -0.511 align 0.54/0.46/0.44 zgap 2.83  health FAIL (end FAIL)  ebal 2.6e-07 zbal 2.4e-07  0.05 h, ETA 0.05 h
[2026-08-24 18:43:47] checkpoint written at t=8.0060
[2026-08-24 18:44:07] t 8.502 step 966 dt 8.99e-03  E 0.060665 Z 0.4381 ε 0.001239 max|ω| 26.789 (interp 27.363) ⟨ωSω⟩ 0.1834 (phys 0.1834) kmaxη 3.57 S -0.742 align 0.53/0.47/0.44 zgap 2.79  health FAIL (end FAIL)  ebal 2.6e-07 zbal 2.4e-07  0.06 h, ETA 0.05 h
[2026-08-24 18:44:28] t 9.007 step 1020 dt 9.80e-03  E 0.060025 Z 0.4548 ε 0.001287 max|ω| 33.454 (interp 33.738) ⟨ωSω⟩ 0.2850 (phys 0.2850) kmaxη 3.54 S -1.091 align 0.51/0.49/0.44 zgap 2.79  health FAIL (end FAIL)  ebal 3.0e-07 zbal 2.4e-07  0.07 h, ETA 0.05 h
[2026-08-24 18:44:38] t 9.500 step 1068 dt 1.07e-02  E 0.059395 Z 0.4417 ε 0.001249 max|ω| 36.385 (interp 39.061) ⟨ωSω⟩ 0.2739 (phys 0.2739) kmaxη 3.56 S -1.095 align 0.50/0.51/0.44 zgap 3.50  health FAIL (end FAIL)  ebal 3.0e-07 zbal 2.4e-07  0.07 h, ETA 0.05 h
[2026-08-24 18:44:47] t 10.008 step 1116 dt 1.01e-02  E 0.058785 Z 0.4060 ε 0.001149 max|ω| 30.459 (interp 32.547) ⟨ωSω⟩ 0.2031 (phys 0.2031) kmaxη 3.64 S -0.922 align 0.49/0.54/0.43 zgap 3.34  health FAIL (end FAIL)  ebal 3.0e-07 zbal 2.4e-07  0.07 h, ETA 0.04 h
[2026-08-24 18:44:47] checkpoint written at t=10.0079
[2026-08-24 18:44:57] t 10.504 step 1163 dt 1.10e-02  E 0.058245 Z 0.3653 ε 0.001033 max|ω| 23.157 (interp 25.092) ⟨ωSω⟩ 0.1318 (phys 0.1318) kmaxη 3.73 S -0.700 align 0.48/0.56/0.43 zgap 2.67  health FAIL (end FAIL)  ebal 3.0e-07 zbal 2.4e-07  0.07 h, ETA 0.04 h
[2026-08-24 18:45:05] t 11.007 step 1209 dt 1.08e-02  E 0.057745 Z 0.3404 ε 0.000963 max|ω| 19.528 (interp 20.373) ⟨ωSω⟩ 0.0997 (phys 0.0997) kmaxη 3.80 S -0.589 align 0.46/0.58/0.42 zgap 2.36  health FAIL (end FAIL)  ebal 3.0e-07 zbal 2.4e-07  0.08 h, ETA 0.03 h
[2026-08-24 18:45:13] t 11.509 step 1256 dt 1.09e-02  E 0.057272 Z 0.3260 ε 0.000922 max|ω| 21.877 (interp 22.790) ⟨ωSω⟩ 0.0856 (phys 0.0856) kmaxη 3.84 S -0.540 align 0.45/0.59/0.42 zgap 2.32  health FAIL (end FAIL)  ebal 3.0e-07 zbal 2.4e-07  0.08 h, ETA 0.03 h
[2026-08-24 18:45:21] t 12.005 step 1301 dt 1.11e-02  E 0.056823 Z 0.3149 ε 0.000891 max|ω| 17.110 (interp 17.493) ⟨ωSω⟩ 0.0719 (phys 0.0719) kmaxη 3.88 S -0.477 align 0.43/0.60/0.41 zgap 2.00  health FAIL (end FAIL)  ebal 3.0e-07 zbal 2.4e-07  0.08 h, ETA 0.03 h
[2026-08-24 18:45:21] checkpoint written at t=12.0048
[2026-08-24 18:45:28] t 12.502 step 1345 dt 1.15e-02  E 0.056386 Z 0.3081 ε 0.000871 max|ω| 14.353 (interp 14.464) ⟨ωSω⟩ 0.0675 (phys 0.0675) kmaxη 3.90 S -0.463 align 0.42/0.60/0.41 zgap 2.04  health FAIL (end FAIL)  ebal 3.0e-07 zbal 2.4e-07  0.08 h, ETA 0.02 h
[2026-08-24 18:45:35] t 13.004 step 1388 dt 1.17e-02  E 0.055951 Z 0.3049 ε 0.000862 max|ω| 11.452 (interp 11.520) ⟨ωSω⟩ 0.0653 (phys 0.0653) kmaxη 3.91 S -0.455 align 0.41/0.61/0.41 zgap 2.59  health FAIL (end FAIL)  ebal 3.0e-07 zbal 2.4e-07  0.09 h, ETA 0.02 h
[2026-08-24 18:45:43] t 13.505 step 1430 dt 1.21e-02  E 0.055520 Z 0.3031 ε 0.000857 max|ω| 10.331 (interp 10.500) ⟨ωSω⟩ 0.0623 (phys 0.0623) kmaxη 3.91 S -0.438 align 0.41/0.61/0.40 zgap 2.75  health FAIL (end FAIL)  ebal 3.0e-07 zbal 2.4e-07  0.09 h, ETA 0.02 h
[2026-08-24 18:45:50] t 14.001 step 1471 dt 1.21e-02  E 0.055095 Z 0.3027 ε 0.000856 max|ω| 10.060 (interp 10.143) ⟨ωSω⟩ 0.0608 (phys 0.0608) kmaxη 3.91 S -0.428 align 0.42/0.61/0.40 zgap 2.91  health FAIL (end FAIL)  ebal 3.0e-07 zbal 2.7e-07  0.09 h, ETA 0.01 h
[2026-08-24 18:45:50] checkpoint written at t=14.0011
[2026-08-24 18:45:57] t 14.502 step 1512 dt 1.23e-02  E 0.054665 Z 0.3044 ε 0.000861 max|ω| 9.721 (interp 9.799) ⟨ωSω⟩ 0.0611 (phys 0.0611) kmaxη 3.91 S -0.427 align 0.44/0.61/0.39 zgap 2.87  health FAIL (end FAIL)  ebal 3.0e-07 zbal 2.7e-07  0.09 h, ETA 0.01 h
[2026-08-24 18:46:04] t 15.011 step 1553 dt 1.25e-02  E 0.054224 Z 0.3084 ε 0.000872 max|ω| 9.394 (interp 9.430) ⟨ωSω⟩ 0.0622 (phys 0.0622) kmaxη 3.90 S -0.426 align 0.46/0.60/0.39 zgap 2.79  health FAIL (end FAIL)  ebal 3.0e-07 zbal 2.7e-07  0.09 h, ETA 0.01 h
[2026-08-24 18:46:11] t 15.503 step 1592 dt 1.27e-02  E 0.053791 Z 0.3143 ε 0.000889 max|ω| 8.892 (interp 8.928) ⟨ωSω⟩ 0.0637 (phys 0.0637) kmaxη 3.88 S -0.424 align 0.47/0.60/0.38 zgap 2.63  health FAIL (end FAIL)  ebal 3.0e-07 zbal 2.7e-07  0.10 h, ETA 0.00 h
[2026-08-24 18:46:21] t 16.002 step 1631 dt 1.29e-02  E 0.053342 Z 0.3218 ε 0.000910 max|ω| 9.898 (interp 9.902) ⟨ωSω⟩ 0.0643 (phys 0.0643) kmaxη 3.85 S -0.414 align 0.48/0.60/0.37 zgap 2.55  health FAIL (end FAIL)  ebal 3.0e-07 zbal 2.7e-07  0.10 h, ETA -0.00 h
[2026-08-24 18:46:21] checkpoint written at t=16.0021
[2026-08-24 18:46:21] DONE: ε_max 0.001289 at t 9.106; max|ω| peak 36.385 at t 9.500; interpolated peak 39.061 at t 9.500; E(16) 0.053342; health FAIL; 0.10 h
