[2026-08-22 19:08:39] NSLab 0.1.0 (app 0.5.0) — tgv N=192³ Re=1600 tEnd=16 cfl=0.4 snap=0.5 ckpt=2  node v24.18.0
[2026-08-22 19:08:42] solver ready in 2.7 s, rss 0.96 GB, kc 64, E0 0.12499999999999997, Z0 0.3749999999999999
[2026-08-22 19:08:48] t 0.000 step 0 dt 0.00e+0  E 0.125000 Z 0.3750 ε 0.000469 max|ω| 2.000 ⟨ωSω⟩ -0.0000 (phys 0.0000) kmaxη 2.98 S 0.000 align 0.43/0.60/0.43  health PASS  ebal 0.0e+0 zbal 0.0e+0  0.00 h, ETA 2520.56 h
[2026-08-22 19:14:04] t 0.513 step 39 dt 1.33e-2  E 0.124758 Z 0.3847 ε 0.000481 max|ω| 1.873 ⟨ωSω⟩ 0.0415 (phys 0.0415) kmaxη 2.96 S -0.204 align 0.54/0.56/0.31  health PASS  ebal 1.3e-14 zbal 4.1e-13  0.09 h, ETA 2.73 h
[2026-08-22 19:19:00] t 1.010 step 76 dt 1.36e-2  E 0.124510 Z 0.4159 ε 0.000520 max|ω| 1.569 ⟨ωSω⟩ 0.0896 (phys 0.0896) kmaxη 2.90 S -0.392 align 0.60/0.53/0.21  health PASS  ebal 3.3e-14 zbal 1.1e-12  0.17 h, ETA 2.56 h
[2026-08-22 19:23:47] t 1.508 step 112 dt 1.40e-2  E 0.124235 Z 0.4741 ε 0.000593 max|ω| 1.410 ⟨ωSω⟩ 0.1523 (phys 0.1523) kmaxη 2.81 S -0.548 align 0.62/0.49/0.20  health PASS  ebal 1.3e-13 zbal 2.5e-12  0.25 h, ETA 2.42 h
[2026-08-22 19:28:42] t 2.013 step 148 dt 1.40e-2  E 0.123908 Z 0.5690 ε 0.000711 max|ω| 1.874 ⟨ωSω⟩ 0.2371 (phys 0.2371) kmaxη 2.68 S -0.648 align 0.60/0.46/0.25  health PASS  ebal 1.8e-13 zbal 4.8e-12  0.33 h, ETA 2.32 h
[2026-08-22 19:28:42] checkpoint written at t=2.0128
[2026-08-22 19:33:23] t 2.502 step 183 dt 1.39e-2  E 0.123520 Z 0.7055 ε 0.000882 max|ω| 2.548 ⟨ωSω⟩ 0.3466 (phys 0.3466) kmaxη 2.54 S -0.687 align 0.51/0.52/0.30  health PASS  ebal 2.2e-13 zbal 9.1e-12  0.41 h, ETA 2.22 h
[2026-08-22 19:38:10] t 3.003 step 219 dt 1.38e-2  E 0.123021 Z 0.9025 ε 0.001128 max|ω| 3.622 ⟨ωSω⟩ 0.5014 (phys 0.5014) kmaxη 2.39 S -0.686 align 0.41/0.60/0.34  health PASS  ebal 2.4e-13 zbal 2.0e-11  0.49 h, ETA 2.13 h
[2026-08-22 19:43:05] t 3.511 step 256 dt 1.35e-2  E 0.122363 Z 1.1891 ε 0.001486 max|ω| 6.292 ⟨ωSω⟩ 0.7928 (phys 0.7928) kmaxη 2.23 S -0.718 align 0.35/0.65/0.38  health PASS  ebal 5.9e-13 zbal 3.1e-11  0.57 h, ETA 2.04 h
[2026-08-22 19:48:07] t 4.012 step 294 dt 1.30e-2  E 0.121482 Z 1.6684 ε 0.002086 max|ω| 14.062 ⟨ωSω⟩ 1.6742 (phys 1.6742) kmaxη 2.05 S -0.912 align 0.35/0.65/0.42  health PASS  ebal 1.1e-11 zbal 8.1e-10  0.66 h, ETA 1.97 h
[2026-08-22 19:48:07] checkpoint written at t=4.0124
[2026-08-22 19:53:42] t 4.510 step 336 dt 1.08e-2  E 0.120211 Z 2.4663 ε 0.003083 max|ω| 23.081 ⟨ωSω⟩ 3.0342 (phys 3.0342) kmaxη 1.86 S -0.919 align 0.37/0.63/0.44  health PASS  ebal 3.6e-11 zbal 2.7e-9  0.75 h, ETA 1.91 h
[2026-08-22 20:00:07] t 5.010 step 383 dt 1.14e-2  E 0.118392 Z 3.3258 ε 0.004157 max|ω| 21.052 ⟨ωSω⟩ 3.5367 (phys 3.5368) kmaxη 1.73 S -0.684 align 0.40/0.62/0.43  health PASS  ebal 4.6e-11 zbal 5.3e-9  0.86 h, ETA 1.88 h
[2026-08-22 20:05:33] t 5.510 step 424 dt 1.25e-2  E 0.116114 Z 3.9178 ε 0.004897 max|ω| 25.053 ⟨ωSω⟩ 3.5422 (phys 3.5422) kmaxη 1.66 S -0.536 align 0.38/0.64/0.41  health PASS  ebal 8.0e-11 zbal 7.5e-9  0.95 h, ETA 1.81 h
[2026-08-22 20:11:12] t 6.007 step 467 dt 1.09e-2  E 0.113517 Z 4.4826 ε 0.005603 max|ω| 24.926 ⟨ωSω⟩ 4.3760 (phys 4.3760) kmaxη 1.60 S -0.541 align 0.37/0.67/0.39  health PASS  ebal 1.3e-10 zbal 8.1e-9  1.04 h, ETA 1.73 h
[2026-08-22 20:11:12] checkpoint written at t=6.0073
[2026-08-22 20:17:07] t 6.503 step 511 dt 1.12e-2  E 0.110487 Z 5.3589 ε 0.006699 max|ω| 48.139 ⟨ωSω⟩ 6.8180 (phys 6.8180) kmaxη 1.53 S -0.645 align 0.38/0.66/0.39  health WARN  ebal 2.5e-10 zbal 1.4e-8  1.14 h, ETA 1.67 h
[2026-08-22 20:23:37] t 7.004 step 560 dt 9.46e-3  E 0.106897 Z 6.0012 ε 0.007502 max|ω| 33.839 ⟨ωSω⟩ 7.2768 (phys 7.2770) kmaxη 1.49 S -0.581 align 0.40/0.65/0.38  health WARN  ebal 2.5e-10 zbal 2.3e-8  1.25 h, ETA 1.60 h
[2026-08-22 20:30:56] t 7.508 step 614 dt 9.77e-3  E 0.102815 Z 7.0892 ε 0.008862 max|ω| 41.463 ⟨ωSω⟩ 10.1883 (phys 10.1890) kmaxη 1.43 S -0.634 align 0.40/0.64/0.38  health WARN  ebal 3.0e-10 zbal 2.3e-8  1.37 h, ETA 1.55 h
[2026-08-22 20:37:57] t 8.007 step 664 dt 8.94e-3  E 0.097987 Z 8.4181 ε 0.010523 max|ω| 45.890 ⟨ωSω⟩ 13.2114 (phys 13.2107) kmaxη 1.37 S -0.635 align 0.42/0.63/0.38  health WARN  ebal 1.0e-9 zbal 6.1e-8  1.49 h, ETA 1.49 h
[2026-08-22 20:37:57] checkpoint written at t=8.0071
[2026-08-22 20:46:09] t 8.509 step 720 dt 9.91e-3  E 0.092266 Z 9.8141 ε 0.012268 max|ω| 45.548 ⟨ωSω⟩ 17.4298 (phys 17.4299) kmaxη 1.32 S -0.665 align 0.44/0.62/0.38  health WARN  ebal 2.0e-9 zbal 1.0e-7  1.63 h, ETA 1.43 h
[2026-08-22 20:53:20] t 9.002 step 769 dt 1.03e-2  E 0.085917 Z 10.3553 ε 0.012944 max|ω| 45.118 ⟨ωSω⟩ 17.2898 (phys 17.2889) kmaxη 1.30 S -0.609 align 0.43/0.63/0.38  health WARN  ebal 5.5e-9 zbal 3.5e-7  1.74 h, ETA 1.36 h
[2026-08-22 20:59:39] t 9.503 step 815 dt 1.18e-2  E 0.079714 Z 9.5294 ε 0.011912 max|ω| 37.476 ⟨ωSω⟩ 15.1582 (phys 15.1577) kmaxη 1.33 S -0.605 align 0.43/0.63/0.38  health WARN  ebal 5.5e-9 zbal 3.5e-7  1.85 h, ETA 1.26 h
[2026-08-22 21:05:37] t 10.008 step 854 dt 1.38e-2  E 0.073808 Z 9.1527 ε 0.011441 max|ω| 46.049 ⟨ωSω⟩ 13.7844 (phys 13.7845) kmaxη 1.34 S -0.584 align 0.44/0.63/0.37  health WARN  ebal 8.2e-9 zbal 6.0e-7  1.95 h, ETA 1.17 h
[2026-08-22 21:05:38] checkpoint written at t=10.0084
[2026-08-22 21:12:42] t 10.502 step 889 dt 1.45e-2  E 0.068283 Z 8.7462 ε 0.010933 max|ω| 37.729 ⟨ωSω⟩ 12.9910 (phys 12.9899) kmaxη 1.36 S -0.589 align 0.44/0.64/0.37  health WARN  ebal 8.2e-9 zbal 6.0e-7  2.07 h, ETA 1.08 h
[2026-08-22 21:19:35] t 11.004 step 924 dt 1.47e-2  E 0.062970 Z 8.2103 ε 0.010263 max|ω| 44.566 ⟨ωSω⟩ 11.9626 (phys 11.9631) kmaxη 1.38 S -0.597 align 0.46/0.64/0.36  health WARN  ebal 8.2e-9 zbal 6.0e-7  2.18 h, ETA 0.99 h
[2026-08-22 21:26:12] t 11.507 step 959 dt 1.36e-2  E 0.057967 Z 7.6385 ε 0.009548 max|ω| 34.159 ⟨ωSω⟩ 10.0130 (phys 10.0130) kmaxη 1.40 S -0.557 align 0.46/0.63/0.35  health WARN  ebal 8.2e-9 zbal 6.0e-7  2.29 h, ETA 0.90 h
[2026-08-22 21:38:13] t 12.001 step 995 dt 1.22e-2  E 0.053481 Z 6.8433 ε 0.008554 max|ω| 37.142 ⟨ωSω⟩ 8.3065 (phys 8.3061) kmaxη 1.44 S -0.545 align 0.46/0.64/0.35  health WARN  ebal 8.2e-9 zbal 6.0e-7  2.49 h, ETA 0.83 h
[2026-08-22 21:38:14] checkpoint written at t=12.0015
[2026-08-22 21:47:47] t 12.503 step 1032 dt 1.57e-2  E 0.049430 Z 6.0794 ε 0.007599 max|ω| 36.495 ⟨ωSω⟩ 6.8729 (phys 6.8728) kmaxη 1.48 S -0.538 align 0.47/0.64/0.34  health WARN  ebal 8.2e-9 zbal 6.0e-7  2.65 h, ETA 0.74 h
[2026-08-22 21:53:37] t 13.003 step 1063 dt 1.66e-2  E 0.045849 Z 5.4107 ε 0.006763 max|ω| 37.597 ⟨ωSω⟩ 5.7930 (phys 5.7932) kmaxη 1.53 S -0.540 align 0.46/0.65/0.33  health WARN  ebal 8.2e-9 zbal 6.0e-7  2.75 h, ETA 0.63 h
[2026-08-22 21:58:52] t 13.506 step 1094 dt 1.57e-2  E 0.042635 Z 4.8350 ε 0.006044 max|ω| 30.690 ⟨ωSω⟩ 4.8740 (phys 4.8739) kmaxη 1.57 S -0.538 align 0.47/0.64/0.34  health WARN  ebal 8.2e-9 zbal 6.0e-7  2.84 h, ETA 0.52 h
[2026-08-22 22:03:34] t 14.006 step 1125 dt 1.75e-2  E 0.039770 Z 4.3368 ε 0.005421 max|ω| 25.183 ⟨ωSω⟩ 4.0345 (phys 4.0345) kmaxη 1.61 S -0.524 align 0.47/0.63/0.35  health WARN  ebal 8.2e-9 zbal 6.0e-7  2.92 h, ETA 0.42 h
[2026-08-22 22:03:34] checkpoint written at t=14.0056
[2026-08-22 22:07:39] t 14.501 step 1151 dt 1.97e-2  E 0.037211 Z 3.9556 ε 0.004945 max|ω| 24.906 ⟨ωSω⟩ 3.6810 (phys 3.6810) kmaxη 1.65 S -0.549 align 0.47/0.63/0.35  health WARN  ebal 8.2e-9 zbal 6.0e-7  2.98 h, ETA 0.31 h
[2026-08-22 22:13:13] t 15.013 step 1178 dt 1.97e-2  E 0.034771 Z 3.6651 ε 0.004581 max|ω| 27.317 ⟨ωSω⟩ 3.3217 (phys 3.3217) kmaxη 1.68 S -0.556 align 0.47/0.63/0.35  health WARN  ebal 8.2e-9 zbal 6.0e-7  3.08 h, ETA 0.20 h
[2026-08-22 22:18:06] t 15.518 step 1203 dt 2.00e-2  E 0.032572 Z 3.2933 ε 0.004117 max|ω| 24.201 ⟨ωSω⟩ 2.6994 (phys 2.6994) kmaxη 1.73 S -0.530 align 0.47/0.64/0.34  health WARN  ebal 8.2e-9 zbal 6.0e-7  3.16 h, ETA 0.10 h
[2026-08-22 22:22:15] t 16.012 step 1228 dt 2.05e-2  E 0.030660 Z 2.9109 ε 0.003639 max|ω| 17.039 ⟨ωSω⟩ 2.1820 (phys 2.1820) kmaxη 1.78 S -0.516 align 0.48/0.63/0.34  health WARN  ebal 8.2e-9 zbal 6.0e-7  3.23 h, ETA -0.00 h
[2026-08-22 22:22:16] checkpoint written at t=16.0117
[2026-08-22 22:22:16] DONE: ε_max 0.013135 at t 8.847; max|ω| peak 55.097 at t 8.877; E(16) 0.030660; health WARN; 3.23 h
