[2026-08-24 18:55:28] NSLab GPU 0.1.2 (app 0.5.1) — tubes N=224³ Re=1000 tEnd=16.0 cfl=0.4 dt=adaptive snap=0.5 ckpt=2.0  device NVIDIA GeForce RTX 3060 Laptop GPU  float32
[2026-08-24 18:55:29] solver ready in 0.8 s, device memory 2.84 GB, kc 74, E0 0.07031045854091644, Z0 0.4002700746059418
[2026-08-24 18:55:32] t 0.000 step 0 dt 0.00e+00  E 0.070310 Z 0.4003 ε 0.000801 max|ω| 8.037 (interp 8.037) ⟨ωSω⟩ -0.0000 (phys 0.0000) kmaxη 4.28 S 0.000 align 0.45/0.53/0.45 zgap 5.08  health WARN (end WARN)  ebal 0.0e+00 zbal 0.0e+00  0.00 h, ETA 1012.98 h
[2026-08-24 18:56:03] t 0.505 step 88 dt 6.09e-03  E 0.069909 Z 0.3954 ε 0.000791 max|ω| 7.907 (interp 7.920) ⟨ωSω⟩ 0.0029 (phys 0.0029) kmaxη 4.30 S -0.014 align 0.52/0.52/0.37 zgap 4.91  health FAIL (end FAIL)  ebal 2.6e-07 zbal 1.9e-07  0.01 h, ETA 0.30 h
[2026-08-24 18:56:31] t 1.007 step 166 dt 6.69e-03  E 0.069513 Z 0.3952 ε 0.000790 max|ω| 7.922 (interp 7.923) ⟨ωSω⟩ 0.0218 (phys 0.0218) kmaxη 4.30 S -0.103 align 0.56/0.51/0.33 zgap 4.54  health FAIL (end FAIL)  ebal 2.9e-07 zbal 1.9e-07  0.02 h, ETA 0.26 h
[2026-08-24 18:56:57] t 1.506 step 240 dt 6.72e-03  E 0.069115 Z 0.4034 ε 0.000807 max|ω| 8.076 (interp 8.093) ⟨ωSω⟩ 0.0396 (phys 0.0396) kmaxη 4.28 S -0.181 align 0.59/0.49/0.31 zgap 4.21  health FAIL (end FAIL)  ebal 2.9e-07 zbal 1.9e-07  0.02 h, ETA 0.24 h
[2026-08-24 18:57:25] t 2.004 step 315 dt 6.55e-03  E 0.068708 Z 0.4149 ε 0.000830 max|ω| 8.207 (interp 8.209) ⟨ωSω⟩ 0.0472 (phys 0.0472) kmaxη 4.25 S -0.208 align 0.61/0.48/0.30 zgap 3.98  health FAIL (end FAIL)  ebal 2.9e-07 zbal 1.9e-07  0.03 h, ETA 0.23 h
[2026-08-24 18:57:25] checkpoint written at t=2.0035
[2026-08-24 18:57:53] t 2.505 step 392 dt 6.48e-03  E 0.068287 Z 0.4240 ε 0.000848 max|ω| 8.421 (interp 8.437) ⟨ωSω⟩ 0.0482 (phys 0.0482) kmaxη 4.22 S -0.205 align 0.62/0.47/0.31 zgap 3.81  health FAIL (end FAIL)  ebal 2.9e-07 zbal 2.0e-07  0.04 h, ETA 0.22 h
[2026-08-24 18:58:22] t 3.002 step 469 dt 6.45e-03  E 0.067862 Z 0.4300 ε 0.000860 max|ω| 8.828 (interp 8.836) ⟨ωSω⟩ 0.0501 (phys 0.0501) kmaxη 4.21 S -0.209 align 0.62/0.46/0.32 zgap 3.79  health FAIL (end FAIL)  ebal 2.9e-07 zbal 2.3e-07  0.05 h, ETA 0.21 h
[2026-08-24 18:58:49] t 3.504 step 547 dt 6.41e-03  E 0.067428 Z 0.4335 ε 0.000867 max|ω| 8.793 (interp 8.798) ⟨ωSω⟩ 0.0509 (phys 0.0509) kmaxη 4.20 S -0.209 align 0.62/0.45/0.34 zgap 3.67  health FAIL (end FAIL)  ebal 2.9e-07 zbal 2.7e-07  0.06 h, ETA 0.20 h
[2026-08-24 18:59:18] t 4.001 step 625 dt 6.34e-03  E 0.066996 Z 0.4343 ε 0.000869 max|ω| 8.295 (interp 8.298) ⟨ωSω⟩ 0.0494 (phys 0.0494) kmaxη 4.20 S -0.203 align 0.62/0.45/0.35 zgap 3.56  health FAIL (end FAIL)  ebal 2.9e-07 zbal 2.7e-07  0.06 h, ETA 0.19 h
[2026-08-24 18:59:18] checkpoint written at t=4.0014
[2026-08-24 18:59:46] t 4.505 step 705 dt 6.24e-03  E 0.066560 Z 0.4331 ε 0.000866 max|ω| 8.064 (interp 8.066) ⟨ωSω⟩ 0.0493 (phys 0.0493) kmaxη 4.20 S -0.203 align 0.62/0.44/0.37 zgap 3.48  health FAIL (end FAIL)  ebal 2.9e-07 zbal 2.7e-07  0.07 h, ETA 0.18 h
[2026-08-24 19:00:13] t 5.006 step 786 dt 6.12e-03  E 0.066126 Z 0.4318 ε 0.000864 max|ω| 7.974 (interp 7.992) ⟨ωSω⟩ 0.0502 (phys 0.0502) kmaxη 4.20 S -0.208 align 0.61/0.44/0.39 zgap 3.42  health FAIL (end FAIL)  ebal 2.9e-07 zbal 2.7e-07  0.08 h, ETA 0.17 h
[2026-08-24 19:00:40] t 5.504 step 868 dt 6.03e-03  E 0.065697 Z 0.4313 ε 0.000863 max|ω| 8.157 (interp 8.164) ⟨ωSω⟩ 0.0516 (phys 0.0516) kmaxη 4.21 S -0.214 align 0.60/0.44/0.40 zgap 3.31  health FAIL (end FAIL)  ebal 2.9e-07 zbal 2.7e-07  0.09 h, ETA 0.17 h
[2026-08-24 19:01:08] t 6.002 step 951 dt 5.97e-03  E 0.065267 Z 0.4321 ε 0.000864 max|ω| 8.420 (interp 8.429) ⟨ωSω⟩ 0.0544 (phys 0.0544) kmaxη 4.20 S -0.225 align 0.59/0.44/0.41 zgap 3.17  health FAIL (end FAIL)  ebal 2.9e-07 zbal 2.7e-07  0.09 h, ETA 0.16 h
[2026-08-24 19:01:08] checkpoint written at t=6.0016
[2026-08-24 19:01:37] t 6.505 step 1036 dt 5.86e-03  E 0.064830 Z 0.4356 ε 0.000871 max|ω| 8.935 (interp 8.970) ⟨ωSω⟩ 0.0613 (phys 0.0613) kmaxη 4.20 S -0.250 align 0.58/0.45/0.41 zgap 3.09  health FAIL (end FAIL)  ebal 2.9e-07 zbal 2.7e-07  0.10 h, ETA 0.15 h
[2026-08-24 19:02:20] t 7.000 step 1122 dt 5.65e-03  E 0.064395 Z 0.4438 ε 0.000888 max|ω| 11.730 (interp 11.778) ⟨ωSω⟩ 0.0757 (phys 0.0757) kmaxη 4.18 S -0.300 align 0.57/0.46/0.42 zgap 2.97  health FAIL (end FAIL)  ebal 3.0e-07 zbal 2.7e-07  0.11 h, ETA 0.15 h
[2026-08-24 19:03:05] t 7.505 step 1213 dt 5.49e-03  E 0.063940 Z 0.4613 ε 0.000923 max|ω| 16.899 (interp 17.118) ⟨ωSω⟩ 0.1126 (phys 0.1126) kmaxη 4.14 S -0.422 align 0.56/0.46/0.42 zgap 2.86  health FAIL (end FAIL)  ebal 3.0e-07 zbal 2.7e-07  0.13 h, ETA 0.14 h
[2026-08-24 19:03:52] t 8.004 step 1302 dt 5.77e-03  E 0.063465 Z 0.4930 ε 0.000986 max|ω| 27.510 (interp 27.905) ⟨ωSω⟩ 0.2054 (phys 0.2054) kmaxη 4.07 S -0.696 align 0.55/0.47/0.44 zgap 2.80  health FAIL (end FAIL)  ebal 3.0e-07 zbal 2.7e-07  0.14 h, ETA 0.14 h
[2026-08-24 19:03:52] checkpoint written at t=8.0039
[2026-08-24 19:04:35] t 8.502 step 1385 dt 6.28e-03  E 0.062955 Z 0.5323 ε 0.001065 max|ω| 39.566 (interp 43.328) ⟨ωSω⟩ 0.3788 (phys 0.3788) kmaxη 3.99 S -1.145 align 0.53/0.48/0.44 zgap 2.78  health FAIL (end FAIL)  ebal 3.0e-07 zbal 2.8e-07  0.15 h, ETA 0.13 h
[2026-08-24 19:05:09] t 9.005 step 1461 dt 6.97e-03  E 0.062402 Z 0.5549 ε 0.001110 max|ω| 45.382 (interp 50.869) ⟨ωSω⟩ 0.4860 (phys 0.4860) kmaxη 3.95 S -1.380 align 0.52/0.50/0.44 zgap 3.20  health FAIL (end FAIL)  ebal 3.0e-07 zbal 2.8e-07  0.16 h, ETA 0.13 h
[2026-08-24 19:05:40] t 9.504 step 1531 dt 6.99e-03  E 0.061863 Z 0.5164 ε 0.001033 max|ω| 60.467 (interp 61.637) ⟨ωSω⟩ 0.3714 (phys 0.3714) kmaxη 4.02 S -1.175 align 0.51/0.52/0.43 zgap 3.11  health FAIL (end FAIL)  ebal 3.0e-07 zbal 2.8e-07  0.17 h, ETA 0.12 h
[2026-08-24 19:06:02] t 10.006 step 1601 dt 6.79e-03  E 0.061379 Z 0.4563 ε 0.000913 max|ω| 33.436 (interp 35.295) ⟨ωSω⟩ 0.2434 (phys 0.2434) kmaxη 4.15 S -0.927 align 0.49/0.54/0.43 zgap 2.58  health FAIL (end FAIL)  ebal 3.0e-07 zbal 2.8e-07  0.18 h, ETA 0.11 h
[2026-08-24 19:06:02] checkpoint written at t=10.0055
[2026-08-24 19:06:25] t 10.502 step 1673 dt 7.07e-03  E 0.060938 Z 0.4302 ε 0.000860 max|ω| 40.898 (interp 41.113) ⟨ωSω⟩ 0.2222 (phys 0.2222) kmaxη 4.21 S -0.924 align 0.48/0.57/0.42 zgap 2.38  health FAIL (end FAIL)  ebal 3.0e-07 zbal 2.8e-07  0.18 h, ETA 0.10 h
[2026-08-24 19:06:48] t 11.007 step 1744 dt 7.06e-03  E 0.060518 Z 0.4046 ε 0.000809 max|ω| 39.192 (interp 43.066) ⟨ωSω⟩ 0.1651 (phys 0.1651) kmaxη 4.27 S -0.753 align 0.46/0.58/0.42 zgap 2.44  health FAIL (end FAIL)  ebal 3.0e-07 zbal 2.8e-07  0.19 h, ETA 0.09 h
[2026-08-24 19:07:12] t 11.506 step 1813 dt 7.57e-03  E 0.060124 Z 0.3853 ε 0.000771 max|ω| 27.985 (interp 28.341) ⟨ωSω⟩ 0.1196 (phys 0.1196) kmaxη 4.33 S -0.587 align 0.45/0.59/0.42 zgap 2.27  health FAIL (end FAIL)  ebal 3.0e-07 zbal 2.8e-07  0.20 h, ETA 0.08 h
[2026-08-24 19:07:33] t 12.005 step 1879 dt 7.59e-03  E 0.059745 Z 0.3768 ε 0.000754 max|ω| 23.162 (interp 23.244) ⟨ωSω⟩ 0.1112 (phys 0.1112) kmaxη 4.35 S -0.564 align 0.43/0.60/0.41 zgap 1.99  health FAIL (end FAIL)  ebal 3.0e-07 zbal 2.8e-07  0.20 h, ETA 0.07 h
[2026-08-24 19:07:34] checkpoint written at t=12.0052
[2026-08-24 19:07:54] t 12.501 step 1943 dt 7.72e-03  E 0.059372 Z 0.3744 ε 0.000749 max|ω| 17.671 (interp 17.737) ⟨ωSω⟩ 0.1072 (phys 0.1072) kmaxη 4.36 S -0.549 align 0.42/0.60/0.41 zgap 2.13  health FAIL (end FAIL)  ebal 3.0e-07 zbal 2.8e-07  0.21 h, ETA 0.06 h
[2026-08-24 19:08:15] t 13.002 step 2007 dt 7.84e-03  E 0.058997 Z 0.3750 ε 0.000750 max|ω| 16.467 (interp 16.483) ⟨ωSω⟩ 0.1050 (phys 0.1050) kmaxη 4.36 S -0.537 align 0.42/0.60/0.41 zgap 2.33  health FAIL (end FAIL)  ebal 3.0e-07 zbal 2.8e-07  0.21 h, ETA 0.05 h
[2026-08-24 19:08:34] t 13.503 step 2069 dt 8.22e-03  E 0.058621 Z 0.3766 ε 0.000753 max|ω| 15.331 (interp 15.352) ⟨ωSω⟩ 0.1009 (phys 0.1009) kmaxη 4.35 S -0.513 align 0.43/0.60/0.41 zgap 2.36  health FAIL (end FAIL)  ebal 3.0e-07 zbal 2.8e-07  0.22 h, ETA 0.04 h
[2026-08-24 19:08:55] t 14.005 step 2130 dt 8.29e-03  E 0.058241 Z 0.3807 ε 0.000761 max|ω| 14.419 (interp 14.548) ⟨ωSω⟩ 0.0983 (phys 0.0983) kmaxη 4.34 S -0.491 align 0.44/0.60/0.40 zgap 2.47  health FAIL (end FAIL)  ebal 3.0e-07 zbal 2.8e-07  0.22 h, ETA 0.03 h
[2026-08-24 19:08:56] checkpoint written at t=14.0048
[2026-08-24 19:09:17] t 14.504 step 2190 dt 8.48e-03  E 0.057858 Z 0.3869 ε 0.000774 max|ω| 13.421 (interp 13.560) ⟨ωSω⟩ 0.0952 (phys 0.0952) kmaxη 4.32 S -0.464 align 0.46/0.60/0.40 zgap 2.36  health FAIL (end FAIL)  ebal 3.0e-07 zbal 2.8e-07  0.23 h, ETA 0.02 h
[2026-08-24 19:09:37] t 15.003 step 2249 dt 8.46e-03  E 0.057468 Z 0.3946 ε 0.000789 max|ω| 12.728 (interp 12.768) ⟨ωSω⟩ 0.0935 (phys 0.0935) kmaxη 4.30 S -0.443 align 0.47/0.60/0.39 zgap 2.22  health FAIL (end FAIL)  ebal 3.0e-07 zbal 2.8e-07  0.24 h, ETA 0.02 h
[2026-08-24 19:09:58] t 15.507 step 2308 dt 8.45e-03  E 0.057066 Z 0.4034 ε 0.000807 max|ω| 13.106 (interp 13.127) ⟨ωSω⟩ 0.0910 (phys 0.0910) kmaxη 4.28 S -0.417 align 0.48/0.60/0.38 zgap 2.10  health FAIL (end FAIL)  ebal 3.0e-07 zbal 2.8e-07  0.24 h, ETA 0.01 h
[2026-08-24 19:10:19] t 16.003 step 2369 dt 7.87e-03  E 0.056661 Z 0.4126 ε 0.000825 max|ω| 15.771 (interp 15.926) ⟨ωSω⟩ 0.0910 (phys 0.0910) kmaxη 4.25 S -0.403 align 0.49/0.59/0.38 zgap 2.08  health FAIL (end FAIL)  ebal 3.0e-07 zbal 2.8e-07  0.25 h, ETA -0.00 h
[2026-08-24 19:10:19] checkpoint written at t=16.0031
[2026-08-24 19:10:19] DONE: ε_max 0.001113 at t 8.901; max|ω| peak 60.914 at t 9.406; interpolated peak 62.785 at t 9.399; E(16) 0.056661; health FAIL; 0.25 h
