[2026-08-23 08:40:55] NSLab GPU 0.1.1 (app 0.5.0) — tubes N=192³ Re=2000 tEnd=16.0 cfl=0.4 dt=adaptive snap=0.5 ckpt=2.0  device NVIDIA GeForce RTX 3060 Laptop GPU  float64
[2026-08-23 08:40:56] solver ready in 0.9 s, device memory 3.28 GB, kc 64, E0 0.07031047701250988, Z0 0.40027018782525126
[2026-08-23 08:41:07] t 0.000 step 0 dt 0.00e+00  E 0.070310 Z 0.4003 ε 0.000400 max|ω| 8.025 (interp 8.037) ⟨ωSω⟩ -0.0000 (phys 0.0000) kmaxη 2.62 S 0.000 align 0.45/0.53/0.45 zgap 5.07  health PASS (end PASS)  ebal 0.0e+00 zbal 0.0e+00  0.00 h, ETA 3286.61 h
[2026-08-23 08:42:23] t 0.501 step 75 dt 7.08e-03  E 0.070110 Z 0.3981 ε 0.000398 max|ω| 7.959 (interp 7.972) ⟨ωSω⟩ 0.0030 (phys 0.0030) kmaxη 2.62 S -0.014 align 0.52/0.52/0.37 zgap 4.91  health PASS (end PASS)  ebal 4.2e-13 zbal 1.2e-11  0.02 h, ETA 0.75 h
[2026-08-23 08:43:21] t 1.003 step 142 dt 7.78e-03  E 0.069911 Z 0.4009 ε 0.000401 max|ω| 8.025 (interp 8.032) ⟨ωSω⟩ 0.0229 (phys 0.0229) kmaxη 2.62 S -0.106 align 0.56/0.51/0.33 zgap 4.52  health PASS (end PASS)  ebal 4.2e-13 zbal 2.0e-10  0.04 h, ETA 0.61 h
[2026-08-23 08:44:22] t 1.503 step 206 dt 7.78e-03  E 0.069707 Z 0.4138 ε 0.000414 max|ω| 8.270 (interp 8.274) ⟨ωSω⟩ 0.0431 (phys 0.0431) kmaxη 2.60 S -0.190 align 0.59/0.49/0.31 zgap 4.19  health PASS (end PASS)  ebal 5.2e-13 zbal 4.8e-10  0.06 h, ETA 0.55 h
[2026-08-23 08:45:30] t 2.002 step 271 dt 7.57e-03  E 0.069496 Z 0.4319 ε 0.000432 max|ω| 8.442 (interp 8.443) ⟨ωSω⟩ 0.0535 (phys 0.0535) kmaxη 2.57 S -0.221 align 0.61/0.48/0.30 zgap 3.99  health PASS (end PASS)  ebal 5.2e-13 zbal 4.8e-10  0.08 h, ETA 0.53 h
[2026-08-23 08:45:30] checkpoint written at t=2.0016
[2026-08-23 08:46:55] t 2.504 step 338 dt 7.46e-03  E 0.069275 Z 0.4496 ε 0.000450 max|ω| 8.760 (interp 8.778) ⟨ωSω⟩ 0.0579 (phys 0.0579) kmaxη 2.55 S -0.225 align 0.62/0.47/0.31 zgap 3.83  health PASS (end PASS)  ebal 5.2e-13 zbal 4.8e-10  0.10 h, ETA 0.54 h
[2026-08-23 08:48:06] t 3.003 step 405 dt 7.43e-03  E 0.069046 Z 0.4655 ε 0.000466 max|ω| 9.239 (interp 9.245) ⟨ωSω⟩ 0.0633 (phys 0.0633) kmaxη 2.52 S -0.234 align 0.62/0.46/0.33 zgap 3.76  health PASS (end PASS)  ebal 5.2e-13 zbal 4.8e-10  0.12 h, ETA 0.52 h
[2026-08-23 08:49:24] t 3.506 step 473 dt 7.36e-03  E 0.068809 Z 0.4796 ε 0.000480 max|ω| 9.072 (interp 9.077) ⟨ωSω⟩ 0.0672 (phys 0.0672) kmaxη 2.50 S -0.237 align 0.62/0.45/0.35 zgap 3.67  health PASS (end PASS)  ebal 5.3e-13 zbal 4.8e-10  0.14 h, ETA 0.50 h
[2026-08-23 08:50:22] t 4.003 step 541 dt 7.25e-03  E 0.068567 Z 0.4901 ε 0.000490 max|ω| 8.782 (interp 8.795) ⟨ωSω⟩ 0.0681 (phys 0.0681) kmaxη 2.49 S -0.233 align 0.62/0.44/0.37 zgap 3.60  health PASS (end PASS)  ebal 5.9e-13 zbal 4.8e-10  0.16 h, ETA 0.47 h
[2026-08-23 08:50:22] checkpoint written at t=4.0033
[2026-08-23 08:51:22] t 4.506 step 611 dt 7.10e-03  E 0.068319 Z 0.4975 ε 0.000497 max|ω| 8.597 (interp 8.611) ⟨ωSω⟩ 0.0705 (phys 0.0705) kmaxη 2.48 S -0.236 align 0.61/0.43/0.39 zgap 3.50  health PASS (end PASS)  ebal 6.0e-13 zbal 4.8e-10  0.17 h, ETA 0.44 h
[2026-08-23 08:52:20] t 5.004 step 682 dt 6.93e-03  E 0.068070 Z 0.5029 ε 0.000503 max|ω| 8.875 (interp 8.875) ⟨ωSω⟩ 0.0729 (phys 0.0729) kmaxη 2.48 S -0.240 align 0.61/0.42/0.40 zgap 3.44  health PASS (end PASS)  ebal 6.0e-13 zbal 4.8e-10  0.19 h, ETA 0.42 h
[2026-08-23 08:53:18] t 5.505 step 755 dt 6.81e-03  E 0.067817 Z 0.5074 ε 0.000507 max|ω| 9.210 (interp 9.254) ⟨ωSω⟩ 0.0749 (phys 0.0749) kmaxη 2.47 S -0.243 align 0.60/0.42/0.42 zgap 3.27  health PASS (end PASS)  ebal 6.0e-13 zbal 4.8e-10  0.21 h, ETA 0.39 h
[2026-08-23 08:54:18] t 6.005 step 829 dt 6.69e-03  E 0.067562 Z 0.5124 ε 0.000512 max|ω| 9.561 (interp 9.585) ⟨ωSω⟩ 0.0800 (phys 0.0800) kmaxη 2.46 S -0.256 align 0.59/0.42/0.43 zgap 3.21  health PASS (end PASS)  ebal 6.0e-13 zbal 4.8e-10  0.22 h, ETA 0.37 h
[2026-08-23 08:54:18] checkpoint written at t=6.0050
[2026-08-23 08:55:34] t 6.505 step 905 dt 6.44e-03  E 0.067304 Z 0.5208 ε 0.000521 max|ω| 10.817 (interp 10.941) ⟨ωSω⟩ 0.0907 (phys 0.0907) kmaxη 2.45 S -0.283 align 0.58/0.43/0.43 zgap 3.08  health PASS (end PASS)  ebal 6.0e-13 zbal 4.8e-10  0.24 h, ETA 0.36 h
[2026-08-23 08:57:09] t 7.005 step 985 dt 6.07e-03  E 0.067040 Z 0.5372 ε 0.000537 max|ω| 15.161 (interp 15.187) ⟨ωSω⟩ 0.1169 (phys 0.1169) kmaxη 2.43 S -0.349 align 0.57/0.44/0.44 zgap 2.91  health PASS (end PASS)  ebal 6.0e-13 zbal 4.8e-10  0.27 h, ETA 0.35 h
[2026-08-23 08:59:19] t 7.502 step 1068 dt 6.01e-03  E 0.066765 Z 0.5751 ε 0.000575 max|ω| 25.877 (interp 27.777) ⟨ωSω⟩ 0.2109 (phys 0.2109) kmaxη 2.39 S -0.568 align 0.55/0.45/0.44 zgap 2.85  health PASS (end PASS)  ebal 6.0e-13 zbal 4.8e-10  0.31 h, ETA 0.35 h
[2026-08-23 09:01:35] t 8.003 step 1149 dt 6.41e-03  E 0.066458 Z 0.6603 ε 0.000660 max|ω| 43.873 (interp 47.360) ⟨ωSω⟩ 0.4700 (phys 0.4700) kmaxη 2.31 S -1.028 align 0.54/0.45/0.45 zgap 2.78  health PASS (end PASS)  ebal 6.0e-13 zbal 5.7e-10  0.34 h, ETA 0.34 h
[2026-08-23 09:01:35] checkpoint written at t=8.0026
[2026-08-23 09:03:52] t 8.500 step 1223 dt 7.00e-03  E 0.066100 Z 0.7759 ε 0.000776 max|ω| 85.180 (interp 85.911) ⟨ωSω⟩ 0.8005 (phys 0.8006) kmaxη 2.22 S -1.375 align 0.52/0.47/0.46 zgap 3.24  health WARN (end WARN)  ebal 1.8e-11 zbal 8.6e-09  0.38 h, ETA 0.34 h
[2026-08-23 09:05:03] t 9.004 step 1294 dt 7.16e-03  E 0.065696 Z 0.7991 ε 0.000799 max|ω| 77.979 (interp 79.670) ⟨ωSω⟩ 0.7428 (phys 0.7435) kmaxη 2.20 S -1.220 align 0.50/0.48/0.47 zgap 3.08  health WARN (end WARN)  ebal 1.9e-09 zbal 7.9e-07  0.40 h, ETA 0.31 h
[2026-08-23 09:06:08] t 9.505 step 1365 dt 7.03e-03  E 0.065309 Z 0.7644 ε 0.000764 max|ω| 51.351 (interp 54.481) ⟨ωSω⟩ 0.7902 (phys 0.7909) kmaxη 2.23 S -1.388 align 0.49/0.50/0.47 zgap 3.21  health WARN (end PASS)  ebal 2.5e-09 zbal 1.1e-06  0.42 h, ETA 0.29 h
[2026-08-23 09:07:05] t 10.005 step 1437 dt 6.50e-03  E 0.064927 Z 0.7448 ε 0.000745 max|ω| 52.559 (interp 56.615) ⟨ωSω⟩ 0.6941 (phys 0.6942) kmaxη 2.24 S -1.267 align 0.47/0.52/0.47 zgap 3.08  health WARN (end PASS)  ebal 2.9e-09 zbal 1.2e-06  0.44 h, ETA 0.26 h
[2026-08-23 09:07:05] checkpoint written at t=10.0051
[2026-08-23 09:08:03] t 10.500 step 1511 dt 7.03e-03  E 0.064567 Z 0.7068 ε 0.000707 max|ω| 52.139 (interp 56.493) ⟨ωSω⟩ 0.6077 (phys 0.6075) kmaxη 2.27 S -1.200 align 0.46/0.54/0.46 zgap 2.68  health WARN (end PASS)  ebal 3.4e-09 zbal 1.6e-06  0.45 h, ETA 0.24 h
[2026-08-23 09:09:02] t 11.003 step 1584 dt 7.12e-03  E 0.064226 Z 0.6550 ε 0.000655 max|ω| 64.778 (interp 68.952) ⟨ωSω⟩ 0.4905 (phys 0.4905) kmaxη 2.32 S -1.086 align 0.45/0.56/0.46 zgap 2.52  health WARN (end PASS)  ebal 3.9e-09 zbal 1.9e-06  0.47 h, ETA 0.21 h
[2026-08-23 09:09:59] t 11.507 step 1655 dt 7.02e-03  E 0.063904 Z 0.6320 ε 0.000632 max|ω| 43.949 (interp 45.281) ⟨ωSω⟩ 0.4714 (phys 0.4713) kmaxη 2.34 S -1.101 align 0.44/0.57/0.45 zgap 2.23  health WARN (end PASS)  ebal 4.7e-09 zbal 2.5e-06  0.48 h, ETA 0.19 h
[2026-08-23 09:10:52] t 12.002 step 1723 dt 7.74e-03  E 0.063593 Z 0.6216 ε 0.000622 max|ω| 38.143 (interp 39.976) ⟨ωSω⟩ 0.4184 (phys 0.4184) kmaxη 2.35 S -1.002 align 0.43/0.58/0.45 zgap 2.06  health WARN (end PASS)  ebal 4.7e-09 zbal 2.5e-06  0.50 h, ETA 0.17 h
[2026-08-23 09:10:53] checkpoint written at t=12.0022
[2026-08-23 09:12:12] t 12.502 step 1788 dt 7.34e-03  E 0.063285 Z 0.6151 ε 0.000615 max|ω| 31.977 (interp 33.467) ⟨ωSω⟩ 0.3954 (phys 0.3954) kmaxη 2.35 S -0.962 align 0.42/0.59/0.44 zgap 1.90  health WARN (end PASS)  ebal 4.7e-09 zbal 2.5e-06  0.52 h, ETA 0.15 h
[2026-08-23 09:13:06] t 13.001 step 1856 dt 7.30e-03  E 0.062977 Z 0.6147 ε 0.000615 max|ω| 39.540 (interp 39.984) ⟨ωSω⟩ 0.3537 (phys 0.3537) kmaxη 2.35 S -0.861 align 0.43/0.59/0.44 zgap 1.93  health WARN (end PASS)  ebal 4.7e-09 zbal 2.5e-06  0.54 h, ETA 0.12 h
[2026-08-23 09:13:57] t 13.502 step 1920 dt 7.60e-03  E 0.062672 Z 0.6025 ε 0.000603 max|ω| 33.293 (interp 35.825) ⟨ωSω⟩ 0.2956 (phys 0.2956) kmaxη 2.37 S -0.742 align 0.43/0.59/0.43 zgap 1.87  health WARN (end PASS)  ebal 4.7e-09 zbal 2.5e-06  0.55 h, ETA 0.10 h
[2026-08-23 09:14:48] t 14.007 step 1984 dt 8.91e-03  E 0.062371 Z 0.5889 ε 0.000589 max|ω| 25.484 (interp 27.910) ⟨ωSω⟩ 0.2422 (phys 0.2422) kmaxη 2.38 S -0.629 align 0.45/0.59/0.42 zgap 1.83  health WARN (end PASS)  ebal 4.7e-09 zbal 2.5e-06  0.56 h, ETA 0.08 h
[2026-08-23 09:14:48] checkpoint written at t=14.0073
[2026-08-23 09:15:34] t 14.502 step 2041 dt 8.76e-03  E 0.062081 Z 0.5850 ε 0.000585 max|ω| 26.702 (interp 28.605) ⟨ωSω⟩ 0.2153 (phys 0.2153) kmaxη 2.38 S -0.565 align 0.46/0.59/0.42 zgap 1.67  health WARN (end PASS)  ebal 4.7e-09 zbal 2.5e-06  0.58 h, ETA 0.06 h
[2026-08-23 09:16:21] t 15.004 step 2098 dt 8.72e-03  E 0.061787 Z 0.5873 ε 0.000587 max|ω| 25.815 (interp 26.890) ⟨ωSω⟩ 0.2007 (phys 0.2007) kmaxη 2.38 S -0.523 align 0.47/0.58/0.41 zgap 1.51  health WARN (end PASS)  ebal 4.7e-09 zbal 2.5e-06  0.59 h, ETA 0.04 h
[2026-08-23 09:17:13] t 15.505 step 2157 dt 8.39e-03  E 0.061491 Z 0.5971 ε 0.000597 max|ω| 22.639 (interp 24.154) ⟨ωSω⟩ 0.2019 (phys 0.2019) kmaxη 2.37 S -0.514 align 0.48/0.58/0.41 zgap 1.44  health WARN (end PASS)  ebal 4.7e-09 zbal 2.5e-06  0.60 h, ETA 0.02 h
[2026-08-23 09:18:09] t 16.007 step 2216 dt 8.61e-03  E 0.061187 Z 0.6160 ε 0.000616 max|ω| 21.755 (interp 21.791) ⟨ωSω⟩ 0.2136 (phys 0.2136) kmaxη 2.35 S -0.519 align 0.50/0.58/0.40 zgap 1.41  health WARN (end PASS)  ebal 4.7e-09 zbal 2.5e-06  0.62 h, ETA -0.00 h
[2026-08-23 09:18:09] checkpoint written at t=16.0066
[2026-08-23 09:18:09] DONE: ε_max 0.000809 at t 8.839; max|ω| peak 92.095 at t 8.754; interpolated peak 94.230 at t 8.733; E(16) 0.061187; health WARN; 0.62 h
