[2026-08-24 20:09:12] NSLab GPU 0.1.2 (app 0.5.1) — tubes N=320³ Re=2000 tEnd=16.0 cfl=0.4 dt=adaptive snap=0.5 ckpt=2.0  device NVIDIA A100-SXM4-80GB  float64
[2026-08-24 20:09:13] solver ready in 0.6 s, device memory 10.50 GB, kc 106, E0 0.07031047701250986, Z0 0.40027018782525126
[2026-08-24 20:09:16] t 0.000 step 0 dt 0.00e+00  E 0.070310 Z 0.4003 ε 0.000400 max|ω| 8.036 (interp 8.037) ⟨ωSω⟩ -0.0000 (phys 0.0000) kmaxη 4.34 S 0.000 align 0.45/0.53/0.45 zgap 5.05  health PASS (end PASS)  ebal 0.0e+00 zbal 0.0e+00  0.00 h, ETA 1195.50 h
[2026-08-24 20:09:55] t 0.502 step 125 dt 4.25e-03  E 0.070110 Z 0.3981 ε 0.000398 max|ω| 7.967 (interp 7.972) ⟨ωSω⟩ 0.0030 (phys 0.0030) kmaxη 4.35 S -0.014 align 0.52/0.52/0.37 zgap 4.91  health PASS (end PASS)  ebal 3.8e-14 zbal 7.7e-13  0.01 h, ETA 0.37 h
[2026-08-24 20:10:31] t 1.004 step 237 dt 4.67e-03  E 0.069910 Z 0.4009 ε 0.000401 max|ω| 8.032 (interp 8.033) ⟨ωSω⟩ 0.0230 (phys 0.0230) kmaxη 4.34 S -0.106 align 0.56/0.51/0.33 zgap 4.54  health PASS (end PASS)  ebal 3.8e-14 zbal 1.2e-11  0.02 h, ETA 0.33 h
[2026-08-24 20:11:07] t 1.502 step 343 dt 4.67e-03  E 0.069708 Z 0.4137 ε 0.000414 max|ω| 8.267 (interp 8.271) ⟨ωSω⟩ 0.0431 (phys 0.0431) kmaxη 4.30 S -0.190 align 0.59/0.49/0.31 zgap 4.22  health PASS (end PASS)  ebal 3.8e-14 zbal 2.5e-11  0.03 h, ETA 0.31 h
[2026-08-24 20:11:40] t 2.003 step 452 dt 4.54e-03  E 0.069496 Z 0.4319 ε 0.000432 max|ω| 8.437 (interp 8.444) ⟨ωSω⟩ 0.0535 (phys 0.0535) kmaxη 4.26 S -0.221 align 0.61/0.48/0.30 zgap 3.97  health PASS (end PASS)  ebal 4.2e-14 zbal 2.5e-11  0.04 h, ETA 0.29 h
[2026-08-24 20:11:48] checkpoint written at t=2.0031
[2026-08-24 20:12:20] t 2.503 step 563 dt 4.48e-03  E 0.069275 Z 0.4496 ε 0.000450 max|ω| 8.795 (interp 8.796) ⟨ωSω⟩ 0.0579 (phys 0.0579) kmaxη 4.22 S -0.225 align 0.62/0.47/0.31 zgap 3.85  health PASS (end PASS)  ebal 6.2e-14 zbal 2.5e-11  0.05 h, ETA 0.28 h
[2026-08-24 20:12:52] t 3.003 step 675 dt 4.45e-03  E 0.069047 Z 0.4655 ε 0.000466 max|ω| 9.270 (interp 9.276) ⟨ωSω⟩ 0.0634 (phys 0.0634) kmaxη 4.18 S -0.234 align 0.62/0.46/0.32 zgap 3.81  health PASS (end PASS)  ebal 6.5e-14 zbal 2.5e-11  0.06 h, ETA 0.26 h
[2026-08-24 20:13:23] t 3.504 step 788 dt 4.42e-03  E 0.068809 Z 0.4796 ε 0.000480 max|ω| 9.089 (interp 9.099) ⟨ωSω⟩ 0.0673 (phys 0.0673) kmaxη 4.15 S -0.238 align 0.63/0.45/0.34 zgap 3.67  health PASS (end PASS)  ebal 6.6e-14 zbal 2.5e-11  0.07 h, ETA 0.25 h
[2026-08-24 20:13:54] t 4.004 step 902 dt 4.35e-03  E 0.068567 Z 0.4901 ε 0.000490 max|ω| 8.732 (interp 8.741) ⟨ωSω⟩ 0.0682 (phys 0.0682) kmaxη 4.13 S -0.233 align 0.63/0.44/0.36 zgap 3.59  health PASS (end PASS)  ebal 6.8e-14 zbal 2.5e-11  0.08 h, ETA 0.23 h
[2026-08-24 20:14:03] checkpoint written at t=4.0043
[2026-08-24 20:14:35] t 4.504 step 1018 dt 4.26e-03  E 0.068320 Z 0.4975 ε 0.000497 max|ω| 8.679 (interp 8.679) ⟨ωSω⟩ 0.0707 (phys 0.0707) kmaxη 4.11 S -0.237 align 0.62/0.44/0.38 zgap 3.51  health PASS (end PASS)  ebal 6.8e-14 zbal 2.5e-11  0.09 h, ETA 0.23 h
[2026-08-24 20:15:08] t 5.001 step 1136 dt 4.16e-03  E 0.068071 Z 0.5028 ε 0.000503 max|ω| 8.769 (interp 8.774) ⟨ωSω⟩ 0.0733 (phys 0.0733) kmaxη 4.10 S -0.241 align 0.62/0.43/0.39 zgap 3.44  health PASS (end PASS)  ebal 6.8e-14 zbal 2.5e-11  0.10 h, ETA 0.22 h
[2026-08-24 20:15:41] t 5.503 step 1258 dt 4.08e-03  E 0.067818 Z 0.5073 ε 0.000507 max|ω| 9.171 (interp 9.174) ⟨ωSω⟩ 0.0754 (phys 0.0754) kmaxη 4.09 S -0.245 align 0.61/0.43/0.41 zgap 3.30  health PASS (end PASS)  ebal 6.8e-14 zbal 2.5e-11  0.11 h, ETA 0.21 h
[2026-08-24 20:16:14] t 6.001 step 1381 dt 4.02e-03  E 0.067564 Z 0.5123 ε 0.000512 max|ω| 9.480 (interp 9.483) ⟨ωSω⟩ 0.0806 (phys 0.0806) kmaxη 4.08 S -0.258 align 0.59/0.44/0.42 zgap 3.20  health PASS (end PASS)  ebal 6.8e-14 zbal 2.5e-11  0.12 h, ETA 0.20 h
[2026-08-24 20:16:22] checkpoint written at t=6.0014
[2026-08-24 20:16:57] t 6.503 step 1508 dt 3.86e-03  E 0.067305 Z 0.5207 ε 0.000521 max|ω| 10.981 (interp 11.048) ⟨ωSω⟩ 0.0912 (phys 0.0912) kmaxη 4.06 S -0.285 align 0.58/0.44/0.42 zgap 3.06  health PASS (end PASS)  ebal 6.8e-14 zbal 2.5e-11  0.13 h, ETA 0.19 h
[2026-08-24 20:17:36] t 7.002 step 1641 dt 3.64e-03  E 0.067042 Z 0.5370 ε 0.000537 max|ω| 15.106 (interp 15.121) ⟨ωSω⟩ 0.1174 (phys 0.1174) kmaxη 4.03 S -0.350 align 0.57/0.46/0.43 zgap 2.95  health PASS (end PASS)  ebal 6.8e-14 zbal 2.5e-11  0.14 h, ETA 0.18 h
[2026-08-24 20:18:20] t 7.503 step 1781 dt 3.56e-03  E 0.066764 Z 0.5752 ε 0.000575 max|ω| 26.988 (interp 27.100) ⟨ωSω⟩ 0.2126 (phys 0.2126) kmaxη 3.96 S -0.572 align 0.56/0.46/0.43 zgap 2.85  health PASS (end PASS)  ebal 6.8e-14 zbal 2.5e-11  0.15 h, ETA 0.17 h
[2026-08-24 20:19:04] t 8.001 step 1917 dt 3.81e-03  E 0.066458 Z 0.6632 ε 0.000663 max|ω| 57.544 (interp 62.926) ⟨ωSω⟩ 0.5422 (phys 0.5422) kmaxη 3.83 S -1.178 align 0.55/0.47/0.44 zgap 2.75  health WARN (end WARN)  ebal 2.0e-13 zbal 9.7e-11  0.16 h, ETA 0.16 h
[2026-08-24 20:19:12] checkpoint written at t=8.0011
[2026-08-24 20:19:51] t 8.501 step 2041 dt 4.27e-03  E 0.066093 Z 0.7952 ε 0.000795 max|ω| 116.039 (interp 116.742) ⟨ωSω⟩ 1.1469 (phys 1.1469) kmaxη 3.66 S -1.898 align 0.53/0.48/0.45 zgap 3.36  health WARN (end PASS)  ebal 1.0e-12 zbal 1.7e-09  0.18 h, ETA 0.16 h
[2026-08-24 20:20:22] t 9.001 step 2155 dt 4.46e-03  E 0.065691 Z 0.7764 ε 0.000776 max|ω| 76.355 (interp 78.315) ⟨ωSω⟩ 0.8742 (phys 0.8742) kmaxη 3.68 S -1.500 align 0.51/0.50/0.45 zgap 3.34  health WARN (end WARN)  ebal 4.0e-10 zbal 4.2e-07  0.19 h, ETA 0.14 h
[2026-08-24 20:20:54] t 9.503 step 2276 dt 4.10e-03  E 0.065316 Z 0.7399 ε 0.000740 max|ω| 78.399 (interp 87.257) ⟨ωSω⟩ 0.9297 (phys 0.9297) kmaxη 3.72 S -1.714 align 0.50/0.52/0.45 zgap 3.18  health WARN (end PASS)  ebal 4.0e-10 zbal 4.2e-07  0.20 h, ETA 0.13 h
[2026-08-24 20:21:26] t 10.001 step 2397 dt 4.18e-03  E 0.064952 Z 0.7231 ε 0.000723 max|ω| 68.040 (interp 74.812) ⟨ωSω⟩ 0.9119 (phys 0.9119) kmaxη 3.74 S -1.740 align 0.49/0.54/0.44 zgap 3.00  health WARN (end PASS)  ebal 4.0e-10 zbal 4.2e-07  0.20 h, ETA 0.12 h
[2026-08-24 20:21:34] checkpoint written at t=10.0011
[2026-08-24 20:22:06] t 10.501 step 2519 dt 4.16e-03  E 0.064600 Z 0.6844 ε 0.000684 max|ω| 77.977 (interp 86.377) ⟨ωSω⟩ 0.7440 (phys 0.7440) kmaxη 3.80 S -1.542 align 0.47/0.56/0.44 zgap 2.85  health WARN (end PASS)  ebal 4.9e-10 zbal 7.4e-07  0.21 h, ETA 0.11 h
[2026-08-24 20:22:38] t 11.003 step 2640 dt 4.14e-03  E 0.064265 Z 0.6457 ε 0.000646 max|ω| 58.937 (interp 64.258) ⟨ωSω⟩ 0.5797 (phys 0.5797) kmaxη 3.85 S -1.311 align 0.46/0.57/0.43 zgap 2.49  health WARN (end PASS)  ebal 4.9e-10 zbal 7.4e-07  0.22 h, ETA 0.10 h
[2026-08-24 20:23:11] t 11.502 step 2761 dt 4.01e-03  E 0.063952 Z 0.6140 ε 0.000614 max|ω| 54.828 (interp 58.260) ⟨ωSω⟩ 0.5115 (phys 0.5115) kmaxη 3.90 S -1.248 align 0.45/0.58/0.43 zgap 2.28  health WARN (end PASS)  ebal 4.9e-10 zbal 7.4e-07  0.23 h, ETA 0.09 h
[2026-08-24 20:23:41] t 12.000 step 2873 dt 4.61e-03  E 0.063653 Z 0.5857 ε 0.000586 max|ω| 51.177 (interp 54.072) ⟨ωSω⟩ 0.3842 (phys 0.3842) kmaxη 3.95 S -1.006 align 0.44/0.59/0.42 zgap 2.06  health WARN (end PASS)  ebal 4.9e-10 zbal 7.4e-07  0.24 h, ETA 0.08 h
[2026-08-24 20:23:48] checkpoint written at t=12.0002
[2026-08-24 20:24:19] t 12.503 step 2980 dt 5.04e-03  E 0.063360 Z 0.5839 ε 0.000584 max|ω| 39.367 (interp 41.259) ⟨ωSω⟩ 0.3716 (phys 0.3716) kmaxη 3.95 S -0.978 align 0.43/0.59/0.42 zgap 1.96  health WARN (end PASS)  ebal 4.9e-10 zbal 7.4e-07  0.25 h, ETA 0.07 h
[2026-08-24 20:24:46] t 13.004 step 3082 dt 4.94e-03  E 0.063067 Z 0.5817 ε 0.000582 max|ω| 33.447 (interp 33.675) ⟨ωSω⟩ 0.2974 (phys 0.2974) kmaxη 3.95 S -0.787 align 0.43/0.59/0.42 zgap 1.94  health WARN (end PASS)  ebal 4.9e-10 zbal 7.4e-07  0.26 h, ETA 0.06 h
[2026-08-24 20:25:14] t 13.505 step 3179 dt 5.25e-03  E 0.062779 Z 0.5713 ε 0.000571 max|ω| 30.210 (interp 30.909) ⟨ωSω⟩ 0.2329 (phys 0.2329) kmaxη 3.97 S -0.633 align 0.45/0.59/0.42 zgap 1.85  health WARN (end PASS)  ebal 4.9e-10 zbal 7.4e-07  0.27 h, ETA 0.05 h
[2026-08-24 20:25:40] t 14.002 step 3274 dt 5.37e-03  E 0.062495 Z 0.5681 ε 0.000568 max|ω| 26.621 (interp 26.829) ⟨ωSω⟩ 0.2025 (phys 0.2025) kmaxη 3.98 S -0.555 align 0.46/0.59/0.41 zgap 1.83  health WARN (end PASS)  ebal 4.9e-10 zbal 7.4e-07  0.27 h, ETA 0.04 h
[2026-08-24 20:25:48] checkpoint written at t=14.0021
[2026-08-24 20:26:13] t 14.503 step 3365 dt 5.47e-03  E 0.062211 Z 0.5692 ε 0.000569 max|ω| 23.665 (interp 24.153) ⟨ωSω⟩ 0.1783 (phys 0.1783) kmaxη 3.97 S -0.487 align 0.47/0.59/0.40 zgap 1.67  health WARN (end PASS)  ebal 4.9e-10 zbal 7.4e-07  0.28 h, ETA 0.03 h
[2026-08-24 20:26:39] t 15.005 step 3459 dt 5.20e-03  E 0.061923 Z 0.5801 ε 0.000580 max|ω| 21.452 (interp 22.087) ⟨ωSω⟩ 0.1840 (phys 0.1840) kmaxη 3.96 S -0.489 align 0.48/0.59/0.40 zgap 1.51  health WARN (end PASS)  ebal 4.9e-10 zbal 7.4e-07  0.29 h, ETA 0.02 h
[2026-08-24 20:27:05] t 15.503 step 3557 dt 5.04e-03  E 0.061631 Z 0.5939 ε 0.000594 max|ω| 20.517 (interp 20.733) ⟨ωSω⟩ 0.1865 (phys 0.1865) kmaxη 3.93 S -0.478 align 0.50/0.58/0.39 zgap 1.43  health WARN (end PASS)  ebal 4.9e-10 zbal 7.4e-07  0.30 h, ETA 0.01 h
[2026-08-24 20:27:32] t 16.004 step 3655 dt 5.19e-03  E 0.061328 Z 0.6169 ε 0.000617 max|ω| 17.887 (interp 17.983) ⟨ωSω⟩ 0.2055 (phys 0.2055) kmaxη 3.90 S -0.498 align 0.51/0.58/0.38 zgap 1.41  health WARN (end PASS)  ebal 4.9e-10 zbal 7.4e-07  0.31 h, ETA -0.00 h
[2026-08-24 20:27:39] checkpoint written at t=16.0039
[2026-08-24 20:27:39] DONE: ε_max 0.000816 at t 8.715; max|ω| peak 129.164 at t 8.613; interpolated peak 132.700 at t 8.600; E(16) 0.061328; health WARN; 0.31 h
