[2026-08-22 23:11:15] NSLab GPU 0.1.0 (app 0.5.0) — tubes N=192³ Re=4000 tEnd=16.0 cfl=0.4 dt=adaptive snap=0.5 ckpt=2.0  device NVIDIA GeForce RTX 3060 Laptop GPU  float64
[2026-08-22 23:11:16] solver ready in 1.2 s, device memory 3.28 GB, kc 64, E0 0.07031047701250988, Z0 0.40027018782525126
[2026-08-22 23:11:17] t 0.000 step 0 dt 0.00e+00  E 0.070310 Z 0.4003 ε 0.000200 max|ω| 8.025 ⟨ωSω⟩ -0.0000 (phys 0.0000) kmaxη 1.85 S 0.000 align 0.45/0.53/0.45  health PASS  ebal 0.0e+00 zbal 0.0e+00  0.00 h, ETA 575.45 h
[2026-08-22 23:12:25] t 0.501 step 75 dt 7.07e-03  E 0.070210 Z 0.3994 ε 0.000200 max|ω| 7.985 ⟨ωSω⟩ 0.0030 (phys 0.0030) kmaxη 1.85 S -0.014 align 0.52/0.52/0.37  health PASS  ebal 4.0e-13 zbal 1.3e-11  0.02 h, ETA 0.60 h
[2026-08-22 23:13:27] t 1.002 step 142 dt 7.77e-03  E 0.070110 Z 0.4038 ε 0.000202 max|ω| 8.083 ⟨ωSω⟩ 0.0236 (phys 0.0236) kmaxη 1.85 S -0.108 align 0.56/0.51/0.33  health PASS  ebal 4.0e-13 zbal 2.9e-10  0.04 h, ETA 0.55 h
[2026-08-22 23:14:25] t 1.501 step 206 dt 7.75e-03  E 0.070007 Z 0.4192 ε 0.000210 max|ω| 8.363 ⟨ωSω⟩ 0.0451 (phys 0.0451) kmaxη 1.83 S -0.195 align 0.59/0.49/0.31  health PASS  ebal 1.5e-12 zbal 1.0e-09  0.05 h, ETA 0.51 h
[2026-08-22 23:15:26] t 2.004 step 272 dt 7.52e-03  E 0.069899 Z 0.4418 ε 0.000221 max|ω| 8.567 ⟨ωSω⟩ 0.0576 (phys 0.0576) kmaxη 1.81 S -0.230 align 0.61/0.47/0.31  health PASS  ebal 1.6e-12 zbal 1.2e-09  0.07 h, ETA 0.49 h
[2026-08-22 23:15:27] checkpoint written at t=2.0043
[2026-08-22 23:16:29] t 2.504 step 339 dt 7.41e-03  E 0.069786 Z 0.4658 ε 0.000233 max|ω| 8.933 ⟨ωSω⟩ 0.0649 (phys 0.0649) kmaxη 1.78 S -0.240 align 0.62/0.46/0.32  health PASS  ebal 1.6e-12 zbal 1.2e-09  0.09 h, ETA 0.47 h
[2026-08-22 23:17:31] t 3.007 step 407 dt 7.38e-03  E 0.069666 Z 0.4905 ε 0.000245 max|ω| 9.422 ⟨ωSω⟩ 0.0740 (phys 0.0740) kmaxη 1.76 S -0.253 align 0.62/0.45/0.34  health PASS  ebal 1.6e-12 zbal 1.2e-09  0.10 h, ETA 0.45 h
[2026-08-22 23:18:35] t 3.506 step 475 dt 7.30e-03  E 0.069540 Z 0.5150 ε 0.000257 max|ω| 9.223 ⟨ωSω⟩ 0.0815 (phys 0.0815) kmaxη 1.74 S -0.259 align 0.61/0.44/0.36  health PASS  ebal 1.6e-12 zbal 1.2e-09  0.12 h, ETA 0.44 h
[2026-08-22 23:19:39] t 4.006 step 544 dt 7.19e-03  E 0.069408 Z 0.5373 ε 0.000269 max|ω| 9.133 ⟨ωSω⟩ 0.0863 (phys 0.0863) kmaxη 1.72 S -0.257 align 0.61/0.43/0.38  health PASS  ebal 1.6e-12 zbal 1.2e-09  0.14 h, ETA 0.42 h
[2026-08-22 23:19:39] checkpoint written at t=4.0063
[2026-08-22 23:20:44] t 4.504 step 614 dt 7.01e-03  E 0.069272 Z 0.5567 ε 0.000278 max|ω| 9.088 ⟨ωSω⟩ 0.0921 (phys 0.0921) kmaxη 1.71 S -0.260 align 0.61/0.42/0.40  health PASS  ebal 1.6e-12 zbal 1.2e-09  0.16 h, ETA 0.40 h
[2026-08-22 23:21:50] t 5.001 step 686 dt 6.83e-03  E 0.069132 Z 0.5735 ε 0.000287 max|ω| 9.572 ⟨ωSω⟩ 0.0969 (phys 0.0969) kmaxη 1.69 S -0.262 align 0.60/0.41/0.42  health PASS  ebal 1.6e-12 zbal 1.2e-09  0.18 h, ETA 0.39 h
[2026-08-22 23:22:59] t 5.502 step 760 dt 6.70e-03  E 0.068986 Z 0.5880 ε 0.000294 max|ω| 10.194 ⟨ωSω⟩ 0.1012 (phys 0.1012) kmaxη 1.68 S -0.263 align 0.60/0.41/0.42  health PASS  ebal 1.6e-12 zbal 1.2e-09  0.20 h, ETA 0.37 h
[2026-08-22 23:24:09] t 6.005 step 836 dt 6.55e-03  E 0.068837 Z 0.6018 ε 0.000301 max|ω| 10.412 ⟨ωSω⟩ 0.1090 (phys 0.1090) kmaxη 1.67 S -0.274 align 0.59/0.42/0.43  health PASS  ebal 1.6e-12 zbal 1.2e-09  0.21 h, ETA 0.36 h
[2026-08-22 23:24:09] checkpoint written at t=6.0050
[2026-08-22 23:25:21] t 6.504 step 914 dt 6.20e-03  E 0.068685 Z 0.6178 ε 0.000309 max|ω| 12.234 ⟨ωSω⟩ 0.1236 (phys 0.1236) kmaxη 1.66 S -0.299 align 0.58/0.42/0.44  health PASS  ebal 1.6e-12 zbal 1.2e-09  0.24 h, ETA 0.34 h
[2026-08-22 23:26:37] t 7.002 step 997 dt 5.81e-03  E 0.068528 Z 0.6426 ε 0.000321 max|ω| 16.910 ⟨ωSω⟩ 0.1615 (phys 0.1615) kmaxη 1.65 S -0.368 align 0.57/0.43/0.45  health PASS  ebal 1.6e-12 zbal 1.2e-09  0.26 h, ETA 0.33 h
[2026-08-22 23:27:58] t 7.502 step 1084 dt 5.79e-03  E 0.068361 Z 0.7047 ε 0.000352 max|ω| 36.110 ⟨ωSω⟩ 0.3354 (phys 0.3354) kmaxη 1.61 S -0.665 align 0.55/0.44/0.45  health PASS  ebal 1.6e-12 zbal 1.2e-09  0.28 h, ETA 0.32 h
[2026-08-22 23:29:15] t 8.004 step 1168 dt 6.22e-03  E 0.068166 Z 0.8691 ε 0.000435 max|ω| 74.159 ⟨ωSω⟩ 0.7846 (phys 0.7850) kmaxη 1.53 S -1.137 align 0.54/0.44/0.46  health PASS  ebal 2.2e-12 zbal 3.0e-09  0.30 h, ETA 0.30 h
[2026-08-22 23:29:15] checkpoint written at t=8.0039
[2026-08-22 23:30:27] t 8.502 step 1246 dt 6.36e-03  E 0.067920 Z 1.0924 ε 0.000546 max|ω| 68.800 ⟨ωSω⟩ 1.0892 (phys 1.0916) kmaxη 1.44 S -1.120 align 0.51/0.46/0.47  health WARN  ebal 2.0e-10 zbal 6.6e-08  0.32 h, ETA 0.28 h
[2026-08-22 23:31:40] t 9.006 step 1325 dt 6.29e-03  E 0.067631 Z 1.1996 ε 0.000600 max|ω| 70.565 ⟨ωSω⟩ 1.3291 (phys 1.3333) kmaxη 1.41 S -1.187 align 0.49/0.49/0.48  health WARN  ebal 1.1e-08 zbal 3.2e-06  0.34 h, ETA 0.26 h
[2026-08-22 23:32:54] t 9.504 step 1405 dt 6.59e-03  E 0.067315 Z 1.3162 ε 0.000658 max|ω| 69.115 ⟨ωSω⟩ 1.5791 (phys 1.5802) kmaxη 1.38 S -1.227 align 0.48/0.50/0.48  health WARN  ebal 1.7e-08 zbal 4.7e-06  0.36 h, ETA 0.25 h
[2026-08-22 23:34:13] t 10.004 step 1491 dt 5.89e-03  E 0.066981 Z 1.3573 ε 0.000679 max|ω| 87.188 ⟨ωSω⟩ 1.5846 (phys 1.5862) kmaxη 1.37 S -1.176 align 0.46/0.53/0.48  health WARN  ebal 1.7e-08 zbal 4.7e-06  0.38 h, ETA 0.23 h
[2026-08-22 23:34:13] checkpoint written at t=10.0043
[2026-08-22 23:35:28] t 10.504 step 1572 dt 5.85e-03  E 0.066652 Z 1.2719 ε 0.000636 max|ω| 80.166 ⟨ωSω⟩ 1.3463 (phys 1.3447) kmaxη 1.39 S -1.102 align 0.45/0.55/0.47  health WARN  ebal 3.8e-08 zbal 9.8e-06  0.40 h, ETA 0.21 h
[2026-08-22 23:36:45] t 11.004 step 1656 dt 5.61e-03  E 0.066347 Z 1.1560 ε 0.000578 max|ω| 61.959 ⟨ωSω⟩ 1.0070 (phys 1.0069) kmaxη 1.42 S -0.951 align 0.44/0.56/0.47  health WARN  ebal 3.8e-08 zbal 1.1e-05  0.43 h, ETA 0.19 h
[2026-08-22 23:38:08] t 11.500 step 1746 dt 6.22e-03  E 0.066076 Z 1.0404 ε 0.000520 max|ω| 56.939 ⟨ωSω⟩ 0.8267 (phys 0.8277) kmaxη 1.46 S -0.914 align 0.43/0.57/0.47  health PASS  ebal 3.8e-08 zbal 1.1e-05  0.45 h, ETA 0.18 h
[2026-08-22 23:39:24] t 12.003 step 1828 dt 6.39e-03  E 0.065822 Z 0.9895 ε 0.000495 max|ω| 59.202 ⟨ωSω⟩ 0.8132 (phys 0.8135) kmaxη 1.48 S -0.970 align 0.43/0.57/0.46  health PASS  ebal 3.8e-08 zbal 1.1e-05  0.47 h, ETA 0.16 h
[2026-08-22 23:39:24] checkpoint written at t=12.0029
[2026-08-22 23:40:33] t 12.506 step 1902 dt 7.26e-03  E 0.065578 Z 0.9470 ε 0.000473 max|ω| 46.694 ⟨ωSω⟩ 0.6409 (phys 0.6410) kmaxη 1.49 S -0.816 align 0.43/0.57/0.46  health PASS  ebal 3.8e-08 zbal 1.2e-05  0.49 h, ETA 0.14 h
[2026-08-22 23:41:36] t 13.007 step 1970 dt 7.59e-03  E 0.065344 Z 0.9176 ε 0.000459 max|ω| 36.047 ⟨ωSω⟩ 0.5560 (phys 0.5561) kmaxη 1.51 S -0.742 align 0.44/0.57/0.46  health PASS  ebal 3.8e-08 zbal 1.3e-05  0.51 h, ETA 0.12 h
[2026-08-22 23:42:35] t 13.504 step 2034 dt 7.97e-03  E 0.065120 Z 0.8839 ε 0.000442 max|ω| 32.502 ⟨ωSω⟩ 0.4647 (phys 0.4646) kmaxη 1.52 S -0.656 align 0.45/0.57/0.45  health PASS  ebal 3.8e-08 zbal 1.3e-05  0.52 h, ETA 0.10 h
[2026-08-22 23:43:34] t 14.007 step 2098 dt 7.68e-03  E 0.064900 Z 0.8665 ε 0.000433 max|ω| 35.518 ⟨ωSω⟩ 0.4575 (phys 0.4575) kmaxη 1.53 S -0.666 align 0.46/0.57/0.44  health PASS  ebal 3.8e-08 zbal 1.3e-05  0.54 h, ETA 0.08 h
[2026-08-22 23:43:34] checkpoint written at t=14.0072
[2026-08-22 23:44:32] t 14.506 step 2161 dt 8.08e-03  E 0.064684 Z 0.8685 ε 0.000434 max|ω| 29.438 ⟨ωSω⟩ 0.4543 (phys 0.4543) kmaxη 1.53 S -0.659 align 0.47/0.57/0.44  health PASS  ebal 3.8e-08 zbal 1.3e-05  0.55 h, ETA 0.06 h
[2026-08-22 23:45:32] t 15.008 step 2225 dt 7.67e-03  E 0.064465 Z 0.8861 ε 0.000443 max|ω| 28.419 ⟨ωSω⟩ 0.4917 (phys 0.4916) kmaxη 1.52 S -0.692 align 0.48/0.56/0.43  health PASS  ebal 3.8e-08 zbal 1.3e-05  0.57 h, ETA 0.04 h
[2026-08-22 23:46:29] t 15.504 step 2287 dt 8.27e-03  E 0.064241 Z 0.9181 ε 0.000459 max|ω| 27.583 ⟨ωSω⟩ 0.4862 (phys 0.4862) kmaxη 1.51 S -0.649 align 0.49/0.56/0.43  health PASS  ebal 3.8e-08 zbal 1.3e-05  0.59 h, ETA 0.02 h
[2026-08-22 23:47:25] t 16.006 step 2348 dt 8.09e-03  E 0.064007 Z 0.9486 ε 0.000474 max|ω| 30.206 ⟨ωSω⟩ 0.5215 (phys 0.5215) kmaxη 1.49 S -0.663 align 0.49/0.55/0.44  health PASS  ebal 3.8e-08 zbal 1.3e-05  0.60 h, ETA -0.00 h
[2026-08-22 23:47:26] checkpoint written at t=16.0065
[2026-08-22 23:47:26] DONE: ε_max 0.000679 at t 9.998; max|ω| peak 108.520 at t 8.265; E(16) 0.064007; health PASS; 0.60 h
