[2026-08-24 19:10:20] NSLab GPU 0.1.2 (app 0.5.1) — tubes N=256³ Re=1414 tEnd=16.0 cfl=0.4 dt=adaptive snap=0.5 ckpt=2.0  device NVIDIA GeForce RTX 3060 Laptop GPU  float32
[2026-08-24 19:10:21] solver ready in 0.9 s, device memory 3.70 GB, kc 85, E0 0.07031046599149704, Z0 0.40027013421058655
[2026-08-24 19:10:24] t 0.000 step 0 dt 0.00e+00  E 0.070310 Z 0.4003 ε 0.000566 max|ω| 8.034 (interp 8.037) ⟨ωSω⟩ -0.0000 (phys 0.0000) kmaxη 4.14 S 0.000 align 0.45/0.53/0.45 zgap 5.08  health FAIL (end FAIL)  ebal 0.0e+00 zbal 0.0e+00  0.00 h, ETA 1117.66 h
[2026-08-24 19:11:11] t 0.502 step 100 dt 5.32e-03  E 0.070028 Z 0.3970 ε 0.000562 max|ω| 7.949 (interp 7.950) ⟨ωSω⟩ 0.0029 (phys 0.0029) kmaxη 4.15 S -0.014 align 0.52/0.52/0.37 zgap 4.91  health FAIL (end FAIL)  ebal 2.6e-07 zbal 2.2e-07  0.01 h, ETA 0.44 h
[2026-08-24 19:11:52] t 1.001 step 189 dt 5.84e-03  E 0.069747 Z 0.3985 ε 0.000564 max|ω| 7.978 (interp 7.986) ⟨ωSω⟩ 0.0223 (phys 0.0223) kmaxη 4.14 S -0.104 align 0.56/0.51/0.33 zgap 4.54  health FAIL (end FAIL)  ebal 2.6e-07 zbal 2.4e-07  0.03 h, ETA 0.38 h
[2026-08-24 19:12:34] t 1.502 step 274 dt 5.85e-03  E 0.069462 Z 0.4093 ε 0.000579 max|ω| 8.194 (interp 8.196) ⟨ωSω⟩ 0.0415 (phys 0.0415) kmaxη 4.12 S -0.186 align 0.59/0.49/0.31 zgap 4.22  health FAIL (end FAIL)  ebal 2.6e-07 zbal 2.7e-07  0.04 h, ETA 0.36 h
[2026-08-24 19:13:13] t 2.004 step 361 dt 5.70e-03  E 0.069166 Z 0.4245 ε 0.000600 max|ω| 8.340 (interp 8.345) ⟨ωSω⟩ 0.0507 (phys 0.0507) kmaxη 4.08 S -0.215 align 0.61/0.48/0.30 zgap 3.98  health FAIL (end FAIL)  ebal 2.7e-07 zbal 2.7e-07  0.05 h, ETA 0.34 h
[2026-08-24 19:13:13] checkpoint written at t=2.0036
[2026-08-24 19:13:56] t 2.501 step 449 dt 5.63e-03  E 0.068862 Z 0.4381 ε 0.000620 max|ω| 8.635 (interp 8.637) ⟨ωSω⟩ 0.0533 (phys 0.0533) kmaxη 4.05 S -0.216 align 0.62/0.47/0.31 zgap 3.83  health FAIL (end FAIL)  ebal 2.8e-07 zbal 2.7e-07  0.06 h, ETA 0.32 h
[2026-08-24 19:14:42] t 3.001 step 538 dt 5.60e-03  E 0.068548 Z 0.4492 ε 0.000635 max|ω| 9.083 (interp 9.085) ⟨ωSω⟩ 0.0570 (phys 0.0570) kmaxη 4.02 S -0.222 align 0.62/0.46/0.32 zgap 3.78  health FAIL (end FAIL)  ebal 2.8e-07 zbal 2.7e-07  0.07 h, ETA 0.32 h
[2026-08-24 19:15:24] t 3.503 step 628 dt 5.56e-03  E 0.068226 Z 0.4579 ε 0.000648 max|ω| 8.977 (interp 8.977) ⟨ωSω⟩ 0.0592 (phys 0.0592) kmaxη 4.00 S -0.224 align 0.62/0.45/0.34 zgap 3.68  health FAIL (end FAIL)  ebal 2.8e-07 zbal 2.7e-07  0.08 h, ETA 0.30 h
[2026-08-24 19:16:06] t 4.000 step 718 dt 5.48e-03  E 0.067902 Z 0.4631 ε 0.000655 max|ω| 8.518 (interp 8.524) ⟨ωSω⟩ 0.0586 (phys 0.0586) kmaxη 3.99 S -0.218 align 0.62/0.44/0.36 zgap 3.58  health FAIL (end FAIL)  ebal 2.8e-07 zbal 2.7e-07  0.10 h, ETA 0.29 h
[2026-08-24 19:16:06] checkpoint written at t=4.0002
[2026-08-24 19:16:47] t 4.500 step 810 dt 5.39e-03  E 0.067573 Z 0.4657 ε 0.000659 max|ω| 8.406 (interp 8.411) ⟨ωSω⟩ 0.0596 (phys 0.0596) kmaxη 3.99 S -0.220 align 0.62/0.44/0.37 zgap 3.51  health FAIL (end FAIL)  ebal 2.8e-07 zbal 2.7e-07  0.11 h, ETA 0.27 h
[2026-08-24 19:17:31] t 5.001 step 904 dt 5.26e-03  E 0.067243 Z 0.4672 ε 0.000661 max|ω| 8.400 (interp 8.406) ⟨ωSω⟩ 0.0611 (phys 0.0611) kmaxη 3.98 S -0.225 align 0.61/0.43/0.39 zgap 3.44  health FAIL (end FAIL)  ebal 2.8e-07 zbal 2.7e-07  0.12 h, ETA 0.26 h
[2026-08-24 19:18:13] t 5.501 step 1000 dt 5.17e-03  E 0.066912 Z 0.4688 ε 0.000663 max|ω| 8.715 (interp 8.721) ⟨ωSω⟩ 0.0627 (phys 0.0627) kmaxη 3.98 S -0.229 align 0.60/0.43/0.40 zgap 3.29  health FAIL (end FAIL)  ebal 2.8e-07 zbal 2.7e-07  0.13 h, ETA 0.25 h
[2026-08-24 19:18:57] t 6.000 step 1097 dt 5.11e-03  E 0.066580 Z 0.4715 ε 0.000667 max|ω| 9.012 (interp 9.016) ⟨ωSω⟩ 0.0667 (phys 0.0667) kmaxη 3.97 S -0.242 align 0.59/0.44/0.41 zgap 3.19  health FAIL (end FAIL)  ebal 2.8e-07 zbal 2.7e-07  0.14 h, ETA 0.24 h
[2026-08-24 19:18:58] checkpoint written at t=6.0004
[2026-08-24 19:19:46] t 6.504 step 1197 dt 4.96e-03  E 0.066242 Z 0.4775 ε 0.000675 max|ω| 9.996 (interp 10.047) ⟨ωSω⟩ 0.0756 (phys 0.0756) kmaxη 3.96 S -0.269 align 0.58/0.45/0.42 zgap 3.07  health FAIL (end FAIL)  ebal 2.8e-07 zbal 2.7e-07  0.16 h, ETA 0.23 h
[2026-08-24 19:20:50] t 7.003 step 1300 dt 4.72e-03  E 0.065902 Z 0.4901 ε 0.000693 max|ω| 13.510 (interp 13.566) ⟨ωSω⟩ 0.0958 (phys 0.0958) kmaxη 3.93 S -0.328 align 0.57/0.46/0.42 zgap 2.97  health FAIL (end FAIL)  ebal 2.8e-07 zbal 2.7e-07  0.18 h, ETA 0.22 h
[2026-08-24 19:21:59] t 7.503 step 1408 dt 4.60e-03  E 0.065547 Z 0.5174 ε 0.000732 max|ω| 21.646 (interp 21.656) ⟨ωSω⟩ 0.1574 (phys 0.1574) kmaxη 3.88 S -0.496 align 0.56/0.46/0.43 zgap 2.85  health FAIL (end FAIL)  ebal 2.8e-07 zbal 2.7e-07  0.19 h, ETA 0.22 h
[2026-08-24 19:23:12] t 8.004 step 1514 dt 4.89e-03  E 0.065162 Z 0.5731 ε 0.000811 max|ω| 41.644 (interp 42.548) ⟨ωSω⟩ 0.3396 (phys 0.3396) kmaxη 3.78 S -0.919 align 0.55/0.47/0.44 zgap 2.80  health FAIL (end FAIL)  ebal 3.2e-07 zbal 2.7e-07  0.21 h, ETA 0.21 h
[2026-08-24 19:23:13] checkpoint written at t=8.0041
[2026-08-24 19:24:14] t 8.502 step 1611 dt 5.41e-03  E 0.064732 Z 0.6502 ε 0.000920 max|ω| 58.861 (interp 59.327) ⟨ωSω⟩ 0.6876 (phys 0.6876) kmaxη 3.67 S -1.539 align 0.53/0.48/0.44 zgap 2.95  health FAIL (end FAIL)  ebal 3.2e-07 zbal 2.7e-07  0.23 h, ETA 0.20 h
[2026-08-24 19:25:08] t 9.004 step 1699 dt 5.98e-03  E 0.064257 Z 0.6665 ε 0.000943 max|ω| 89.760 (interp 93.098) ⟨ωSω⟩ 0.7253 (phys 0.7253) kmaxη 3.64 S -1.564 align 0.51/0.50/0.45 zgap 3.02  health FAIL (end FAIL)  ebal 3.2e-07 zbal 2.7e-07  0.25 h, ETA 0.19 h
[2026-08-24 19:25:45] t 9.502 step 1784 dt 5.53e-03  E 0.063816 Z 0.5855 ε 0.000828 max|ω| 47.708 (interp 47.787) ⟨ωSω⟩ 0.4319 (phys 0.4319) kmaxη 3.76 S -1.131 align 0.50/0.52/0.44 zgap 2.92  health FAIL (end FAIL)  ebal 3.2e-07 zbal 2.7e-07  0.26 h, ETA 0.18 h
[2026-08-24 19:26:24] t 10.005 step 1872 dt 5.87e-03  E 0.063407 Z 0.5707 ε 0.000807 max|ω| 64.025 (interp 66.442) ⟨ωSω⟩ 0.4899 (phys 0.4899) kmaxη 3.79 S -1.334 align 0.49/0.54/0.44 zgap 2.90  health FAIL (end FAIL)  ebal 3.2e-07 zbal 2.7e-07  0.27 h, ETA 0.16 h
[2026-08-24 19:26:25] checkpoint written at t=10.0049
[2026-08-24 19:27:04] t 10.503 step 1958 dt 5.71e-03  E 0.063015 Z 0.5384 ε 0.000762 max|ω| 46.610 (interp 48.886) ⟨ωSω⟩ 0.3850 (phys 0.3850) kmaxη 3.84 S -1.144 align 0.47/0.56/0.43 zgap 2.80  health FAIL (end FAIL)  ebal 3.2e-07 zbal 2.7e-07  0.28 h, ETA 0.15 h
[2026-08-24 19:27:43] t 11.002 step 2045 dt 5.82e-03  E 0.062649 Z 0.5019 ε 0.000710 max|ω| 46.777 (interp 48.773) ⟨ωSω⟩ 0.2867 (phys 0.2867) kmaxη 3.91 S -0.946 align 0.46/0.58/0.43 zgap 2.53  health FAIL (end FAIL)  ebal 3.2e-07 zbal 2.9e-07  0.29 h, ETA 0.13 h
[2026-08-24 19:28:21] t 11.506 step 2129 dt 5.89e-03  E 0.062300 Z 0.4787 ε 0.000677 max|ω| 36.911 (interp 37.839) ⟨ωSω⟩ 0.2314 (phys 0.2314) kmaxη 3.96 S -0.820 align 0.45/0.59/0.42 zgap 2.21  health FAIL (end FAIL)  ebal 3.2e-07 zbal 2.9e-07  0.30 h, ETA 0.12 h
[2026-08-24 19:28:57] t 12.003 step 2211 dt 6.17e-03  E 0.061967 Z 0.4704 ε 0.000665 max|ω| 29.228 (interp 29.578) ⟨ωSω⟩ 0.2126 (phys 0.2126) kmaxη 3.98 S -0.773 align 0.44/0.59/0.42 zgap 2.04  health FAIL (end FAIL)  ebal 3.2e-07 zbal 2.9e-07  0.31 h, ETA 0.10 h
[2026-08-24 19:28:57] checkpoint written at t=12.0033
[2026-08-24 19:29:33] t 12.505 step 2290 dt 6.62e-03  E 0.061634 Z 0.4694 ε 0.000664 max|ω| 26.499 (interp 27.174) ⟨ωSω⟩ 0.2009 (phys 0.2009) kmaxη 3.98 S -0.733 align 0.43/0.59/0.42 zgap 2.04  health FAIL (end FAIL)  ebal 3.2e-07 zbal 2.9e-07  0.32 h, ETA 0.09 h
[2026-08-24 19:30:07] t 13.004 step 2366 dt 6.57e-03  E 0.061303 Z 0.4692 ε 0.000664 max|ω| 24.801 (interp 25.078) ⟨ωSω⟩ 0.1841 (phys 0.1841) kmaxη 3.98 S -0.672 align 0.43/0.60/0.41 zgap 2.01  health FAIL (end FAIL)  ebal 3.2e-07 zbal 2.9e-07  0.33 h, ETA 0.08 h
[2026-08-24 19:30:41] t 13.500 step 2441 dt 6.62e-03  E 0.060973 Z 0.4719 ε 0.000667 max|ω| 22.649 (interp 22.709) ⟨ωSω⟩ 0.1630 (phys 0.1630) kmaxη 3.97 S -0.590 align 0.44/0.60/0.41 zgap 2.09  health FAIL (end FAIL)  ebal 3.2e-07 zbal 2.9e-07  0.34 h, ETA 0.06 h
[2026-08-24 19:31:14] t 14.000 step 2514 dt 6.90e-03  E 0.060638 Z 0.4732 ε 0.000669 max|ω| 20.006 (interp 20.316) ⟨ωSω⟩ 0.1433 (phys 0.1433) kmaxη 3.97 S -0.517 align 0.45/0.59/0.41 zgap 2.01  health FAIL (end FAIL)  ebal 3.2e-07 zbal 2.9e-07  0.35 h, ETA 0.05 h
[2026-08-24 19:31:14] checkpoint written at t=14.0001
[2026-08-24 19:31:47] t 14.501 step 2585 dt 7.14e-03  E 0.060303 Z 0.4758 ε 0.000673 max|ω| 18.087 (interp 18.279) ⟨ωSω⟩ 0.1309 (phys 0.1309) kmaxη 3.96 S -0.468 align 0.47/0.59/0.40 zgap 1.91  health FAIL (end FAIL)  ebal 3.2e-07 zbal 2.9e-07  0.36 h, ETA 0.04 h
[2026-08-24 19:32:20] t 15.003 step 2656 dt 7.00e-03  E 0.059963 Z 0.4828 ε 0.000683 max|ω| 16.884 (interp 17.038) ⟨ωSω⟩ 0.1269 (phys 0.1269) kmaxη 3.95 S -0.444 align 0.48/0.59/0.39 zgap 1.77  health FAIL (end FAIL)  ebal 3.2e-07 zbal 3.2e-07  0.37 h, ETA 0.02 h
[2026-08-24 19:32:55] t 15.504 step 2730 dt 6.57e-03  E 0.059617 Z 0.4934 ε 0.000698 max|ω| 17.153 (interp 17.218) ⟨ωSω⟩ 0.1284 (phys 0.1284) kmaxη 3.93 S -0.435 align 0.49/0.59/0.39 zgap 1.64  health FAIL (end FAIL)  ebal 3.2e-07 zbal 3.2e-07  0.38 h, ETA 0.01 h
[2026-08-24 19:33:32] t 16.003 step 2807 dt 6.50e-03  E 0.059263 Z 0.5084 ε 0.000719 max|ω| 15.602 (interp 15.820) ⟨ωSω⟩ 0.1379 (phys 0.1379) kmaxη 3.90 S -0.447 align 0.50/0.59/0.38 zgap 1.74  health FAIL (end FAIL)  ebal 3.2e-07 zbal 3.2e-07  0.39 h, ETA -0.00 h
[2026-08-24 19:33:32] checkpoint written at t=16.0030
[2026-08-24 19:33:32] DONE: ε_max 0.000955 at t 8.828; max|ω| peak 91.577 at t 9.028; interpolated peak 93.098 at t 9.004; E(16) 0.059263; health FAIL; 0.39 h
