[2026-08-24 20:11:56] NSLab GPU 0.1.2 (app 0.5.1) — tubes N=256³ Re=1000 tEnd=16.0 cfl=0.2 dt=adaptive snap=0.5 ckpt=2.0  device NVIDIA GeForce RTX 3060 Laptop GPU  float32
[2026-08-24 20:11:57] solver ready in 0.8 s, device memory 3.70 GB, kc 85, E0 0.07031046599149704, Z0 0.40027013421058655
[2026-08-24 20:12:00] t 0.000 step 0 dt 0.00e+00  E 0.070310 Z 0.4003 ε 0.000801 max|ω| 8.034 (interp 8.037) ⟨ωSω⟩ -0.0000 (phys 0.0000) kmaxη 4.92 S 0.000 align 0.45/0.53/0.45 zgap 5.08  health FAIL (end FAIL)  ebal 0.0e+00 zbal 0.0e+00  0.00 h, ETA 1105.32 h
[2026-08-24 20:13:30] t 0.502 step 200 dt 2.66e-03  E 0.069911 Z 0.3954 ε 0.000791 max|ω| 7.919 (interp 7.920) ⟨ωSω⟩ 0.0029 (phys 0.0029) kmaxη 4.94 S -0.014 align 0.52/0.52/0.37 zgap 4.91  health FAIL (end FAIL)  ebal 2.8e-07 zbal 2.5e-07  0.03 h, ETA 0.81 h
[2026-08-24 20:14:50] t 1.003 step 378 dt 2.93e-03  E 0.069516 Z 0.3951 ε 0.000790 max|ω| 7.916 (interp 7.922) ⟨ωSω⟩ 0.0216 (phys 0.0216) kmaxη 4.94 S -0.102 align 0.56/0.51/0.33 zgap 4.54  health FAIL (end FAIL)  ebal 2.9e-07 zbal 2.7e-07  0.05 h, ETA 0.72 h
[2026-08-24 20:16:05] t 1.502 step 547 dt 2.94e-03  E 0.069118 Z 0.4033 ε 0.000807 max|ω| 8.091 (interp 8.092) ⟨ωSω⟩ 0.0395 (phys 0.0395) kmaxη 4.91 S -0.181 align 0.59/0.49/0.31 zgap 4.22  health FAIL (end FAIL)  ebal 2.9e-07 zbal 3.5e-07  0.07 h, ETA 0.67 h
[2026-08-24 20:17:21] t 2.001 step 719 dt 2.87e-03  E 0.068710 Z 0.4148 ε 0.000830 max|ω| 8.203 (interp 8.209) ⟨ωSω⟩ 0.0472 (phys 0.0472) kmaxη 4.88 S -0.208 align 0.61/0.48/0.30 zgap 3.98  health FAIL (end FAIL)  ebal 2.9e-07 zbal 3.5e-07  0.09 h, ETA 0.63 h
[2026-08-24 20:17:22] checkpoint written at t=2.0009
[2026-08-24 20:18:41] t 2.502 step 895 dt 2.83e-03  E 0.068289 Z 0.4240 ε 0.000848 max|ω| 8.423 (interp 8.431) ⟨ωSω⟩ 0.0482 (phys 0.0482) kmaxη 4.85 S -0.205 align 0.62/0.47/0.31 zgap 3.83  health FAIL (end FAIL)  ebal 2.9e-07 zbal 3.5e-07  0.11 h, ETA 0.61 h
[2026-08-24 20:20:01] t 3.003 step 1072 dt 2.82e-03  E 0.067861 Z 0.4300 ε 0.000860 max|ω| 8.823 (interp 8.829) ⟨ωSω⟩ 0.0501 (phys 0.0501) kmaxη 4.83 S -0.209 align 0.62/0.46/0.32 zgap 3.78  health FAIL (end FAIL)  ebal 2.9e-07 zbal 3.5e-07  0.13 h, ETA 0.58 h
[2026-08-24 20:21:19] t 3.501 step 1249 dt 2.80e-03  E 0.067431 Z 0.4335 ε 0.000867 max|ω| 8.792 (interp 8.800) ⟨ωSω⟩ 0.0509 (phys 0.0509) kmaxη 4.82 S -0.209 align 0.62/0.45/0.34 zgap 3.68  health FAIL (end FAIL)  ebal 3.1e-07 zbal 3.5e-07  0.16 h, ETA 0.56 h
[2026-08-24 20:22:38] t 4.000 step 1428 dt 2.77e-03  E 0.066998 Z 0.4343 ε 0.000869 max|ω| 8.285 (interp 8.292) ⟨ωSω⟩ 0.0495 (phys 0.0495) kmaxη 4.82 S -0.203 align 0.62/0.45/0.35 zgap 3.56  health FAIL (end FAIL)  ebal 3.1e-07 zbal 3.5e-07  0.18 h, ETA 0.53 h
[2026-08-24 20:22:38] checkpoint written at t=4.0000
[2026-08-24 20:23:57] t 4.501 step 1610 dt 2.73e-03  E 0.066563 Z 0.4331 ε 0.000866 max|ω| 8.057 (interp 8.063) ⟨ωSω⟩ 0.0493 (phys 0.0493) kmaxη 4.83 S -0.203 align 0.62/0.44/0.37 zgap 3.49  health FAIL (end FAIL)  ebal 3.1e-07 zbal 3.5e-07  0.20 h, ETA 0.51 h
[2026-08-24 20:25:19] t 5.002 step 1795 dt 2.68e-03  E 0.066130 Z 0.4318 ε 0.000864 max|ω| 8.011 (interp 8.013) ⟨ωSω⟩ 0.0502 (phys 0.0502) kmaxη 4.83 S -0.208 align 0.62/0.44/0.38 zgap 3.41  health FAIL (end FAIL)  ebal 3.1e-07 zbal 3.5e-07  0.22 h, ETA 0.49 h
[2026-08-24 20:26:41] t 5.501 step 1983 dt 2.64e-03  E 0.065699 Z 0.4313 ε 0.000863 max|ω| 8.160 (interp 8.163) ⟨ωSω⟩ 0.0516 (phys 0.0516) kmaxη 4.83 S -0.214 align 0.61/0.44/0.39 zgap 3.29  health FAIL (end FAIL)  ebal 3.1e-07 zbal 3.5e-07  0.25 h, ETA 0.47 h
[2026-08-24 20:28:03] t 6.002 step 2174 dt 2.61e-03  E 0.065266 Z 0.4321 ε 0.000864 max|ω| 8.424 (interp 8.430) ⟨ωSω⟩ 0.0544 (phys 0.0544) kmaxη 4.83 S -0.225 align 0.59/0.44/0.40 zgap 3.19  health FAIL (end FAIL)  ebal 3.1e-07 zbal 3.5e-07  0.27 h, ETA 0.45 h
[2026-08-24 20:28:03] checkpoint written at t=6.0023
[2026-08-24 20:29:28] t 6.502 step 2367 dt 2.56e-03  E 0.064833 Z 0.4355 ε 0.000871 max|ω| 8.943 (interp 8.952) ⟨ωSω⟩ 0.0613 (phys 0.0613) kmaxη 4.82 S -0.250 align 0.58/0.45/0.41 zgap 3.09  health FAIL (end FAIL)  ebal 3.1e-07 zbal 3.5e-07  0.29 h, ETA 0.43 h
[2026-08-24 20:31:11] t 7.001 step 2565 dt 2.47e-03  E 0.064395 Z 0.4438 ε 0.000888 max|ω| 11.788 (interp 11.792) ⟨ωSω⟩ 0.0757 (phys 0.0757) kmaxη 4.80 S -0.301 align 0.57/0.46/0.41 zgap 2.97  health FAIL (end FAIL)  ebal 3.3e-07 zbal 3.5e-07  0.32 h, ETA 0.41 h
[2026-08-24 20:33:00] t 7.501 step 2771 dt 2.40e-03  E 0.063943 Z 0.4611 ε 0.000922 max|ω| 16.912 (interp 17.060) ⟨ωSω⟩ 0.1121 (phys 0.1121) kmaxη 4.75 S -0.420 align 0.56/0.47/0.42 zgap 2.87  health FAIL (end FAIL)  ebal 3.3e-07 zbal 3.5e-07  0.35 h, ETA 0.40 h
[2026-08-24 20:34:52] t 8.001 step 2975 dt 2.52e-03  E 0.063468 Z 0.4928 ε 0.000986 max|ω| 27.241 (interp 27.367) ⟨ωSω⟩ 0.2054 (phys 0.2054) kmaxη 4.67 S -0.697 align 0.55/0.47/0.43 zgap 2.80  health FAIL (end FAIL)  ebal 3.3e-07 zbal 3.5e-07  0.38 h, ETA 0.38 h
[2026-08-24 20:34:53] checkpoint written at t=8.0009
[2026-08-24 20:36:35] t 8.503 step 3166 dt 2.75e-03  E 0.062954 Z 0.5325 ε 0.001065 max|ω| 37.811 (interp 40.601) ⟨ωSω⟩ 0.3867 (phys 0.3867) kmaxη 4.58 S -1.168 align 0.54/0.48/0.43 zgap 2.80  health FAIL (end FAIL)  ebal 3.3e-07 zbal 3.5e-07  0.41 h, ETA 0.36 h
[2026-08-24 20:38:07] t 9.001 step 3338 dt 3.06e-03  E 0.062406 Z 0.5549 ε 0.001110 max|ω| 51.016 (interp 53.167) ⟨ωSω⟩ 0.5016 (phys 0.5016) kmaxη 4.54 S -1.424 align 0.52/0.50/0.43 zgap 3.22  health FAIL (end FAIL)  ebal 3.3e-07 zbal 3.5e-07  0.44 h, ETA 0.34 h
[2026-08-24 20:39:16] t 9.502 step 3497 dt 3.17e-03  E 0.061866 Z 0.5154 ε 0.001031 max|ω| 49.214 (interp 51.918) ⟨ωSω⟩ 0.3797 (phys 0.3797) kmaxη 4.62 S -1.205 align 0.51/0.52/0.43 zgap 2.99  health FAIL (end FAIL)  ebal 3.3e-07 zbal 3.5e-07  0.46 h, ETA 0.31 h
[2026-08-24 20:40:24] t 10.001 step 3655 dt 3.07e-03  E 0.061385 Z 0.4550 ε 0.000910 max|ω| 33.913 (interp 35.027) ⟨ωSω⟩ 0.2419 (phys 0.2419) kmaxη 4.77 S -0.925 align 0.49/0.55/0.42 zgap 2.55  health FAIL (end FAIL)  ebal 3.3e-07 zbal 3.5e-07  0.47 h, ETA 0.28 h
[2026-08-24 20:40:25] checkpoint written at t=10.0009
[2026-08-24 20:41:37] t 10.501 step 3819 dt 3.00e-03  E 0.060942 Z 0.4309 ε 0.000862 max|ω| 36.253 (interp 36.666) ⟨ωSω⟩ 0.2325 (phys 0.2325) kmaxη 4.83 S -0.965 align 0.48/0.57/0.42 zgap 2.43  health FAIL (end FAIL)  ebal 3.3e-07 zbal 3.5e-07  0.49 h, ETA 0.26 h
[2026-08-24 20:42:48] t 11.000 step 3986 dt 3.16e-03  E 0.060525 Z 0.4051 ε 0.000810 max|ω| 40.638 (interp 41.551) ⟨ωSω⟩ 0.1617 (phys 0.1617) kmaxη 4.91 S -0.736 align 0.46/0.58/0.42 zgap 2.48  health FAIL (end FAIL)  ebal 3.3e-07 zbal 3.5e-07  0.51 h, ETA 0.23 h
[2026-08-24 20:43:56] t 11.502 step 4141 dt 3.27e-03  E 0.060129 Z 0.3861 ε 0.000772 max|ω| 26.514 (interp 27.165) ⟨ωSω⟩ 0.1249 (phys 0.1249) kmaxη 4.97 S -0.611 align 0.45/0.59/0.42 zgap 2.28  health FAIL (end FAIL)  ebal 3.3e-07 zbal 3.5e-07  0.53 h, ETA 0.21 h
[2026-08-24 20:45:02] t 12.003 step 4293 dt 3.33e-03  E 0.059748 Z 0.3772 ε 0.000754 max|ω| 22.425 (interp 22.439) ⟨ωSω⟩ 0.1112 (phys 0.1112) kmaxη 5.00 S -0.564 align 0.43/0.60/0.41 zgap 1.99  health FAIL (end FAIL)  ebal 3.3e-07 zbal 3.5e-07  0.55 h, ETA 0.18 h
[2026-08-24 20:45:03] checkpoint written at t=12.0031
[2026-08-24 20:46:09] t 12.500 step 4440 dt 3.38e-03  E 0.059374 Z 0.3755 ε 0.000751 max|ω| 17.319 (interp 17.517) ⟨ωSω⟩ 0.1095 (phys 0.1095) kmaxη 5.00 S -0.558 align 0.43/0.60/0.41 zgap 2.09  health FAIL (end FAIL)  ebal 3.3e-07 zbal 3.5e-07  0.57 h, ETA 0.16 h
[2026-08-24 20:47:14] t 13.003 step 4587 dt 3.46e-03  E 0.058996 Z 0.3765 ε 0.000753 max|ω| 16.152 (interp 16.238) ⟨ωSω⟩ 0.1068 (phys 0.1068) kmaxη 5.00 S -0.542 align 0.42/0.60/0.41 zgap 2.28  health FAIL (end FAIL)  ebal 3.3e-07 zbal 3.5e-07  0.59 h, ETA 0.14 h
[2026-08-24 20:48:18] t 13.501 step 4729 dt 3.57e-03  E 0.058620 Z 0.3782 ε 0.000756 max|ω| 15.161 (interp 15.203) ⟨ωSω⟩ 0.1038 (phys 0.1038) kmaxη 4.99 S -0.524 align 0.43/0.60/0.41 zgap 2.41  health FAIL (end FAIL)  ebal 3.3e-07 zbal 3.5e-07  0.61 h, ETA 0.11 h
[2026-08-24 20:49:20] t 14.001 step 4868 dt 3.63e-03  E 0.058240 Z 0.3822 ε 0.000764 max|ω| 14.334 (interp 14.358) ⟨ωSω⟩ 0.1003 (phys 0.1003) kmaxη 4.98 S -0.498 align 0.44/0.60/0.40 zgap 2.48  health FAIL (end FAIL)  ebal 3.3e-07 zbal 3.5e-07  0.62 h, ETA 0.09 h
[2026-08-24 20:49:20] checkpoint written at t=14.0005
[2026-08-24 20:50:22] t 14.504 step 5006 dt 3.68e-03  E 0.057853 Z 0.3878 ε 0.000776 max|ω| 13.494 (interp 13.557) ⟨ωSω⟩ 0.0958 (phys 0.0958) kmaxη 4.96 S -0.465 align 0.46/0.60/0.40 zgap 2.41  health FAIL (end FAIL)  ebal 3.3e-07 zbal 3.5e-07  0.64 h, ETA 0.07 h
[2026-08-24 20:51:22] t 15.001 step 5140 dt 3.73e-03  E 0.057464 Z 0.3949 ε 0.000790 max|ω| 12.624 (interp 12.651) ⟨ωSω⟩ 0.0935 (phys 0.0935) kmaxη 4.94 S -0.442 align 0.47/0.60/0.39 zgap 2.23  health FAIL (end FAIL)  ebal 3.3e-07 zbal 3.5e-07  0.66 h, ETA 0.04 h
[2026-08-24 20:52:22] t 15.503 step 5274 dt 3.70e-03  E 0.057063 Z 0.4033 ε 0.000807 max|ω| 13.029 (interp 13.059) ⟨ωSω⟩ 0.0911 (phys 0.0911) kmaxη 4.91 S -0.418 align 0.48/0.60/0.38 zgap 2.14  health FAIL (end FAIL)  ebal 3.3e-07 zbal 3.5e-07  0.67 h, ETA 0.02 h
[2026-08-24 20:53:24] t 16.002 step 5414 dt 3.45e-03  E 0.056656 Z 0.4125 ε 0.000825 max|ω| 15.802 (interp 15.859) ⟨ωSω⟩ 0.0908 (phys 0.0908) kmaxη 4.89 S -0.402 align 0.49/0.59/0.38 zgap 2.09  health FAIL (end FAIL)  ebal 3.3e-07 zbal 3.5e-07  0.69 h, ETA -0.00 h
[2026-08-24 20:53:24] checkpoint written at t=16.0017
[2026-08-24 20:53:24] DONE: ε_max 0.001112 at t 8.901; max|ω| peak 51.967 at t 8.962; interpolated peak 53.167 at t 9.001; E(16) 0.056656; health FAIL; 0.69 h
