[2026-08-22 23:08:41] NSLab GPU 0.1.0 (app 0.5.0) — tubes N=96³ Re=4000 tEnd=16.0 cfl=0.4 dt=adaptive snap=0.5 ckpt=2.0  device NVIDIA GeForce RTX 3060 Laptop GPU  float64
[2026-08-22 23:08:42] solver ready in 1.1 s, device memory 1.39 GB, kc 32, E0 0.07031047701250986, Z0 0.40027018782525114
[2026-08-22 23:08:42] t 0.000 step 0 dt 0.00e+00  E 0.070310 Z 0.4003 ε 0.000200 max|ω| 8.025 ⟨ωSω⟩ -0.0000 (phys -0.0000) kmaxη 0.93 S 0.000 align 0.45/0.53/0.45  health WARN  ebal 0.0e+00 zbal 0.0e+00  0.00 h, ETA 420.99 h
[2026-08-22 23:08:47] t 0.508 step 38 dt 1.41e-02  E 0.070209 Z 0.3994 ε 0.000200 max|ω| 7.967 ⟨ωSω⟩ 0.0031 (phys 0.0031) kmaxη 0.93 S -0.015 align 0.52/0.52/0.37  health WARN  ebal 8.5e-12 zbal 5.8e-10  0.00 h, ETA 0.06 h
[2026-08-22 23:08:52] t 1.002 step 71 dt 1.55e-02  E 0.070110 Z 0.4038 ε 0.000202 max|ω| 8.082 ⟨ωSω⟩ 0.0235 (phys 0.0235) kmaxη 0.92 S -0.107 align 0.57/0.51/0.33  health WARN  ebal 3.0e-11 zbal 7.4e-09  0.00 h, ETA 0.05 h
[2026-08-22 23:08:56] t 1.502 step 103 dt 1.55e-02  E 0.070007 Z 0.4191 ε 0.000210 max|ω| 8.354 ⟨ωSω⟩ 0.0444 (phys 0.0444) kmaxη 0.92 S -0.192 align 0.59/0.49/0.32  health WARN  ebal 6.4e-11 zbal 1.4e-08  0.00 h, ETA 0.04 h
[2026-08-22 23:09:01] t 2.006 step 136 dt 1.51e-02  E 0.069899 Z 0.4413 ε 0.000221 max|ω| 8.585 ⟨ωSω⟩ 0.0550 (phys 0.0550) kmaxη 0.90 S -0.220 align 0.60/0.46/0.34  health WARN  ebal 6.4e-11 zbal 1.4e-08  0.01 h, ETA 0.04 h
[2026-08-22 23:09:01] checkpoint written at t=2.0060
[2026-08-22 23:09:06] t 2.514 step 170 dt 1.48e-02  E 0.069784 Z 0.4648 ε 0.000232 max|ω| 8.939 ⟨ωSω⟩ 0.0600 (phys 0.0600) kmaxη 0.89 S -0.222 align 0.60/0.44/0.36  health WARN  ebal 6.4e-11 zbal 1.4e-08  0.01 h, ETA 0.04 h
[2026-08-22 23:09:10] t 3.002 step 203 dt 1.48e-02  E 0.069668 Z 0.4877 ε 0.000244 max|ω| 9.528 ⟨ωSω⟩ 0.0666 (phys 0.0666) kmaxη 0.88 S -0.229 align 0.60/0.43/0.39  health WARN  ebal 6.4e-11 zbal 1.4e-08  0.01 h, ETA 0.04 h
[2026-08-22 23:09:15] t 3.501 step 237 dt 1.45e-02  E 0.069543 Z 0.5111 ε 0.000256 max|ω| 9.369 ⟨ωSω⟩ 0.0707 (phys 0.0707) kmaxη 0.87 S -0.227 align 0.59/0.43/0.40  health WARN  ebal 6.4e-11 zbal 1.4e-08  0.01 h, ETA 0.03 h
[2026-08-22 23:09:20] t 4.007 step 272 dt 1.44e-02  E 0.069411 Z 0.5321 ε 0.000266 max|ω| 9.749 ⟨ωSω⟩ 0.0722 (phys 0.0722) kmaxη 0.86 S -0.218 align 0.57/0.43/0.42  health WARN  ebal 6.4e-11 zbal 1.4e-08  0.01 h, ETA 0.03 h
[2026-08-22 23:09:20] checkpoint written at t=4.0072
[2026-08-22 23:09:24] t 4.508 step 307 dt 1.41e-02  E 0.069275 Z 0.5504 ε 0.000275 max|ω| 9.865 ⟨ωSω⟩ 0.0752 (phys 0.0752) kmaxη 0.86 S -0.216 align 0.57/0.44/0.43  health WARN  ebal 6.4e-11 zbal 1.4e-08  0.01 h, ETA 0.03 h
[2026-08-22 23:09:29] t 5.007 step 343 dt 1.37e-02  E 0.069136 Z 0.5650 ε 0.000283 max|ω| 9.982 ⟨ωSω⟩ 0.0693 (phys 0.0693) kmaxη 0.85 S -0.191 align 0.56/0.44/0.43  health WARN  ebal 6.4e-11 zbal 1.4e-08  0.01 h, ETA 0.03 h
[2026-08-22 23:09:34] t 5.510 step 380 dt 1.35e-02  E 0.068993 Z 0.5769 ε 0.000288 max|ω| 11.590 ⟨ωSω⟩ 0.0758 (phys 0.0759) kmaxη 0.85 S -0.203 align 0.55/0.45/0.43  health WARN  ebal 6.4e-11 zbal 1.4e-08  0.01 h, ETA 0.03 h
[2026-08-22 23:09:39] t 6.000 step 417 dt 1.30e-02  E 0.068850 Z 0.5891 ε 0.000295 max|ω| 10.995 ⟨ωSω⟩ 0.0742 (phys 0.0742) kmaxη 0.84 S -0.193 align 0.54/0.47/0.43  health WARN  ebal 6.4e-11 zbal 1.4e-08  0.02 h, ETA 0.03 h
[2026-08-22 23:09:39] checkpoint written at t=6.0001
[2026-08-22 23:09:44] t 6.509 step 457 dt 1.24e-02  E 0.068698 Z 0.6056 ε 0.000303 max|ω| 11.610 ⟨ωSω⟩ 0.0940 (phys 0.0940) kmaxη 0.84 S -0.234 align 0.53/0.48/0.43  health WARN  ebal 6.4e-11 zbal 1.4e-08  0.02 h, ETA 0.03 h
[2026-08-22 23:09:50] t 7.012 step 499 dt 1.18e-02  E 0.068543 Z 0.6331 ε 0.000317 max|ω| 16.739 ⟨ωSω⟩ 0.1314 (phys 0.1314) kmaxη 0.83 S -0.306 align 0.52/0.50/0.43  health WARN  ebal 6.4e-11 zbal 1.4e-08  0.02 h, ETA 0.02 h
[2026-08-22 23:09:55] t 7.500 step 539 dt 1.25e-02  E 0.068382 Z 0.6903 ε 0.000345 max|ω| 24.711 ⟨ωSω⟩ 0.2374 (phys 0.2376) kmaxη 0.81 S -0.486 align 0.51/0.51/0.43  health WARN  ebal 6.4e-11 zbal 1.4e-08  0.02 h, ETA 0.02 h
[2026-08-22 23:10:00] t 8.005 step 578 dt 1.35e-02  E 0.068194 Z 0.8145 ε 0.000407 max|ω| 44.112 ⟨ωSω⟩ 0.4850 (phys 0.4862) kmaxη 0.78 S -0.774 align 0.50/0.53/0.42  health WARN  ebal 1.3e-10 zbal 1.7e-08  0.02 h, ETA 0.02 h
[2026-08-22 23:10:00] checkpoint written at t=8.0052
[2026-08-22 23:10:05] t 8.511 step 614 dt 1.43e-02  E 0.067960 Z 1.0434 ε 0.000522 max|ω| 55.795 ⟨ωSω⟩ 0.7244 (phys 0.7327) kmaxη 0.73 S -0.798 align 0.49/0.54/0.42  health WARN  ebal 9.9e-10 zbal 9.0e-08  0.02 h, ETA 0.02 h
[2026-08-22 23:10:10] t 9.003 step 651 dt 1.32e-02  E 0.067680 Z 1.2112 ε 0.000606 max|ω| 44.558 ⟨ωSω⟩ 0.6262 (phys 0.6363) kmaxη 0.70 S -0.551 align 0.47/0.55/0.42  health WARN  ebal 1.0e-08 zbal 7.4e-07  0.02 h, ETA 0.02 h
[2026-08-22 23:10:15] t 9.512 step 689 dt 1.54e-02  E 0.067366 Z 1.2405 ε 0.000620 max|ω| 31.163 ⟨ωSω⟩ 0.5206 (phys 0.5206) kmaxη 0.70 S -0.442 align 0.46/0.57/0.43  health WARN  ebal 1.2e-07 zbal 1.0e-05  0.03 h, ETA 0.02 h
[2026-08-22 23:10:20] t 10.002 step 723 dt 1.36e-02  E 0.067056 Z 1.2888 ε 0.000644 max|ω| 34.919 ⟨ωSω⟩ 0.5467 (phys 0.5492) kmaxη 0.69 S -0.439 align 0.45/0.58/0.42  health WARN  ebal 1.2e-07 zbal 1.0e-05  0.03 h, ETA 0.02 h
[2026-08-22 23:10:20] checkpoint written at t=10.0024
[2026-08-22 23:10:25] t 10.507 step 759 dt 1.41e-02  E 0.066728 Z 1.3100 ε 0.000655 max|ω| 27.744 ⟨ωSω⟩ 0.5518 (phys 0.5539) kmaxη 0.69 S -0.432 align 0.45/0.59/0.42  health WARN  ebal 1.4e-07 zbal 1.1e-05  0.03 h, ETA 0.02 h
[2026-08-22 23:10:29] t 11.005 step 794 dt 1.51e-02  E 0.066399 Z 1.3240 ε 0.000662 max|ω| 27.075 ⟨ωSω⟩ 0.5575 (phys 0.5566) kmaxη 0.69 S -0.430 align 0.45/0.59/0.42  health WARN  ebal 1.7e-07 zbal 1.1e-05  0.03 h, ETA 0.01 h
[2026-08-22 23:10:34] t 11.503 step 828 dt 1.35e-02  E 0.066069 Z 1.3280 ε 0.000664 max|ω| 25.878 ⟨ωSω⟩ 0.5391 (phys 0.5389) kmaxη 0.69 S -0.413 align 0.45/0.59/0.42  health WARN  ebal 2.2e-07 zbal 1.5e-05  0.03 h, ETA 0.01 h
[2026-08-22 23:10:39] t 12.007 step 862 dt 1.47e-02  E 0.065734 Z 1.3214 ε 0.000661 max|ω| 28.213 ⟨ωSω⟩ 0.4810 (phys 0.4809) kmaxη 0.69 S -0.372 align 0.45/0.59/0.42  health WARN  ebal 2.4e-07 zbal 1.7e-05  0.03 h, ETA 0.01 h
[2026-08-22 23:10:39] checkpoint written at t=12.0065
[2026-08-22 23:10:43] t 12.504 step 896 dt 1.44e-02  E 0.065408 Z 1.2947 ε 0.000647 max|ω| 23.600 ⟨ωSω⟩ 0.4537 (phys 0.4531) kmaxη 0.69 S -0.361 align 0.46/0.58/0.42  health WARN  ebal 2.4e-07 zbal 1.7e-05  0.03 h, ETA 0.01 h
[2026-08-22 23:10:48] t 13.012 step 931 dt 1.55e-02  E 0.065082 Z 1.2697 ε 0.000635 max|ω| 24.970 ⟨ωSω⟩ 0.4315 (phys 0.4303) kmaxη 0.69 S -0.354 align 0.46/0.58/0.43  health WARN  ebal 2.4e-07 zbal 1.7e-05  0.04 h, ETA 0.01 h
[2026-08-22 23:10:52] t 13.511 step 962 dt 1.69e-02  E 0.064769 Z 1.2315 ε 0.000616 max|ω| 20.549 ⟨ωSω⟩ 0.3784 (phys 0.3780) kmaxη 0.70 S -0.325 align 0.47/0.57/0.43  health WARN  ebal 2.8e-07 zbal 2.2e-05  0.04 h, ETA 0.01 h
[2026-08-22 23:10:56] t 14.001 step 992 dt 1.59e-02  E 0.064473 Z 1.1911 ε 0.000596 max|ω| 19.234 ⟨ωSω⟩ 0.3605 (phys 0.3608) kmaxη 0.71 S -0.326 align 0.47/0.57/0.43  health WARN  ebal 2.8e-07 zbal 2.2e-05  0.04 h, ETA 0.01 h
[2026-08-22 23:10:56] checkpoint written at t=14.0007
[2026-08-22 23:11:01] t 14.502 step 1024 dt 1.53e-02  E 0.064178 Z 1.1594 ε 0.000580 max|ω| 22.146 ⟨ωSω⟩ 0.3394 (phys 0.3390) kmaxη 0.71 S -0.319 align 0.48/0.56/0.43  health WARN  ebal 2.8e-07 zbal 2.2e-05  0.04 h, ETA 0.00 h
[2026-08-22 23:11:05] t 15.010 step 1056 dt 1.63e-02  E 0.063887 Z 1.1268 ε 0.000563 max|ω| 22.073 ⟨ωSω⟩ 0.3327 (phys 0.3321) kmaxη 0.72 S -0.326 align 0.48/0.56/0.43  health WARN  ebal 2.8e-07 zbal 2.2e-05  0.04 h, ETA 0.00 h
[2026-08-22 23:11:09] t 15.513 step 1087 dt 1.58e-02  E 0.063606 Z 1.1151 ε 0.000558 max|ω| 19.023 ⟨ωSω⟩ 0.3336 (phys 0.3336) kmaxη 0.72 S -0.333 align 0.49/0.55/0.43  health WARN  ebal 2.8e-07 zbal 2.2e-05  0.04 h, ETA 0.00 h
[2026-08-22 23:11:13] t 16.013 step 1118 dt 1.61e-02  E 0.063326 Z 1.1212 ε 0.000561 max|ω| 16.805 ⟨ωSω⟩ 0.3870 (phys 0.3871) kmaxη 0.72 S -0.383 align 0.49/0.55/0.43  health WARN  ebal 2.8e-07 zbal 2.2e-05  0.04 h, ETA -0.00 h
[2026-08-22 23:11:14] checkpoint written at t=16.0133
[2026-08-22 23:11:14] DONE: ε_max 0.000665 at t 11.707; max|ω| peak 60.719 at t 8.440; E(16) 0.063326; health WARN; 0.04 h
