[2026-08-23 17:36:47] NSLab GPU 0.1.1 (app 0.5.0) — tubes N=256³ Re=2000 tEnd=16.0 cfl=0.4 dt=adaptive snap=0.5 ckpt=2.0  device NVIDIA GeForce RTX 3060 Laptop GPU  float32
[2026-08-23 17:36:48] solver ready in 1.0 s, device memory 3.70 GB, kc 85, E0 0.07031046599149704, Z0 0.40027013421058655
[2026-08-23 17:36:51] t 0.000 step 0 dt 0.00e+00  E 0.070310 Z 0.4003 ε 0.000400 max|ω| 8.034 (interp 8.037) ⟨ωSω⟩ -0.0000 (phys 0.0000) kmaxη 3.48 S 0.000 align 0.45/0.53/0.45 zgap 5.08  health WARN (end WARN)  ebal 0.0e+00 zbal 0.0e+00  0.00 h, ETA 1083.05 h
[2026-08-23 17:37:38] t 0.502 step 100 dt 5.31e-03  E 0.070110 Z 0.3981 ε 0.000398 max|ω| 7.970 (interp 7.972) ⟨ωSω⟩ 0.0030 (phys 0.0030) kmaxη 3.49 S -0.014 align 0.52/0.52/0.37 zgap 4.91  health FAIL (end FAIL)  ebal 2.1e-07 zbal 2.2e-07  0.01 h, ETA 0.44 h
[2026-08-23 17:38:18] t 1.001 step 189 dt 5.83e-03  E 0.069911 Z 0.4009 ε 0.000401 max|ω| 8.023 (interp 8.031) ⟨ωSω⟩ 0.0228 (phys 0.0228) kmaxη 3.48 S -0.105 align 0.56/0.51/0.33 zgap 4.54  health FAIL (end FAIL)  ebal 2.3e-07 zbal 2.2e-07  0.03 h, ETA 0.38 h
[2026-08-23 17:38:59] t 1.505 step 275 dt 5.83e-03  E 0.069706 Z 0.4138 ε 0.000414 max|ω| 8.266 (interp 8.274) ⟨ωSω⟩ 0.0432 (phys 0.0432) kmaxη 3.45 S -0.190 align 0.59/0.49/0.31 zgap 4.22  health FAIL (end FAIL)  ebal 2.7e-07 zbal 2.2e-07  0.04 h, ETA 0.35 h
[2026-08-23 17:39:42] t 2.005 step 362 dt 5.67e-03  E 0.069495 Z 0.4320 ε 0.000432 max|ω| 8.438 (interp 8.444) ⟨ωSω⟩ 0.0535 (phys 0.0535) kmaxη 3.41 S -0.221 align 0.61/0.48/0.30 zgap 3.98  health FAIL (end FAIL)  ebal 2.7e-07 zbal 2.6e-07  0.05 h, ETA 0.34 h
[2026-08-23 17:39:42] checkpoint written at t=2.0053
[2026-08-23 17:40:27] t 2.501 step 450 dt 5.60e-03  E 0.069276 Z 0.4495 ε 0.000449 max|ω| 8.787 (interp 8.788) ⟨ωSω⟩ 0.0579 (phys 0.0579) kmaxη 3.38 S -0.225 align 0.62/0.47/0.31 zgap 3.83  health FAIL (end FAIL)  ebal 2.7e-07 zbal 2.6e-07  0.06 h, ETA 0.33 h
[2026-08-23 17:41:14] t 3.003 step 540 dt 5.57e-03  E 0.069047 Z 0.4655 ε 0.000466 max|ω| 9.266 (interp 9.269) ⟨ωSω⟩ 0.0634 (phys 0.0634) kmaxη 3.35 S -0.234 align 0.62/0.46/0.33 zgap 3.80  health FAIL (end FAIL)  ebal 2.7e-07 zbal 2.6e-07  0.07 h, ETA 0.32 h
[2026-08-23 17:41:57] t 3.502 step 630 dt 5.52e-03  E 0.068811 Z 0.4795 ε 0.000480 max|ω| 9.086 (interp 9.095) ⟨ωSω⟩ 0.0673 (phys 0.0673) kmaxη 3.33 S -0.238 align 0.62/0.45/0.34 zgap 3.68  health FAIL (end FAIL)  ebal 2.7e-07 zbal 2.6e-07  0.09 h, ETA 0.31 h
[2026-08-23 17:42:39] t 4.001 step 721 dt 5.44e-03  E 0.068569 Z 0.4901 ε 0.000490 max|ω| 8.725 (interp 8.731) ⟨ωSω⟩ 0.0682 (phys 0.0682) kmaxη 3.31 S -0.233 align 0.62/0.44/0.36 zgap 3.61  health FAIL (end FAIL)  ebal 2.7e-07 zbal 2.6e-07  0.10 h, ETA 0.29 h
[2026-08-23 17:42:40] checkpoint written at t=4.0010
[2026-08-23 17:43:22] t 4.502 step 814 dt 5.33e-03  E 0.068321 Z 0.4974 ε 0.000497 max|ω| 8.692 (interp 8.715) ⟨ωSω⟩ 0.0707 (phys 0.0707) kmaxη 3.30 S -0.236 align 0.62/0.44/0.38 zgap 3.51  health FAIL (end FAIL)  ebal 2.7e-07 zbal 2.6e-07  0.11 h, ETA 0.28 h
[2026-08-23 17:44:07] t 5.002 step 909 dt 5.20e-03  E 0.068071 Z 0.5029 ε 0.000503 max|ω| 8.716 (interp 8.724) ⟨ωSω⟩ 0.0733 (phys 0.0733) kmaxη 3.29 S -0.241 align 0.61/0.43/0.40 zgap 3.44  health FAIL (end FAIL)  ebal 2.7e-07 zbal 2.9e-07  0.12 h, ETA 0.27 h
[2026-08-23 17:44:50] t 5.501 step 1006 dt 5.11e-03  E 0.067819 Z 0.5073 ε 0.000507 max|ω| 9.162 (interp 9.179) ⟨ωSω⟩ 0.0753 (phys 0.0753) kmaxη 3.28 S -0.245 align 0.60/0.43/0.41 zgap 3.29  health FAIL (end FAIL)  ebal 3.0e-07 zbal 2.9e-07  0.13 h, ETA 0.26 h
[2026-08-23 17:45:36] t 6.003 step 1105 dt 5.02e-03  E 0.067563 Z 0.5124 ε 0.000512 max|ω| 9.483 (interp 9.485) ⟨ωSω⟩ 0.0805 (phys 0.0805) kmaxη 3.27 S -0.258 align 0.59/0.43/0.42 zgap 3.22  health FAIL (end FAIL)  ebal 3.0e-07 zbal 2.9e-07  0.15 h, ETA 0.24 h
[2026-08-23 17:45:36] checkpoint written at t=6.0028
[2026-08-23 17:46:30] t 6.501 step 1206 dt 4.83e-03  E 0.067306 Z 0.5207 ε 0.000521 max|ω| 11.069 (interp 11.074) ⟨ωSω⟩ 0.0911 (phys 0.0911) kmaxη 3.26 S -0.285 align 0.58/0.44/0.43 zgap 3.07  health FAIL (end FAIL)  ebal 3.0e-07 zbal 2.9e-07  0.16 h, ETA 0.24 h
[2026-08-23 17:47:41] t 7.003 step 1313 dt 4.56e-03  E 0.067041 Z 0.5370 ε 0.000537 max|ω| 15.078 (interp 15.113) ⟨ωSω⟩ 0.1173 (phys 0.1173) kmaxη 3.23 S -0.350 align 0.57/0.45/0.43 zgap 2.95  health FAIL (end FAIL)  ebal 3.0e-07 zbal 2.9e-07  0.18 h, ETA 0.23 h
[2026-08-23 17:48:55] t 7.504 step 1425 dt 4.46e-03  E 0.066764 Z 0.5753 ε 0.000575 max|ω| 26.637 (interp 27.570) ⟨ωSω⟩ 0.2129 (phys 0.2129) kmaxη 3.18 S -0.573 align 0.56/0.46/0.44 zgap 2.85  health FAIL (end FAIL)  ebal 3.0e-07 zbal 2.9e-07  0.20 h, ETA 0.23 h
[2026-08-23 17:50:14] t 8.000 step 1533 dt 4.77e-03  E 0.066459 Z 0.6624 ε 0.000662 max|ω| 53.763 (interp 55.967) ⟨ωSω⟩ 0.5188 (phys 0.5188) kmaxη 3.07 S -1.129 align 0.54/0.46/0.45 zgap 2.75  health FAIL (end FAIL)  ebal 3.0e-07 zbal 2.9e-07  0.22 h, ETA 0.22 h
[2026-08-23 17:50:14] checkpoint written at t=8.0003
[2026-08-23 17:51:20] t 8.502 step 1633 dt 5.29e-03  E 0.066095 Z 0.7886 ε 0.000789 max|ω| 103.351 (interp 104.314) ⟨ωSω⟩ 1.0223 (phys 1.0223) kmaxη 2.94 S -1.713 align 0.52/0.47/0.46 zgap 3.31  health FAIL (end FAIL)  ebal 3.0e-07 zbal 2.9e-07  0.24 h, ETA 0.21 h
[2026-08-23 17:52:01] t 9.002 step 1724 dt 5.36e-03  E 0.065694 Z 0.7853 ε 0.000785 max|ω| 74.493 (interp 77.270) ⟨ωSω⟩ 0.8451 (phys 0.8451) kmaxη 2.94 S -1.425 align 0.51/0.49/0.46 zgap 3.34  health FAIL (end FAIL)  ebal 3.0e-07 zbal 6.7e-07  0.25 h, ETA 0.20 h
[2026-08-23 17:52:43] t 9.501 step 1819 dt 5.19e-03  E 0.065312 Z 0.7732 ε 0.000773 max|ω| 74.324 (interp 75.251) ⟨ωSω⟩ 1.0014 (phys 1.0014) kmaxη 2.95 S -1.729 align 0.49/0.51/0.46 zgap 3.29  health FAIL (end FAIL)  ebal 3.0e-07 zbal 1.2e-06  0.27 h, ETA 0.18 h
[2026-08-23 17:53:26] t 10.003 step 1915 dt 5.19e-03  E 0.064928 Z 0.7406 ε 0.000741 max|ω| 70.457 (interp 73.216) ⟨ωSω⟩ 0.8462 (phys 0.8462) kmaxη 2.98 S -1.558 align 0.48/0.54/0.45 zgap 3.12  health FAIL (end FAIL)  ebal 3.0e-07 zbal 1.2e-06  0.28 h, ETA 0.17 h
[2026-08-23 17:53:26] checkpoint written at t=10.0034
[2026-08-23 17:54:07] t 10.503 step 2009 dt 5.43e-03  E 0.064573 Z 0.6784 ε 0.000678 max|ω| 60.806 (interp 63.418) ⟨ωSω⟩ 0.5982 (phys 0.5982) kmaxη 3.05 S -1.256 align 0.47/0.55/0.45 zgap 2.87  health FAIL (end FAIL)  ebal 3.0e-07 zbal 1.2e-06  0.29 h, ETA 0.15 h
[2026-08-23 17:54:48] t 11.002 step 2102 dt 5.27e-03  E 0.064245 Z 0.6421 ε 0.000642 max|ω| 58.308 (interp 58.399) ⟨ωSω⟩ 0.5522 (phys 0.5522) kmaxη 3.09 S -1.260 align 0.45/0.57/0.44 zgap 2.60  health FAIL (end FAIL)  ebal 3.0e-07 zbal 1.2e-06  0.30 h, ETA 0.14 h
[2026-08-23 17:55:30] t 11.500 step 2197 dt 5.73e-03  E 0.063928 Z 0.6288 ε 0.000629 max|ω| 56.024 (interp 57.914) ⟨ωSω⟩ 0.4941 (phys 0.4941) kmaxη 3.11 S -1.163 align 0.45/0.58/0.44 zgap 2.36  health FAIL (end FAIL)  ebal 3.0e-07 zbal 1.2e-06  0.31 h, ETA 0.12 h
[2026-08-23 17:56:11] t 12.004 step 2287 dt 5.43e-03  E 0.063616 Z 0.6139 ε 0.000614 max|ω| 48.556 (interp 51.435) ⟨ωSω⟩ 0.4743 (phys 0.4743) kmaxη 3.13 S -1.157 align 0.44/0.58/0.43 zgap 2.14  health FAIL (end FAIL)  ebal 3.0e-07 zbal 1.2e-06  0.32 h, ETA 0.11 h
[2026-08-23 17:56:11] checkpoint written at t=12.0040
[2026-08-23 17:56:50] t 12.501 step 2375 dt 5.56e-03  E 0.063313 Z 0.6048 ε 0.000605 max|ω| 40.958 (interp 43.685) ⟨ωSω⟩ 0.3892 (phys 0.3892) kmaxη 3.14 S -0.971 align 0.43/0.58/0.43 zgap 1.94  health FAIL (end FAIL)  ebal 3.0e-07 zbal 1.2e-06  0.33 h, ETA 0.09 h
[2026-08-23 17:57:31] t 13.002 step 2461 dt 6.08e-03  E 0.063013 Z 0.5954 ε 0.000595 max|ω| 35.827 (interp 36.317) ⟨ωSω⟩ 0.3270 (phys 0.3270) kmaxη 3.15 S -0.835 align 0.43/0.59/0.42 zgap 1.91  health FAIL (end FAIL)  ebal 3.0e-07 zbal 1.2e-06  0.35 h, ETA 0.08 h
[2026-08-23 17:58:10] t 13.505 step 2542 dt 6.27e-03  E 0.062717 Z 0.5826 ε 0.000583 max|ω| 32.140 (interp 32.566) ⟨ωSω⟩ 0.2553 (phys 0.2553) kmaxη 3.17 S -0.674 align 0.44/0.59/0.42 zgap 1.87  health FAIL (end FAIL)  ebal 3.5e-07 zbal 1.2e-06  0.36 h, ETA 0.07 h
[2026-08-23 17:58:46] t 14.005 step 2618 dt 6.60e-03  E 0.062427 Z 0.5782 ε 0.000578 max|ω| 28.462 (interp 28.548) ⟨ωSω⟩ 0.2216 (phys 0.2216) kmaxη 3.17 S -0.592 align 0.45/0.59/0.42 zgap 1.84  health FAIL (end FAIL)  ebal 3.5e-07 zbal 1.2e-06  0.37 h, ETA 0.05 h
[2026-08-23 17:58:46] checkpoint written at t=14.0047
[2026-08-23 17:59:20] t 14.501 step 2691 dt 6.94e-03  E 0.062140 Z 0.5776 ε 0.000578 max|ω| 25.722 (interp 25.827) ⟨ωSω⟩ 0.1954 (phys 0.1954) kmaxη 3.18 S -0.523 align 0.47/0.59/0.41 zgap 1.67  health FAIL (end FAIL)  ebal 3.5e-07 zbal 1.2e-06  0.38 h, ETA 0.04 h
[2026-08-23 17:59:58] t 15.006 step 2766 dt 6.56e-03  E 0.061847 Z 0.5835 ε 0.000584 max|ω| 24.308 (interp 24.434) ⟨ωSω⟩ 0.1912 (phys 0.1912) kmaxη 3.17 S -0.503 align 0.48/0.59/0.40 zgap 1.52  health FAIL (end FAIL)  ebal 3.5e-07 zbal 1.2e-06  0.39 h, ETA 0.03 h
[2026-08-23 18:00:34] t 15.504 step 2844 dt 6.33e-03  E 0.061554 Z 0.5963 ε 0.000596 max|ω| 23.082 (interp 24.029) ⟨ωSω⟩ 0.2007 (phys 0.2007) kmaxη 3.15 S -0.512 align 0.49/0.58/0.40 zgap 1.45  health FAIL (end FAIL)  ebal 3.5e-07 zbal 1.2e-06  0.40 h, ETA 0.01 h
[2026-08-23 18:01:13] t 16.003 step 2922 dt 6.48e-03  E 0.061252 Z 0.6164 ε 0.000616 max|ω| 19.734 (interp 19.764) ⟨ωSω⟩ 0.2095 (phys 0.2095) kmaxη 3.12 S -0.508 align 0.50/0.58/0.39 zgap 1.45  health FAIL (end FAIL)  ebal 3.5e-07 zbal 1.2e-06  0.41 h, ETA -0.00 h
[2026-08-23 18:01:13] checkpoint written at t=16.0031
[2026-08-23 18:01:13] DONE: ε_max 0.000808 at t 8.756; max|ω| peak 109.358 at t 8.767; interpolated peak 115.909 at t 8.740; E(16) 0.061252; health FAIL; 0.41 h
