[2026-08-24 21:15:32] NSLab GPU 0.1.2 (app 0.5.1) — tubes N=288³ Re=1414 tEnd=16.0 cfl=0.4 dt=adaptive snap=0.5 ckpt=2.0  device NVIDIA GeForce RTX 3060 Laptop GPU  float32
[2026-08-24 21:15:33] solver ready in 1.0 s, device memory 4.77 GB, kc 96, E0 0.07031047344207764, Z0 0.4002702236175537
[2026-08-24 21:15:37] t 0.000 step 0 dt 0.00e+00  E 0.070310 Z 0.4003 ε 0.000566 max|ω| 8.035 (interp 8.037) ⟨ωSω⟩ -0.0000 (phys 0.0000) kmaxη 4.67 S 0.000 align 0.45/0.53/0.45 zgap 5.08  health FAIL (end FAIL)  ebal 0.0e+00 zbal 0.0e+00  0.00 h, ETA 1299.38 h
[2026-08-24 21:16:52] t 0.504 step 113 dt 4.73e-03  E 0.070026 Z 0.3970 ε 0.000562 max|ω| 7.949 (interp 7.950) ⟨ωSω⟩ 0.0030 (phys 0.0030) kmaxη 4.68 S -0.014 align 0.52/0.52/0.37 zgap 4.89  health FAIL (end FAIL)  ebal 2.4e-07 zbal 1.8e-07  0.02 h, ETA 0.69 h
[2026-08-24 21:17:59] t 1.003 step 213 dt 5.19e-03  E 0.069746 Z 0.3985 ε 0.000564 max|ω| 7.978 (interp 7.986) ⟨ωSω⟩ 0.0224 (phys 0.0224) kmaxη 4.68 S -0.104 align 0.56/0.51/0.33 zgap 4.54  health FAIL (end FAIL)  ebal 2.4e-07 zbal 1.8e-07  0.04 h, ETA 0.61 h
[2026-08-24 21:19:02] t 1.500 step 308 dt 5.20e-03  E 0.069463 Z 0.4093 ε 0.000579 max|ω| 8.191 (interp 8.196) ⟨ωSω⟩ 0.0414 (phys 0.0414) kmaxη 4.65 S -0.186 align 0.59/0.49/0.31 zgap 4.23  health FAIL (end FAIL)  ebal 2.4e-07 zbal 2.1e-07  0.06 h, ETA 0.56 h
[2026-08-24 21:20:09] t 2.003 step 406 dt 5.07e-03  E 0.069166 Z 0.4245 ε 0.000600 max|ω| 8.335 (interp 8.345) ⟨ωSω⟩ 0.0507 (phys 0.0507) kmaxη 4.61 S -0.215 align 0.61/0.48/0.30 zgap 3.97  health FAIL (end FAIL)  ebal 2.9e-07 zbal 2.1e-07  0.08 h, ETA 0.54 h
[2026-08-24 21:20:09] checkpoint written at t=2.0030
[2026-08-24 21:21:18] t 2.501 step 505 dt 5.00e-03  E 0.068862 Z 0.4381 ε 0.000620 max|ω| 8.627 (interp 8.639) ⟨ωSω⟩ 0.0533 (phys 0.0533) kmaxη 4.57 S -0.216 align 0.62/0.47/0.31 zgap 3.84  health FAIL (end FAIL)  ebal 2.9e-07 zbal 2.6e-07  0.10 h, ETA 0.52 h
[2026-08-24 21:22:31] t 3.005 step 606 dt 4.98e-03  E 0.068546 Z 0.4493 ε 0.000635 max|ω| 9.078 (interp 9.093) ⟨ωSω⟩ 0.0570 (phys 0.0570) kmaxη 4.54 S -0.222 align 0.62/0.46/0.32 zgap 3.80  health FAIL (end FAIL)  ebal 2.9e-07 zbal 2.6e-07  0.12 h, ETA 0.50 h
[2026-08-24 21:23:37] t 3.501 step 706 dt 4.94e-03  E 0.068228 Z 0.4578 ε 0.000648 max|ω| 8.974 (interp 8.982) ⟨ωSω⟩ 0.0592 (phys 0.0592) kmaxη 4.52 S -0.224 align 0.63/0.45/0.34 zgap 3.69  health FAIL (end FAIL)  ebal 2.9e-07 zbal 2.6e-07  0.13 h, ETA 0.48 h
[2026-08-24 21:24:44] t 4.001 step 808 dt 4.87e-03  E 0.067901 Z 0.4632 ε 0.000655 max|ω| 8.538 (interp 8.540) ⟨ωSω⟩ 0.0586 (phys 0.0586) kmaxη 4.51 S -0.218 align 0.63/0.44/0.36 zgap 3.60  health FAIL (end FAIL)  ebal 2.9e-07 zbal 2.6e-07  0.15 h, ETA 0.46 h
[2026-08-24 21:24:44] checkpoint written at t=4.0014
[2026-08-24 21:25:52] t 4.504 step 912 dt 4.79e-03  E 0.067571 Z 0.4657 ε 0.000659 max|ω| 8.395 (interp 8.400) ⟨ωSω⟩ 0.0596 (phys 0.0596) kmaxη 4.50 S -0.220 align 0.62/0.44/0.37 zgap 3.51  health FAIL (end FAIL)  ebal 2.9e-07 zbal 2.6e-07  0.17 h, ETA 0.44 h
[2026-08-24 21:27:02] t 5.001 step 1017 dt 4.68e-03  E 0.067243 Z 0.4672 ε 0.000661 max|ω| 8.412 (interp 8.413) ⟨ωSω⟩ 0.0612 (phys 0.0612) kmaxη 4.50 S -0.225 align 0.62/0.43/0.39 zgap 3.40  health FAIL (end FAIL)  ebal 2.9e-07 zbal 2.6e-07  0.19 h, ETA 0.42 h
[2026-08-24 21:28:12] t 5.501 step 1125 dt 4.60e-03  E 0.066912 Z 0.4688 ε 0.000663 max|ω| 8.716 (interp 8.720) ⟨ωSω⟩ 0.0627 (phys 0.0627) kmaxη 4.49 S -0.229 align 0.61/0.43/0.40 zgap 3.27  health FAIL (end FAIL)  ebal 3.1e-07 zbal 2.6e-07  0.21 h, ETA 0.40 h
[2026-08-24 21:29:23] t 6.004 step 1235 dt 4.54e-03  E 0.066578 Z 0.4715 ε 0.000667 max|ω| 9.016 (interp 9.017) ⟨ωSω⟩ 0.0668 (phys 0.0668) kmaxη 4.49 S -0.242 align 0.59/0.44/0.41 zgap 3.19  health FAIL (end FAIL)  ebal 3.1e-07 zbal 2.6e-07  0.23 h, ETA 0.38 h
[2026-08-24 21:29:24] checkpoint written at t=6.0042
[2026-08-24 21:30:42] t 6.502 step 1346 dt 4.41e-03  E 0.066244 Z 0.4775 ε 0.000675 max|ω| 10.005 (interp 10.016) ⟨ωSω⟩ 0.0755 (phys 0.0755) kmaxη 4.47 S -0.269 align 0.58/0.45/0.41 zgap 3.10  health FAIL (end FAIL)  ebal 3.1e-07 zbal 2.6e-07  0.25 h, ETA 0.37 h
[2026-08-24 21:32:22] t 7.001 step 1462 dt 4.19e-03  E 0.065903 Z 0.4900 ε 0.000693 max|ω| 13.558 (interp 13.561) ⟨ωSω⟩ 0.0957 (phys 0.0957) kmaxη 4.44 S -0.327 align 0.57/0.46/0.42 zgap 2.95  health FAIL (end FAIL)  ebal 3.1e-07 zbal 2.6e-07  0.28 h, ETA 0.36 h
[2026-08-24 21:34:07] t 7.503 step 1584 dt 4.09e-03  E 0.065547 Z 0.5174 ε 0.000732 max|ω| 21.447 (interp 21.562) ⟨ωSω⟩ 0.1574 (phys 0.1574) kmaxη 4.38 S -0.496 align 0.56/0.47/0.42 zgap 2.86  health FAIL (end FAIL)  ebal 3.1e-07 zbal 2.9e-07  0.31 h, ETA 0.35 h
[2026-08-24 21:36:00] t 8.002 step 1703 dt 4.35e-03  E 0.065163 Z 0.5730 ε 0.000810 max|ω| 41.469 (interp 41.776) ⟨ωSω⟩ 0.3428 (phys 0.3428) kmaxη 4.27 S -0.928 align 0.55/0.47/0.43 zgap 2.79  health FAIL (end FAIL)  ebal 3.1e-07 zbal 3.1e-07  0.34 h, ETA 0.34 h
[2026-08-24 21:36:01] checkpoint written at t=8.0024
[2026-08-24 21:37:33] t 8.500 step 1812 dt 4.82e-03  E 0.064734 Z 0.6502 ε 0.000920 max|ω| 64.794 (interp 65.492) ⟨ωSω⟩ 0.7093 (phys 0.7093) kmaxη 4.14 S -1.588 align 0.54/0.48/0.44 zgap 2.97  health FAIL (end FAIL)  ebal 3.1e-07 zbal 3.1e-07  0.37 h, ETA 0.32 h
[2026-08-24 21:38:49] t 9.005 step 1911 dt 5.28e-03  E 0.064256 Z 0.6656 ε 0.000942 max|ω| 78.279 (interp 80.366) ⟨ωSω⟩ 0.7398 (phys 0.7398) kmaxη 4.12 S -1.599 align 0.52/0.50/0.44 zgap 2.95  health FAIL (end FAIL)  ebal 3.1e-07 zbal 3.1e-07  0.39 h, ETA 0.30 h
[2026-08-24 21:39:50] t 9.504 step 2006 dt 5.00e-03  E 0.063815 Z 0.5865 ε 0.000830 max|ω| 49.181 (interp 52.649) ⟨ωSω⟩ 0.4553 (phys 0.4553) kmaxη 4.25 S -1.190 align 0.51/0.52/0.44 zgap 2.88  health FAIL (end FAIL)  ebal 3.1e-07 zbal 3.6e-07  0.41 h, ETA 0.28 h
[2026-08-24 21:40:54] t 10.004 step 2106 dt 4.99e-03  E 0.063408 Z 0.5675 ε 0.000803 max|ω| 66.377 (interp 68.588) ⟨ωSω⟩ 0.5240 (phys 0.5240) kmaxη 4.28 S -1.438 align 0.49/0.55/0.43 zgap 2.79  health FAIL (end FAIL)  ebal 3.1e-07 zbal 3.6e-07  0.42 h, ETA 0.25 h
[2026-08-24 21:40:54] checkpoint written at t=10.0044
[2026-08-24 21:41:57] t 10.501 step 2205 dt 5.00e-03  E 0.063021 Z 0.5317 ε 0.000752 max|ω| 69.162 (interp 71.596) ⟨ωSω⟩ 0.3846 (phys 0.3846) kmaxη 4.35 S -1.164 align 0.48/0.57/0.43 zgap 2.75  health FAIL (end FAIL)  ebal 3.1e-07 zbal 3.6e-07  0.44 h, ETA 0.23 h
[2026-08-24 21:43:01] t 11.001 step 2302 dt 5.28e-03  E 0.062659 Z 0.4947 ε 0.000700 max|ω| 40.403 (interp 42.613) ⟨ωSω⟩ 0.2793 (phys 0.2793) kmaxη 4.43 S -0.942 align 0.46/0.58/0.42 zgap 2.49  health FAIL (end FAIL)  ebal 3.1e-07 zbal 3.6e-07  0.46 h, ETA 0.21 h
[2026-08-24 21:44:02] t 11.503 step 2395 dt 5.39e-03  E 0.062316 Z 0.4732 ε 0.000669 max|ω| 32.178 (interp 34.169) ⟨ωSω⟩ 0.2301 (phys 0.2301) kmaxη 4.48 S -0.830 align 0.45/0.59/0.42 zgap 2.18  health FAIL (end FAIL)  ebal 3.1e-07 zbal 3.6e-07  0.48 h, ETA 0.19 h
[2026-08-24 21:45:03] t 12.005 step 2488 dt 5.47e-03  E 0.061983 Z 0.4672 ε 0.000661 max|ω| 30.102 (interp 30.867) ⟨ωSω⟩ 0.2127 (phys 0.2127) kmaxη 4.50 S -0.782 align 0.44/0.59/0.42 zgap 2.03  health FAIL (end FAIL)  ebal 3.1e-07 zbal 3.6e-07  0.49 h, ETA 0.16 h
[2026-08-24 21:45:03] checkpoint written at t=12.0046
[2026-08-24 21:46:01] t 12.502 step 2575 dt 5.74e-03  E 0.061655 Z 0.4647 ε 0.000657 max|ω| 25.524 (interp 25.630) ⟨ωSω⟩ 0.1937 (phys 0.1937) kmaxη 4.50 S -0.718 align 0.43/0.60/0.42 zgap 2.05  health FAIL (end FAIL)  ebal 3.1e-07 zbal 3.6e-07  0.51 h, ETA 0.14 h
[2026-08-24 21:46:57] t 13.002 step 2661 dt 5.83e-03  E 0.061327 Z 0.4658 ε 0.000659 max|ω| 23.275 (interp 23.415) ⟨ωSω⟩ 0.1796 (phys 0.1796) kmaxη 4.50 S -0.663 align 0.43/0.60/0.41 zgap 2.05  health FAIL (end FAIL)  ebal 3.1e-07 zbal 3.6e-07  0.52 h, ETA 0.12 h
[2026-08-24 21:47:52] t 13.505 step 2745 dt 6.03e-03  E 0.060995 Z 0.4671 ε 0.000661 max|ω| 20.995 (interp 21.300) ⟨ωSω⟩ 0.1528 (phys 0.1528) kmaxη 4.50 S -0.562 align 0.44/0.60/0.41 zgap 2.05  health FAIL (end FAIL)  ebal 3.1e-07 zbal 3.6e-07  0.54 h, ETA 0.10 h
[2026-08-24 21:48:46] t 14.001 step 2826 dt 6.17e-03  E 0.060667 Z 0.4681 ε 0.000662 max|ω| 19.648 (interp 19.671) ⟨ωSω⟩ 0.1366 (phys 0.1366) kmaxη 4.50 S -0.500 align 0.45/0.59/0.41 zgap 1.99  health FAIL (end FAIL)  ebal 3.1e-07 zbal 3.6e-07  0.55 h, ETA 0.08 h
[2026-08-24 21:48:46] checkpoint written at t=14.0012
[2026-08-24 21:49:39] t 14.500 step 2906 dt 6.40e-03  E 0.060335 Z 0.4727 ε 0.000669 max|ω| 17.634 (interp 17.640) ⟨ωSω⟩ 0.1284 (phys 0.1284) kmaxη 4.48 S -0.464 align 0.47/0.59/0.40 zgap 1.88  health FAIL (end FAIL)  ebal 3.1e-07 zbal 3.6e-07  0.57 h, ETA 0.06 h
[2026-08-24 21:50:32] t 15.004 step 2985 dt 6.20e-03  E 0.059996 Z 0.4802 ε 0.000679 max|ω| 16.269 (interp 16.360) ⟨ωSω⟩ 0.1230 (phys 0.1230) kmaxη 4.47 S -0.434 align 0.48/0.59/0.39 zgap 1.79  health FAIL (end FAIL)  ebal 3.1e-07 zbal 3.6e-07  0.58 h, ETA 0.04 h
[2026-08-24 21:51:28] t 15.502 step 3068 dt 5.83e-03  E 0.059654 Z 0.4901 ε 0.000693 max|ω| 17.257 (interp 17.264) ⟨ωSω⟩ 0.1217 (phys 0.1217) kmaxη 4.44 S -0.416 align 0.49/0.59/0.39 zgap 1.64  health FAIL (end FAIL)  ebal 3.1e-07 zbal 3.6e-07  0.60 h, ETA 0.02 h
[2026-08-24 21:52:26] t 16.002 step 3155 dt 5.78e-03  E 0.059302 Z 0.5049 ε 0.000714 max|ω| 15.550 (interp 15.607) ⟨ωSω⟩ 0.1330 (phys 0.1330) kmaxη 4.41 S -0.435 align 0.50/0.59/0.38 zgap 1.77  health FAIL (end FAIL)  ebal 3.1e-07 zbal 3.6e-07  0.61 h, ETA -0.00 h
[2026-08-24 21:52:26] checkpoint written at t=16.0024
[2026-08-24 21:52:26] DONE: ε_max 0.000957 at t 8.831; max|ω| peak 86.178 at t 8.826; interpolated peak 86.952 at t 8.810; E(16) 0.059302; health FAIL; 0.62 h
