[2026-08-24 18:46:35] NSLab GPU 0.1.2 (app 0.5.1) — tubes N=192³ Re=707 tEnd=16.0 cfl=0.4 dt=adaptive snap=0.5 ckpt=2.0  device NVIDIA GeForce RTX 3060 Laptop GPU  float32
[2026-08-24 18:46:35] solver ready in 0.7 s, device memory 2.20 GB, kc 64, E0 0.07031045854091644, Z0 0.40027010440826416
[2026-08-24 18:46:39] t 0.000 step 0 dt 0.00e+00  E 0.070310 Z 0.4003 ε 0.001132 max|ω| 8.025 (interp 8.037) ⟨ωSω⟩ -0.0000 (phys 0.0000) kmaxη 4.41 S 0.000 align 0.45/0.53/0.45 zgap 5.07  health WARN (end WARN)  ebal 0.0e+00 zbal 0.0e+00  0.00 h, ETA 1142.99 h
[2026-08-24 18:46:57] t 0.502 step 75 dt 7.10e-03  E 0.069747 Z 0.3933 ε 0.001113 max|ω| 7.867 (interp 7.878) ⟨ωSω⟩ 0.0028 (phys 0.0028) kmaxη 4.43 S -0.013 align 0.52/0.52/0.37 zgap 4.91  health FAIL (end FAIL)  ebal 1.6e-07 zbal 1.6e-07  0.01 h, ETA 0.20 h
[2026-08-24 18:47:13] t 1.006 step 142 dt 7.83e-03  E 0.069190 Z 0.3905 ε 0.001105 max|ω| 7.822 (interp 7.834) ⟨ωSω⟩ 0.0207 (phys 0.0207) kmaxη 4.43 S -0.100 align 0.56/0.51/0.33 zgap 4.52  health FAIL (end FAIL)  ebal 2.5e-07 zbal 3.0e-07  0.01 h, ETA 0.16 h
[2026-08-24 18:47:30] t 1.504 step 205 dt 7.90e-03  E 0.068636 Z 0.3953 ε 0.001118 max|ω| 7.942 (interp 7.950) ⟨ωSω⟩ 0.0370 (phys 0.0370) kmaxη 4.42 S -0.175 align 0.59/0.49/0.31 zgap 4.22  health FAIL (end FAIL)  ebal 2.5e-07 zbal 3.0e-07  0.02 h, ETA 0.15 h
[2026-08-24 18:47:45] t 2.004 step 269 dt 7.72e-03  E 0.068073 Z 0.4024 ε 0.001138 max|ω| 8.014 (interp 8.025) ⟨ωSω⟩ 0.0432 (phys 0.0432) kmaxη 4.40 S -0.199 align 0.61/0.48/0.30 zgap 3.96  health FAIL (end FAIL)  ebal 2.6e-07 zbal 3.0e-07  0.02 h, ETA 0.14 h
[2026-08-24 18:47:45] checkpoint written at t=2.0036
[2026-08-24 18:48:00] t 2.502 step 334 dt 7.63e-03  E 0.067502 Z 0.4067 ε 0.001150 max|ω| 8.140 (interp 8.155) ⟨ωSω⟩ 0.0427 (phys 0.0427) kmaxη 4.39 S -0.193 align 0.62/0.47/0.31 zgap 3.83  health FAIL (end FAIL)  ebal 2.6e-07 zbal 3.1e-07  0.02 h, ETA 0.13 h
[2026-08-24 18:48:18] t 3.005 step 400 dt 7.61e-03  E 0.066922 Z 0.4076 ε 0.001153 max|ω| 8.450 (interp 8.479) ⟨ωSω⟩ 0.0430 (phys 0.0430) kmaxη 4.39 S -0.194 align 0.62/0.46/0.32 zgap 3.76  health FAIL (end FAIL)  ebal 2.6e-07 zbal 3.1e-07  0.03 h, ETA 0.12 h
[2026-08-24 18:48:34] t 3.506 step 466 dt 7.58e-03  E 0.066345 Z 0.4064 ε 0.001150 max|ω| 8.505 (interp 8.513) ⟨ωSω⟩ 0.0428 (phys 0.0428) kmaxη 4.39 S -0.194 align 0.62/0.46/0.33 zgap 3.70  health FAIL (end FAIL)  ebal 2.6e-07 zbal 3.1e-07  0.03 h, ETA 0.12 h
[2026-08-24 18:48:51] t 4.004 step 532 dt 7.51e-03  E 0.065774 Z 0.4035 ε 0.001141 max|ω| 8.012 (interp 8.030) ⟨ωSω⟩ 0.0411 (phys 0.0411) kmaxη 4.40 S -0.188 align 0.62/0.45/0.35 zgap 3.57  health FAIL (end FAIL)  ebal 2.6e-07 zbal 3.1e-07  0.04 h, ETA 0.11 h
[2026-08-24 18:48:51] checkpoint written at t=4.0043
[2026-08-24 18:49:06] t 4.505 step 599 dt 7.43e-03  E 0.065206 Z 0.3995 ε 0.001130 max|ω| 7.665 (interp 7.668) ⟨ωSω⟩ 0.0401 (phys 0.0401) kmaxη 4.41 S -0.186 align 0.62/0.44/0.36 zgap 3.47  health FAIL (end FAIL)  ebal 2.6e-07 zbal 3.1e-07  0.04 h, ETA 0.11 h
[2026-08-24 18:49:22] t 5.007 step 667 dt 7.32e-03  E 0.064641 Z 0.3960 ε 0.001120 max|ω| 7.507 (interp 7.540) ⟨ωSω⟩ 0.0407 (phys 0.0407) kmaxη 4.42 S -0.192 align 0.61/0.44/0.38 zgap 3.40  health FAIL (end FAIL)  ebal 2.6e-07 zbal 3.1e-07  0.05 h, ETA 0.10 h
[2026-08-24 18:49:38] t 5.501 step 735 dt 7.23e-03  E 0.064089 Z 0.3935 ε 0.001113 max|ω| 7.592 (interp 7.592) ⟨ωSω⟩ 0.0418 (phys 0.0418) kmaxη 4.43 S -0.199 align 0.60/0.44/0.39 zgap 3.31  health FAIL (end FAIL)  ebal 2.6e-07 zbal 3.1e-07  0.05 h, ETA 0.10 h
[2026-08-24 18:49:53] t 6.005 step 805 dt 7.18e-03  E 0.063529 Z 0.3922 ε 0.001110 max|ω| 7.716 (interp 7.720) ⟨ωSω⟩ 0.0436 (phys 0.0436) kmaxη 4.43 S -0.209 align 0.59/0.44/0.40 zgap 3.21  health FAIL (end FAIL)  ebal 2.6e-07 zbal 3.1e-07  0.06 h, ETA 0.09 h
[2026-08-24 18:49:53] checkpoint written at t=6.0054
[2026-08-24 18:50:09] t 6.506 step 875 dt 7.13e-03  E 0.062973 Z 0.3927 ε 0.001111 max|ω| 8.217 (interp 8.228) ⟨ωSω⟩ 0.0481 (phys 0.0481) kmaxη 4.43 S -0.230 align 0.58/0.45/0.41 zgap 3.11  health FAIL (end FAIL)  ebal 2.6e-07 zbal 3.1e-07  0.06 h, ETA 0.09 h
[2026-08-24 18:50:32] t 7.001 step 945 dt 6.98e-03  E 0.062421 Z 0.3962 ε 0.001121 max|ω| 9.935 (interp 9.954) ⟨ωSω⟩ 0.0572 (phys 0.0572) kmaxη 4.42 S -0.269 align 0.57/0.46/0.41 zgap 3.01  health FAIL (end FAIL)  ebal 2.6e-07 zbal 3.1e-07  0.07 h, ETA 0.08 h
[2026-08-24 18:51:01] t 7.504 step 1018 dt 6.83e-03  E 0.061852 Z 0.4050 ε 0.001146 max|ω| 13.165 (interp 13.241) ⟨ωSω⟩ 0.0770 (phys 0.0770) kmaxη 4.39 S -0.351 align 0.56/0.47/0.42 zgap 2.91  health FAIL (end FAIL)  ebal 2.6e-07 zbal 3.1e-07  0.07 h, ETA 0.08 h
[2026-08-24 18:51:32] t 8.006 step 1091 dt 7.01e-03  E 0.061266 Z 0.4206 ε 0.001190 max|ω| 18.597 (interp 18.863) ⟨ωSω⟩ 0.1191 (phys 0.1191) kmaxη 4.35 S -0.512 align 0.55/0.47/0.43 zgap 2.85  health FAIL (end FAIL)  ebal 2.6e-07 zbal 3.1e-07  0.08 h, ETA 0.08 h
[2026-08-24 18:51:32] checkpoint written at t=8.0062
[2026-08-24 18:52:00] t 8.505 step 1160 dt 7.48e-03  E 0.060660 Z 0.4383 ε 0.001240 max|ω| 25.679 (interp 26.948) ⟨ωSω⟩ 0.1879 (phys 0.1879) kmaxη 4.31 S -0.760 align 0.53/0.48/0.43 zgap 2.81  health FAIL (end FAIL)  ebal 2.6e-07 zbal 3.1e-07  0.09 h, ETA 0.08 h
[2026-08-24 18:52:22] t 9.005 step 1224 dt 8.16e-03  E 0.060028 Z 0.4547 ε 0.001286 max|ω| 31.680 (interp 34.342) ⟨ωSω⟩ 0.2947 (phys 0.2947) kmaxη 4.27 S -1.128 align 0.52/0.50/0.43 zgap 2.78  health FAIL (end FAIL)  ebal 2.6e-07 zbal 3.1e-07  0.10 h, ETA 0.08 h
[2026-08-24 18:52:40] t 9.501 step 1282 dt 8.94e-03  E 0.059395 Z 0.4410 ε 0.001248 max|ω| 34.081 (interp 38.886) ⟨ωSω⟩ 0.2878 (phys 0.2878) kmaxη 4.30 S -1.154 align 0.51/0.52/0.43 zgap 3.40  health FAIL (end FAIL)  ebal 2.6e-07 zbal 3.1e-07  0.10 h, ETA 0.07 h
[2026-08-24 18:52:53] t 10.003 step 1338 dt 8.73e-03  E 0.058793 Z 0.4033 ε 0.001141 max|ω| 29.049 (interp 30.371) ⟨ωSω⟩ 0.2059 (phys 0.2059) kmaxη 4.40 S -0.943 align 0.50/0.54/0.42 zgap 3.14  health FAIL (end FAIL)  ebal 2.6e-07 zbal 3.1e-07  0.11 h, ETA 0.06 h
[2026-08-24 18:52:53] checkpoint written at t=10.0034
[2026-08-24 18:53:06] t 10.505 step 1394 dt 9.16e-03  E 0.058252 Z 0.3622 ε 0.001025 max|ω| 23.281 (interp 24.311) ⟨ωSω⟩ 0.1295 (phys 0.1295) kmaxη 4.52 S -0.697 align 0.48/0.56/0.42 zgap 2.62  health FAIL (end FAIL)  ebal 2.6e-07 zbal 3.1e-07  0.11 h, ETA 0.06 h
[2026-08-24 18:53:18] t 11.003 step 1449 dt 8.90e-03  E 0.057759 Z 0.3399 ε 0.000961 max|ω| 21.462 (interp 21.909) ⟨ωSω⟩ 0.1040 (phys 0.1040) kmaxη 4.59 S -0.616 align 0.47/0.58/0.42 zgap 2.36  health FAIL (end FAIL)  ebal 2.6e-07 zbal 3.1e-07  0.11 h, ETA 0.05 h
[2026-08-24 18:53:31] t 11.506 step 1505 dt 9.06e-03  E 0.057286 Z 0.3255 ε 0.000921 max|ω| 21.922 (interp 22.496) ⟨ωSω⟩ 0.0862 (phys 0.0862) kmaxη 4.64 S -0.545 align 0.45/0.59/0.41 zgap 2.32  health FAIL (end FAIL)  ebal 2.6e-07 zbal 3.1e-07  0.12 h, ETA 0.05 h
[2026-08-24 18:53:44] t 12.001 step 1559 dt 9.25e-03  E 0.056838 Z 0.3146 ε 0.000890 max|ω| 17.301 (interp 17.690) ⟨ωSω⟩ 0.0716 (phys 0.0716) kmaxη 4.68 S -0.477 align 0.43/0.60/0.41 zgap 2.06  health FAIL (end FAIL)  ebal 2.6e-07 zbal 3.1e-07  0.12 h, ETA 0.04 h
[2026-08-24 18:53:44] checkpoint written at t=12.0015
[2026-08-24 18:53:56] t 12.501 step 1612 dt 9.58e-03  E 0.056398 Z 0.3082 ε 0.000872 max|ω| 13.841 (interp 13.862) ⟨ωSω⟩ 0.0676 (phys 0.0676) kmaxη 4.71 S -0.464 align 0.42/0.61/0.41 zgap 2.03  health FAIL (end FAIL)  ebal 2.6e-07 zbal 3.1e-07  0.12 h, ETA 0.03 h
[2026-08-24 18:54:12] t 13.007 step 1664 dt 9.83e-03  E 0.055960 Z 0.3051 ε 0.000863 max|ω| 11.345 (interp 11.359) ⟨ωSω⟩ 0.0653 (phys 0.0653) kmaxη 4.72 S -0.455 align 0.41/0.61/0.41 zgap 2.59  health FAIL (end FAIL)  ebal 2.6e-07 zbal 3.1e-07  0.13 h, ETA 0.03 h
[2026-08-24 18:54:24] t 13.505 step 1714 dt 1.00e-02  E 0.055531 Z 0.3035 ε 0.000859 max|ω| 10.269 (interp 10.300) ⟨ωSω⟩ 0.0626 (phys 0.0626) kmaxη 4.72 S -0.439 align 0.41/0.61/0.40 zgap 2.75  health FAIL (end FAIL)  ebal 2.6e-07 zbal 3.1e-07  0.13 h, ETA 0.02 h
[2026-08-24 18:54:36] t 14.008 step 1764 dt 1.01e-02  E 0.055100 Z 0.3032 ε 0.000858 max|ω| 9.832 (interp 9.944) ⟨ωSω⟩ 0.0611 (phys 0.0611) kmaxη 4.72 S -0.430 align 0.42/0.61/0.40 zgap 2.91  health FAIL (end FAIL)  ebal 2.6e-07 zbal 3.3e-07  0.13 h, ETA 0.02 h
[2026-08-24 18:54:36] checkpoint written at t=14.0077
[2026-08-24 18:54:47] t 14.507 step 1813 dt 1.02e-02  E 0.054671 Z 0.3049 ε 0.000863 max|ω| 9.644 (interp 9.657) ⟨ωSω⟩ 0.0614 (phys 0.0614) kmaxη 4.72 S -0.428 align 0.44/0.61/0.39 zgap 2.88  health FAIL (end FAIL)  ebal 2.6e-07 zbal 3.3e-07  0.14 h, ETA 0.01 h
[2026-08-24 18:54:59] t 15.002 step 1861 dt 1.04e-02  E 0.054241 Z 0.3089 ε 0.000874 max|ω| 9.322 (interp 9.328) ⟨ωSω⟩ 0.0625 (phys 0.0625) kmaxη 4.70 S -0.427 align 0.46/0.60/0.39 zgap 2.78  health FAIL (end FAIL)  ebal 2.6e-07 zbal 3.3e-07  0.14 h, ETA 0.01 h
[2026-08-24 18:55:12] t 15.506 step 1909 dt 1.06e-02  E 0.053796 Z 0.3149 ε 0.000891 max|ω| 8.852 (interp 8.886) ⟨ωSω⟩ 0.0639 (phys 0.0639) kmaxη 4.68 S -0.424 align 0.47/0.60/0.38 zgap 2.65  health FAIL (end FAIL)  ebal 2.6e-07 zbal 3.3e-07  0.14 h, ETA 0.00 h
[2026-08-24 18:55:27] t 16.007 step 1956 dt 1.07e-02  E 0.053345 Z 0.3224 ε 0.000912 max|ω| 9.917 (interp 9.934) ⟨ωSω⟩ 0.0646 (phys 0.0646) kmaxη 4.65 S -0.414 align 0.48/0.60/0.37 zgap 2.52  health FAIL (end FAIL)  ebal 2.6e-07 zbal 3.3e-07  0.15 h, ETA -0.00 h
[2026-08-24 18:55:27] checkpoint written at t=16.0071
[2026-08-24 18:55:27] DONE: ε_max 0.001289 at t 9.104; max|ω| peak 37.945 at t 9.239; interpolated peak 38.886 at t 9.501; E(16) 0.053345; health FAIL; 0.15 h
