[2026-08-24 20:53:45] NSLab GPU 0.1.2 (app 0.5.1) — tubes N=256³ Re=707 tEnd=16.0 cfl=0.4 dt=adaptive snap=0.5 ckpt=2.0  device NVIDIA GeForce RTX 3060 Laptop GPU  float32
[2026-08-24 20:53:46] solver ready in 1.0 s, device memory 3.70 GB, kc 85, E0 0.07031046599149704, Z0 0.40027013421058655
[2026-08-24 20:53:50] t 0.000 step 0 dt 0.00e+00  E 0.070310 Z 0.4003 ε 0.001132 max|ω| 8.034 (interp 8.037) ⟨ωSω⟩ -0.0000 (phys 0.0000) kmaxη 5.85 S 0.000 align 0.45/0.53/0.45 zgap 5.08  health FAIL (end FAIL)  ebal 0.0e+00 zbal 0.0e+00  0.00 h, ETA 1404.70 h
[2026-08-24 20:54:39] t 0.502 step 100 dt 5.33e-03  E 0.069747 Z 0.3933 ε 0.001112 max|ω| 7.877 (interp 7.878) ⟨ωSω⟩ 0.0028 (phys 0.0028) kmaxη 5.88 S -0.013 align 0.52/0.52/0.37 zgap 4.91  health FAIL (end FAIL)  ebal 2.5e-07 zbal 2.6e-07  0.02 h, ETA 0.47 h
[2026-08-24 20:55:21] t 1.004 step 189 dt 5.87e-03  E 0.069192 Z 0.3905 ε 0.001105 max|ω| 7.829 (interp 7.834) ⟨ωSω⟩ 0.0206 (phys 0.0206) kmaxη 5.89 S -0.099 align 0.56/0.51/0.33 zgap 4.54  health FAIL (end FAIL)  ebal 3.0e-07 zbal 2.8e-07  0.03 h, ETA 0.40 h
[2026-08-24 20:56:03] t 1.502 step 273 dt 5.92e-03  E 0.068639 Z 0.3953 ε 0.001118 max|ω| 7.949 (interp 7.949) ⟨ωSω⟩ 0.0369 (phys 0.0369) kmaxη 5.87 S -0.174 align 0.59/0.49/0.31 zgap 4.22  health FAIL (end FAIL)  ebal 3.0e-07 zbal 3.1e-07  0.04 h, ETA 0.37 h
[2026-08-24 20:56:43] t 2.006 step 359 dt 5.79e-03  E 0.068070 Z 0.4024 ε 0.001138 max|ω| 8.015 (interp 8.025) ⟨ωSω⟩ 0.0432 (phys 0.0432) kmaxη 5.85 S -0.199 align 0.61/0.48/0.30 zgap 3.98  health FAIL (end FAIL)  ebal 3.0e-07 zbal 3.1e-07  0.05 h, ETA 0.35 h
[2026-08-24 20:56:44] checkpoint written at t=2.0055
[2026-08-24 20:57:26] t 2.506 step 446 dt 5.73e-03  E 0.067498 Z 0.4067 ε 0.001150 max|ω| 8.150 (interp 8.159) ⟨ωSω⟩ 0.0427 (phys 0.0427) kmaxη 5.83 S -0.193 align 0.62/0.47/0.31 zgap 3.83  health FAIL (end FAIL)  ebal 3.0e-07 zbal 3.1e-07  0.06 h, ETA 0.33 h
[2026-08-24 20:58:10] t 3.003 step 533 dt 5.71e-03  E 0.066925 Z 0.4076 ε 0.001153 max|ω| 8.472 (interp 8.480) ⟨ωSω⟩ 0.0430 (phys 0.0430) kmaxη 5.83 S -0.194 align 0.62/0.46/0.32 zgap 3.78  health FAIL (end FAIL)  ebal 3.0e-07 zbal 3.1e-07  0.07 h, ETA 0.32 h
[2026-08-24 20:58:55] t 3.504 step 621 dt 5.68e-03  E 0.066347 Z 0.4064 ε 0.001150 max|ω| 8.511 (interp 8.516) ⟨ωSω⟩ 0.0428 (phys 0.0428) kmaxη 5.83 S -0.194 align 0.62/0.46/0.33 zgap 3.66  health FAIL (end FAIL)  ebal 3.0e-07 zbal 3.1e-07  0.09 h, ETA 0.31 h
[2026-08-24 20:59:35] t 4.002 step 709 dt 5.63e-03  E 0.065777 Z 0.4035 ε 0.001141 max|ω| 8.030 (interp 8.032) ⟨ωSω⟩ 0.0411 (phys 0.0411) kmaxη 5.84 S -0.188 align 0.62/0.45/0.35 zgap 3.56  health FAIL (end FAIL)  ebal 3.0e-07 zbal 3.1e-07  0.10 h, ETA 0.29 h
[2026-08-24 20:59:35] checkpoint written at t=4.0023
[2026-08-24 21:00:15] t 4.501 step 798 dt 5.57e-03  E 0.065210 Z 0.3996 ε 0.001130 max|ω| 7.663 (interp 7.667) ⟨ωSω⟩ 0.0401 (phys 0.0401) kmaxη 5.86 S -0.186 align 0.62/0.44/0.36 zgap 3.49  health FAIL (end FAIL)  ebal 3.0e-07 zbal 3.1e-07  0.11 h, ETA 0.28 h
[2026-08-24 21:00:57] t 5.005 step 889 dt 5.50e-03  E 0.064643 Z 0.3960 ε 0.001120 max|ω| 7.533 (interp 7.542) ⟨ωSω⟩ 0.0407 (phys 0.0407) kmaxη 5.87 S -0.192 align 0.61/0.44/0.38 zgap 3.39  health FAIL (end FAIL)  ebal 3.0e-07 zbal 3.1e-07  0.12 h, ETA 0.26 h
[2026-08-24 21:01:38] t 5.501 step 980 dt 5.42e-03  E 0.064089 Z 0.3935 ε 0.001113 max|ω| 7.573 (interp 7.576) ⟨ωSω⟩ 0.0418 (phys 0.0418) kmaxη 5.88 S -0.199 align 0.61/0.44/0.39 zgap 3.29  health FAIL (end FAIL)  ebal 3.0e-07 zbal 3.1e-07  0.13 h, ETA 0.25 h
[2026-08-24 21:02:20] t 6.003 step 1073 dt 5.38e-03  E 0.063531 Z 0.3922 ε 0.001110 max|ω| 7.712 (interp 7.719) ⟨ωSω⟩ 0.0436 (phys 0.0436) kmaxη 5.88 S -0.209 align 0.59/0.45/0.40 zgap 3.19  health FAIL (end FAIL)  ebal 3.0e-07 zbal 3.1e-07  0.14 h, ETA 0.24 h
[2026-08-24 21:02:20] checkpoint written at t=6.0032
[2026-08-24 21:03:03] t 6.502 step 1166 dt 5.35e-03  E 0.062977 Z 0.3927 ε 0.001111 max|ω| 8.215 (interp 8.215) ⟨ωSω⟩ 0.0481 (phys 0.0481) kmaxη 5.88 S -0.229 align 0.58/0.45/0.40 zgap 3.09  health FAIL (end FAIL)  ebal 3.0e-07 zbal 3.1e-07  0.16 h, ETA 0.23 h
[2026-08-24 21:03:56] t 7.000 step 1260 dt 5.24e-03  E 0.062422 Z 0.3962 ε 0.001121 max|ω| 9.924 (interp 9.952) ⟨ωSω⟩ 0.0572 (phys 0.0572) kmaxη 5.87 S -0.269 align 0.57/0.46/0.41 zgap 3.02  health FAIL (end FAIL)  ebal 3.2e-07 zbal 3.1e-07  0.17 h, ETA 0.22 h
[2026-08-24 21:04:58] t 7.502 step 1357 dt 5.12e-03  E 0.061854 Z 0.4049 ε 0.001146 max|ω| 13.144 (interp 13.218) ⟨ωSω⟩ 0.0769 (phys 0.0769) kmaxη 5.84 S -0.350 align 0.56/0.47/0.41 zgap 2.92  health FAIL (end FAIL)  ebal 3.2e-07 zbal 3.1e-07  0.19 h, ETA 0.21 h
[2026-08-24 21:05:58] t 8.002 step 1454 dt 5.25e-03  E 0.061271 Z 0.4204 ε 0.001189 max|ω| 18.317 (interp 18.351) ⟨ωSω⟩ 0.1187 (phys 0.1187) kmaxη 5.78 S -0.511 align 0.55/0.48/0.42 zgap 2.82  health FAIL (end FAIL)  ebal 3.2e-07 zbal 3.1e-07  0.20 h, ETA 0.20 h
[2026-08-24 21:05:58] checkpoint written at t=8.0020
[2026-08-24 21:06:51] t 8.501 step 1546 dt 5.61e-03  E 0.060665 Z 0.4382 ε 0.001240 max|ω| 23.717 (interp 23.941) ⟨ωSω⟩ 0.1890 (phys 0.1890) kmaxη 5.72 S -0.765 align 0.54/0.48/0.42 zgap 2.80  health FAIL (end FAIL)  ebal 3.2e-07 zbal 3.1e-07  0.22 h, ETA 0.19 h
[2026-08-24 21:07:40] t 9.004 step 1632 dt 6.13e-03  E 0.060029 Z 0.4547 ε 0.001286 max|ω| 29.446 (interp 30.525) ⟨ωSω⟩ 0.3022 (phys 0.3022) kmaxη 5.67 S -1.157 align 0.53/0.50/0.43 zgap 2.80  health FAIL (end FAIL)  ebal 3.2e-07 zbal 3.1e-07  0.23 h, ETA 0.18 h
[2026-08-24 21:08:29] t 9.506 step 1710 dt 6.72e-03  E 0.059390 Z 0.4396 ε 0.001243 max|ω| 39.494 (interp 40.261) ⟨ωSω⟩ 0.2944 (phys 0.2944) kmaxη 5.72 S -1.186 align 0.51/0.52/0.42 zgap 3.29  health FAIL (end FAIL)  ebal 3.2e-07 zbal 3.1e-07  0.25 h, ETA 0.17 h
[2026-08-24 21:09:03] t 10.004 step 1783 dt 6.66e-03  E 0.058795 Z 0.4010 ε 0.001134 max|ω| 31.910 (interp 32.869) ⟨ωSω⟩ 0.2074 (phys 0.2074) kmaxη 5.85 S -0.959 align 0.50/0.54/0.42 zgap 3.14  health FAIL (end FAIL)  ebal 3.2e-07 zbal 3.1e-07  0.26 h, ETA 0.15 h
[2026-08-24 21:09:03] checkpoint written at t=10.0042
[2026-08-24 21:09:37] t 10.502 step 1857 dt 6.88e-03  E 0.058261 Z 0.3602 ε 0.001019 max|ω| 23.960 (interp 25.861) ⟨ωSω⟩ 0.1295 (phys 0.1295) kmaxη 6.01 S -0.703 align 0.48/0.56/0.42 zgap 2.53  health FAIL (end FAIL)  ebal 3.2e-07 zbal 3.1e-07  0.26 h, ETA 0.14 h
[2026-08-24 21:10:11] t 11.001 step 1930 dt 6.74e-03  E 0.057770 Z 0.3381 ε 0.000956 max|ω| 23.295 (interp 23.418) ⟨ωSω⟩ 0.1033 (phys 0.1033) kmaxη 6.11 S -0.617 align 0.46/0.58/0.42 zgap 2.33  health FAIL (end FAIL)  ebal 3.2e-07 zbal 3.1e-07  0.27 h, ETA 0.12 h
[2026-08-24 21:10:45] t 11.502 step 2004 dt 6.84e-03  E 0.057301 Z 0.3244 ε 0.000918 max|ω| 22.837 (interp 22.911) ⟨ωSω⟩ 0.0857 (phys 0.0857) kmaxη 6.17 S -0.544 align 0.45/0.59/0.41 zgap 2.28  health FAIL (end FAIL)  ebal 3.2e-07 zbal 3.1e-07  0.28 h, ETA 0.11 h
[2026-08-24 21:11:17] t 12.005 step 2077 dt 6.97e-03  E 0.056847 Z 0.3137 ε 0.000887 max|ω| 18.092 (interp 18.136) ⟨ωSω⟩ 0.0707 (phys 0.0707) kmaxη 6.22 S -0.473 align 0.43/0.60/0.41 zgap 2.01  health FAIL (end FAIL)  ebal 3.2e-07 zbal 3.1e-07  0.29 h, ETA 0.10 h
[2026-08-24 21:11:17] checkpoint written at t=12.0051
[2026-08-24 21:11:50] t 12.501 step 2147 dt 7.20e-03  E 0.056412 Z 0.3075 ε 0.000870 max|ω| 13.597 (interp 13.622) ⟨ωSω⟩ 0.0667 (phys 0.0667) kmaxη 6.25 S -0.459 align 0.42/0.61/0.41 zgap 2.04  health FAIL (end FAIL)  ebal 3.2e-07 zbal 3.1e-07  0.30 h, ETA 0.08 h
[2026-08-24 21:12:22] t 13.005 step 2216 dt 7.39e-03  E 0.055976 Z 0.3047 ε 0.000862 max|ω| 11.328 (interp 11.352) ⟨ωSω⟩ 0.0648 (phys 0.0648) kmaxη 6.27 S -0.452 align 0.41/0.61/0.40 zgap 2.60  health FAIL (end FAIL)  ebal 3.2e-07 zbal 3.1e-07  0.31 h, ETA 0.07 h
[2026-08-24 21:12:52] t 13.505 step 2283 dt 7.52e-03  E 0.055546 Z 0.3033 ε 0.000858 max|ω| 10.097 (interp 10.193) ⟨ωSω⟩ 0.0621 (phys 0.0621) kmaxη 6.27 S -0.437 align 0.41/0.61/0.40 zgap 2.72  health FAIL (end FAIL)  ebal 3.2e-07 zbal 3.1e-07  0.32 h, ETA 0.06 h
[2026-08-24 21:13:23] t 14.004 step 2349 dt 7.60e-03  E 0.055118 Z 0.3031 ε 0.000857 max|ω| 9.799 (interp 9.883) ⟨ωSω⟩ 0.0607 (phys 0.0607) kmaxη 6.28 S -0.427 align 0.42/0.61/0.40 zgap 2.92  health FAIL (end FAIL)  ebal 3.2e-07 zbal 3.1e-07  0.33 h, ETA 0.05 h
[2026-08-24 21:13:24] checkpoint written at t=14.0037
[2026-08-24 21:13:55] t 14.508 step 2415 dt 7.68e-03  E 0.054685 Z 0.3048 ε 0.000862 max|ω| 9.583 (interp 9.610) ⟨ωSω⟩ 0.0611 (phys 0.0611) kmaxη 6.27 S -0.426 align 0.44/0.61/0.39 zgap 2.87  health FAIL (end FAIL)  ebal 3.2e-07 zbal 3.1e-07  0.34 h, ETA 0.03 h
[2026-08-24 21:14:25] t 15.003 step 2479 dt 7.81e-03  E 0.054255 Z 0.3088 ε 0.000874 max|ω| 9.276 (interp 9.284) ⟨ωSω⟩ 0.0622 (phys 0.0622) kmaxη 6.25 S -0.426 align 0.46/0.60/0.39 zgap 2.80  health FAIL (end FAIL)  ebal 3.2e-07 zbal 3.1e-07  0.34 h, ETA 0.02 h
[2026-08-24 21:14:56] t 15.508 step 2543 dt 7.95e-03  E 0.053810 Z 0.3149 ε 0.000891 max|ω| 8.819 (interp 8.847) ⟨ωSω⟩ 0.0637 (phys 0.0637) kmaxη 6.22 S -0.423 align 0.47/0.60/0.38 zgap 2.65  health FAIL (end FAIL)  ebal 3.2e-07 zbal 3.1e-07  0.35 h, ETA 0.01 h
[2026-08-24 21:15:31] t 16.003 step 2605 dt 8.02e-03  E 0.053364 Z 0.3223 ε 0.000912 max|ω| 9.928 (interp 9.930) ⟨ωSω⟩ 0.0644 (phys 0.0644) kmaxη 6.18 S -0.413 align 0.49/0.60/0.37 zgap 2.53  health FAIL (end FAIL)  ebal 3.2e-07 zbal 3.1e-07  0.36 h, ETA -0.00 h
[2026-08-24 21:15:31] checkpoint written at t=16.0033
[2026-08-24 21:15:31] DONE: ε_max 0.001289 at t 9.091; max|ω| peak 39.728 at t 9.472; interpolated peak 40.261 at t 9.506; E(16) 0.053364; health FAIL; 0.36 h
