[2026-08-24 17:55:03] NSLab GPU 0.1.1 (app 0.5.0) — tubes N=192³ Re=1414 tEnd=16.0 cfl=0.4 dt=adaptive snap=0.5 ckpt=2.0  device NVIDIA GeForce RTX 3060 Laptop GPU  float32
[2026-08-24 17:55:06] solver ready in 2.7 s, device memory 2.20 GB, kc 64, E0 0.07031045854091644, Z0 0.40027010440826416
[2026-08-24 17:55:10] t 0.000 step 0 dt 0.00e+00  E 0.070310 Z 0.4003 ε 0.000566 max|ω| 8.025 (interp 8.037) ⟨ωSω⟩ -0.0000 (phys 0.0000) kmaxη 3.12 S 0.000 align 0.45/0.53/0.45 zgap 5.07  health WARN (end WARN)  ebal 0.0e+00 zbal 0.0e+00  0.00 h, ETA 1948.34 h
[2026-08-24 17:55:28] t 0.502 step 75 dt 7.08e-03  E 0.070028 Z 0.3970 ε 0.000562 max|ω| 7.938 (interp 7.950) ⟨ωSω⟩ 0.0029 (phys 0.0029) kmaxη 3.12 S -0.014 align 0.52/0.52/0.37 zgap 4.91  health FAIL (end FAIL)  ebal 2.0e-07 zbal 1.4e-07  0.01 h, ETA 0.21 h
[2026-08-24 17:55:44] t 1.003 step 142 dt 7.79e-03  E 0.069746 Z 0.3985 ε 0.000564 max|ω| 7.978 (interp 7.987) ⟨ωSω⟩ 0.0224 (phys 0.0224) kmaxη 3.12 S -0.104 align 0.56/0.51/0.33 zgap 4.52  health FAIL (end FAIL)  ebal 2.2e-07 zbal 3.2e-07  0.01 h, ETA 0.17 h
[2026-08-24 17:55:59] t 1.505 step 206 dt 7.81e-03  E 0.069460 Z 0.4094 ε 0.000579 max|ω| 8.195 (interp 8.199) ⟨ωSω⟩ 0.0416 (phys 0.0416) kmaxη 3.10 S -0.186 align 0.59/0.49/0.31 zgap 4.19  health FAIL (end FAIL)  ebal 2.3e-07 zbal 3.2e-07  0.02 h, ETA 0.15 h
[2026-08-24 17:56:14] t 2.006 step 271 dt 7.60e-03  E 0.069165 Z 0.4246 ε 0.000601 max|ω| 8.342 (interp 8.346) ⟨ωSω⟩ 0.0507 (phys 0.0507) kmaxη 3.07 S -0.215 align 0.61/0.48/0.30 zgap 3.99  health FAIL (end FAIL)  ebal 3.1e-07 zbal 3.3e-07  0.02 h, ETA 0.14 h
[2026-08-24 17:56:14] checkpoint written at t=2.0056
[2026-08-24 17:56:32] t 2.503 step 337 dt 7.50e-03  E 0.068861 Z 0.4382 ε 0.000620 max|ω| 8.618 (interp 8.631) ⟨ωSω⟩ 0.0533 (phys 0.0533) kmaxη 3.05 S -0.216 align 0.62/0.47/0.31 zgap 3.83  health FAIL (end FAIL)  ebal 3.3e-07 zbal 3.3e-07  0.02 h, ETA 0.13 h
[2026-08-24 17:56:52] t 3.005 step 404 dt 7.47e-03  E 0.068546 Z 0.4493 ε 0.000635 max|ω| 9.056 (interp 9.073) ⟨ωSω⟩ 0.0570 (phys 0.0570) kmaxη 3.03 S -0.222 align 0.62/0.46/0.33 zgap 3.80  health FAIL (end FAIL)  ebal 3.3e-07 zbal 3.3e-07  0.03 h, ETA 0.13 h
[2026-08-24 17:57:08] t 3.503 step 471 dt 7.41e-03  E 0.068226 Z 0.4579 ε 0.000648 max|ω| 8.960 (interp 8.964) ⟨ωSω⟩ 0.0591 (phys 0.0591) kmaxη 3.01 S -0.224 align 0.62/0.45/0.34 zgap 3.67  health FAIL (end FAIL)  ebal 3.3e-07 zbal 3.3e-07  0.03 h, ETA 0.12 h
[2026-08-24 17:57:25] t 4.004 step 539 dt 7.31e-03  E 0.067900 Z 0.4632 ε 0.000655 max|ω| 8.524 (interp 8.556) ⟨ωSω⟩ 0.0586 (phys 0.0586) kmaxη 3.00 S -0.218 align 0.62/0.45/0.36 zgap 3.57  health FAIL (end FAIL)  ebal 3.3e-07 zbal 3.3e-07  0.04 h, ETA 0.12 h
[2026-08-24 17:57:25] checkpoint written at t=4.0041
[2026-08-24 17:57:41] t 4.504 step 608 dt 7.18e-03  E 0.067571 Z 0.4657 ε 0.000659 max|ω| 8.326 (interp 8.337) ⟨ωSω⟩ 0.0595 (phys 0.0595) kmaxη 3.00 S -0.220 align 0.61/0.44/0.38 zgap 3.50  health FAIL (end FAIL)  ebal 3.3e-07 zbal 3.3e-07  0.04 h, ETA 0.11 h
[2026-08-24 17:58:00] t 5.001 step 678 dt 7.02e-03  E 0.067243 Z 0.4672 ε 0.000661 max|ω| 8.406 (interp 8.447) ⟨ωSω⟩ 0.0610 (phys 0.0610) kmaxη 3.00 S -0.224 align 0.61/0.43/0.40 zgap 3.44  health FAIL (end FAIL)  ebal 3.3e-07 zbal 3.3e-07  0.05 h, ETA 0.11 h
[2026-08-24 17:58:15] t 5.502 step 750 dt 6.91e-03  E 0.066911 Z 0.4688 ε 0.000663 max|ω| 8.705 (interp 8.738) ⟨ωSω⟩ 0.0625 (phys 0.0625) kmaxη 3.00 S -0.229 align 0.60/0.43/0.41 zgap 3.27  health FAIL (end FAIL)  ebal 3.5e-07 zbal 3.3e-07  0.05 h, ETA 0.10 h
[2026-08-24 17:58:31] t 6.003 step 823 dt 6.81e-03  E 0.066579 Z 0.4715 ε 0.000667 max|ω| 9.020 (interp 9.046) ⟨ωSω⟩ 0.0666 (phys 0.0666) kmaxη 2.99 S -0.241 align 0.59/0.43/0.42 zgap 3.21  health FAIL (end FAIL)  ebal 3.5e-07 zbal 3.3e-07  0.06 h, ETA 0.10 h
[2026-08-24 17:58:31] checkpoint written at t=6.0026
[2026-08-24 17:58:53] t 6.500 step 897 dt 6.62e-03  E 0.066245 Z 0.4774 ε 0.000675 max|ω| 9.870 (interp 9.934) ⟨ωSω⟩ 0.0753 (phys 0.0753) kmaxη 2.98 S -0.268 align 0.58/0.44/0.43 zgap 3.08  health FAIL (end FAIL)  ebal 3.5e-07 zbal 3.3e-07  0.06 h, ETA 0.09 h
[2026-08-24 17:59:24] t 7.003 step 975 dt 6.29e-03  E 0.065901 Z 0.4901 ε 0.000693 max|ω| 13.550 (interp 13.608) ⟨ωSω⟩ 0.0957 (phys 0.0957) kmaxη 2.96 S -0.327 align 0.57/0.45/0.43 zgap 2.95  health FAIL (end FAIL)  ebal 3.5e-07 zbal 3.3e-07  0.07 h, ETA 0.09 h
[2026-08-24 17:59:57] t 7.504 step 1056 dt 6.16e-03  E 0.065546 Z 0.5175 ε 0.000732 max|ω| 21.523 (interp 22.211) ⟨ωSω⟩ 0.1574 (phys 0.1574) kmaxη 2.92 S -0.496 align 0.56/0.45/0.44 zgap 2.85  health FAIL (end FAIL)  ebal 3.5e-07 zbal 3.3e-07  0.08 h, ETA 0.09 h
[2026-08-24 18:00:39] t 8.005 step 1135 dt 6.55e-03  E 0.065161 Z 0.5725 ε 0.000810 max|ω| 39.131 (interp 39.603) ⟨ωSω⟩ 0.3220 (phys 0.3220) kmaxη 2.85 S -0.872 align 0.54/0.46/0.45 zgap 2.78  health FAIL (end FAIL)  ebal 3.5e-07 zbal 3.3e-07  0.09 h, ETA 0.09 h
[2026-08-24 18:00:39] checkpoint written at t=8.0048
[2026-08-24 18:01:02] t 8.506 step 1208 dt 7.23e-03  E 0.064730 Z 0.6463 ε 0.000914 max|ω| 45.254 (interp 49.456) ⟨ωSω⟩ 0.5784 (phys 0.5785) kmaxη 2.76 S -1.306 align 0.52/0.47/0.45 zgap 2.81  health FAIL (end FAIL)  ebal 3.5e-07 zbal 3.3e-07  0.10 h, ETA 0.09 h
[2026-08-24 18:01:32] t 9.002 step 1274 dt 7.68e-03  E 0.064265 Z 0.6660 ε 0.000942 max|ω| 80.235 (interp 87.361) ⟨ωSω⟩ 0.6106 (phys 0.6108) kmaxη 2.74 S -1.319 align 0.50/0.49/0.46 zgap 2.98  health FAIL (end FAIL)  ebal 3.5e-07 zbal 3.3e-07  0.11 h, ETA 0.08 h
[2026-08-24 18:01:49] t 9.503 step 1341 dt 7.44e-03  E 0.063810 Z 0.6104 ε 0.000863 max|ω| 45.244 (interp 46.238) ⟨ωSω⟩ 0.4497 (phys 0.4499) kmaxη 2.80 S -1.107 align 0.49/0.51/0.46 zgap 2.91  health FAIL (end FAIL)  ebal 3.5e-07 zbal 4.4e-07  0.11 h, ETA 0.08 h
[2026-08-24 18:02:03] t 10.005 step 1408 dt 7.37e-03  E 0.063386 Z 0.5902 ε 0.000835 max|ω| 45.912 (interp 47.891) ⟨ωSω⟩ 0.4847 (phys 0.4847) kmaxη 2.83 S -1.255 align 0.47/0.53/0.45 zgap 2.75  health FAIL (end FAIL)  ebal 4.5e-07 zbal 6.9e-07  0.12 h, ETA 0.07 h
[2026-08-24 18:02:03] checkpoint written at t=10.0051
[2026-08-24 18:02:22] t 10.507 step 1476 dt 7.07e-03  E 0.062985 Z 0.5412 ε 0.000766 max|ω| 43.758 (interp 45.006) ⟨ωSω⟩ 0.3403 (phys 0.3403) kmaxη 2.89 S -1.003 align 0.46/0.55/0.45 zgap 2.81  health FAIL (end FAIL)  ebal 4.5e-07 zbal 7.8e-07  0.12 h, ETA 0.06 h
[2026-08-24 18:02:35] t 11.005 step 1543 dt 8.25e-03  E 0.062616 Z 0.5066 ε 0.000717 max|ω| 35.248 (interp 37.695) ⟨ωSω⟩ 0.2602 (phys 0.2602) kmaxη 2.94 S -0.847 align 0.45/0.57/0.44 zgap 2.52  health FAIL (end FAIL)  ebal 4.5e-07 zbal 1.2e-06  0.13 h, ETA 0.06 h
[2026-08-24 18:02:51] t 11.503 step 1607 dt 7.59e-03  E 0.062266 Z 0.4874 ε 0.000689 max|ω| 33.481 (interp 34.260) ⟨ωSω⟩ 0.2375 (phys 0.2375) kmaxη 2.97 S -0.819 align 0.44/0.58/0.44 zgap 2.23  health FAIL (end FAIL)  ebal 4.5e-07 zbal 1.2e-06  0.13 h, ETA 0.05 h
[2026-08-24 18:03:06] t 12.006 step 1671 dt 8.11e-03  E 0.061924 Z 0.4762 ε 0.000673 max|ω| 30.196 (interp 30.819) ⟨ωSω⟩ 0.2184 (phys 0.2184) kmaxη 2.98 S -0.780 align 0.43/0.58/0.43 zgap 2.06  health FAIL (end FAIL)  ebal 4.5e-07 zbal 1.2e-06  0.13 h, ETA 0.04 h
[2026-08-24 18:03:07] checkpoint written at t=12.0057
[2026-08-24 18:03:20] t 12.501 step 1731 dt 8.35e-03  E 0.061591 Z 0.4737 ε 0.000670 max|ω| 27.816 (interp 27.986) ⟨ωSω⟩ 0.2138 (phys 0.2138) kmaxη 2.99 S -0.770 align 0.42/0.59/0.43 zgap 2.09  health FAIL (end FAIL)  ebal 4.5e-07 zbal 1.2e-06  0.14 h, ETA 0.04 h
[2026-08-24 18:03:32] t 13.003 step 1790 dt 8.52e-03  E 0.061255 Z 0.4737 ε 0.000670 max|ω| 23.888 (interp 24.077) ⟨ωSω⟩ 0.1980 (phys 0.1980) kmaxη 2.99 S -0.713 align 0.42/0.60/0.42 zgap 2.00  health FAIL (end FAIL)  ebal 4.5e-07 zbal 1.2e-06  0.14 h, ETA 0.03 h
[2026-08-24 18:03:45] t 13.504 step 1847 dt 8.80e-03  E 0.060920 Z 0.4725 ε 0.000668 max|ω| 22.010 (interp 22.024) ⟨ωSω⟩ 0.1682 (phys 0.1682) kmaxη 2.99 S -0.608 align 0.43/0.59/0.42 zgap 2.00  health FAIL (end FAIL)  ebal 4.5e-07 zbal 1.2e-06  0.15 h, ETA 0.03 h
