[2026-08-24 21:04:02] NSLab GPU 0.1.2 (app 0.5.1) — tubes N=512³ Re=2000 tEnd=16.0 cfl=0.4 dt=adaptive snap=0.5 ckpt=2.0  device NVIDIA A100-SXM4-80GB  float64
[2026-08-24 21:04:03] solver ready in 0.9 s, device memory 41.50 GB, kc 170, E0 0.07031047701250988, Z0 0.4002701878252515
[2026-08-24 21:04:06] t 0.000 step 0 dt 0.00e+00  E 0.070310 Z 0.4003 ε 0.000400 max|ω| 8.036 (interp 8.037) ⟨ωSω⟩ 0.0000 (phys 0.0000) kmaxη 6.96 S -0.000 align 0.45/0.53/0.45 zgap 5.07  health PASS (end PASS)  ebal 0.0e+00 zbal 0.0e+00  0.00 h, ETA 1052.77 h
[2026-08-24 21:07:29] t 0.502 step 200 dt 2.66e-03  E 0.070110 Z 0.3981 ε 0.000398 max|ω| 7.970 (interp 7.972) ⟨ωSω⟩ 0.0030 (phys 0.0030) kmaxη 6.97 S -0.014 align 0.52/0.52/0.37 zgap 4.91  health PASS (end PASS)  ebal 4.1e-15 zbal 6.5e-14  0.06 h, ETA 1.77 h
[2026-08-24 21:10:29] t 1.001 step 378 dt 2.92e-03  E 0.069911 Z 0.4009 ε 0.000401 max|ω| 8.030 (interp 8.032) ⟨ωSω⟩ 0.0228 (phys 0.0228) kmaxη 6.96 S -0.106 align 0.56/0.51/0.33 zgap 4.54  health PASS (end PASS)  ebal 4.4e-15 zbal 9.1e-13  0.11 h, ETA 1.61 h
[2026-08-24 21:13:23] t 1.503 step 549 dt 2.92e-03  E 0.069707 Z 0.4137 ε 0.000414 max|ω| 8.272 (interp 8.272) ⟨ωSω⟩ 0.0431 (phys 0.0431) kmaxη 6.90 S -0.190 align 0.59/0.49/0.31 zgap 4.21  health PASS (end PASS)  ebal 4.4e-15 zbal 1.6e-12  0.16 h, ETA 1.50 h
[2026-08-24 21:16:24] t 2.003 step 723 dt 2.83e-03  E 0.069496 Z 0.4319 ε 0.000432 max|ω| 8.442 (interp 8.443) ⟨ωSω⟩ 0.0535 (phys 0.0535) kmaxη 6.83 S -0.221 align 0.61/0.48/0.30 zgap 3.96  health PASS (end PASS)  ebal 6.7e-15 zbal 1.6e-12  0.21 h, ETA 1.44 h
[2026-08-24 21:16:52] checkpoint written at t=2.0025
[2026-08-24 21:19:53] t 2.500 step 900 dt 2.80e-03  E 0.069276 Z 0.4495 ε 0.000449 max|ω| 8.791 (interp 8.794) ⟨ωSω⟩ 0.0579 (phys 0.0579) kmaxη 6.76 S -0.225 align 0.62/0.47/0.31 zgap 3.84  health PASS (end PASS)  ebal 8.1e-15 zbal 1.6e-12  0.26 h, ETA 1.43 h
[2026-08-24 21:22:57] t 3.003 step 1080 dt 2.78e-03  E 0.069047 Z 0.4655 ε 0.000466 max|ω| 9.275 (interp 9.278) ⟨ωSω⟩ 0.0634 (phys 0.0634) kmaxη 6.70 S -0.234 align 0.62/0.46/0.32 zgap 3.80  health PASS (end PASS)  ebal 8.3e-15 zbal 1.6e-12  0.32 h, ETA 1.36 h
[2026-08-24 21:25:59] t 3.502 step 1260 dt 2.76e-03  E 0.068811 Z 0.4795 ε 0.000480 max|ω| 9.102 (interp 9.103) ⟨ωSω⟩ 0.0673 (phys 0.0673) kmaxη 6.65 S -0.238 align 0.63/0.45/0.34 zgap 3.68  health PASS (end PASS)  ebal 8.3e-15 zbal 1.6e-12  0.37 h, ETA 1.31 h
[2026-08-24 21:29:03] t 4.001 step 1442 dt 2.72e-03  E 0.068569 Z 0.4901 ε 0.000490 max|ω| 8.734 (interp 8.739) ⟨ωSω⟩ 0.0682 (phys 0.0682) kmaxη 6.62 S -0.233 align 0.63/0.44/0.36 zgap 3.58  health PASS (end PASS)  ebal 8.3e-15 zbal 1.6e-12  0.42 h, ETA 1.25 h
[2026-08-24 21:29:32] checkpoint written at t=4.0009
[2026-08-24 21:32:40] t 4.502 step 1628 dt 2.66e-03  E 0.068321 Z 0.4974 ε 0.000497 max|ω| 8.685 (interp 8.686) ⟨ωSω⟩ 0.0707 (phys 0.0707) kmaxη 6.59 S -0.237 align 0.63/0.44/0.37 zgap 3.51  health PASS (end PASS)  ebal 8.3e-15 zbal 1.6e-12  0.48 h, ETA 1.22 h
[2026-08-24 21:35:52] t 5.002 step 1818 dt 2.60e-03  E 0.068071 Z 0.5028 ε 0.000503 max|ω| 8.762 (interp 8.765) ⟨ωSω⟩ 0.0733 (phys 0.0733) kmaxη 6.57 S -0.241 align 0.62/0.43/0.39 zgap 3.42  health PASS (end PASS)  ebal 8.3e-15 zbal 1.6e-12  0.53 h, ETA 1.17 h
[2026-08-24 21:39:07] t 5.501 step 2012 dt 2.55e-03  E 0.067819 Z 0.5073 ε 0.000507 max|ω| 9.172 (interp 9.172) ⟨ωSω⟩ 0.0754 (phys 0.0754) kmaxη 6.56 S -0.245 align 0.61/0.43/0.40 zgap 3.29  health PASS (end PASS)  ebal 8.3e-15 zbal 1.6e-12  0.58 h, ETA 1.12 h
[2026-08-24 21:42:27] t 6.002 step 2210 dt 2.51e-03  E 0.067563 Z 0.5124 ε 0.000512 max|ω| 9.481 (interp 9.483) ⟨ωSω⟩ 0.0806 (phys 0.0806) kmaxη 6.54 S -0.258 align 0.60/0.44/0.41 zgap 3.20  health PASS (end PASS)  ebal 8.3e-15 zbal 1.6e-12  0.64 h, ETA 1.07 h
[2026-08-24 21:42:56] checkpoint written at t=6.0021
[2026-08-24 21:46:22] t 6.500 step 2412 dt 2.41e-03  E 0.067306 Z 0.5206 ε 0.000521 max|ω| 11.004 (interp 11.012) ⟨ωSω⟩ 0.0912 (phys 0.0912) kmaxη 6.52 S -0.285 align 0.59/0.45/0.41 zgap 3.07  health PASS (end PASS)  ebal 8.3e-15 zbal 1.6e-12  0.71 h, ETA 1.03 h
[2026-08-24 21:50:03] t 7.002 step 2626 dt 2.28e-03  E 0.067041 Z 0.5370 ε 0.000537 max|ω| 15.182 (interp 15.206) ⟨ωSω⟩ 0.1174 (phys 0.1174) kmaxη 6.47 S -0.350 align 0.58/0.46/0.42 zgap 2.95  health PASS (end PASS)  ebal 8.3e-15 zbal 1.6e-12  0.77 h, ETA 0.99 h
[2026-08-24 21:54:00] t 7.501 step 2849 dt 2.22e-03  E 0.066765 Z 0.5750 ε 0.000575 max|ω| 27.004 (interp 27.024) ⟨ωSω⟩ 0.2120 (phys 0.2120) kmaxη 6.36 S -0.571 align 0.57/0.47/0.42 zgap 2.85  health PASS (end PASS)  ebal 8.3e-15 zbal 1.6e-12  0.83 h, ETA 0.94 h
[2026-08-24 21:57:57] t 8.000 step 3067 dt 2.39e-03  E 0.066459 Z 0.6633 ε 0.000663 max|ω| 52.541 (interp 52.878) ⟨ωSω⟩ 0.5599 (phys 0.5599) kmaxη 6.13 S -1.216 align 0.55/0.47/0.43 zgap 2.76  health PASS (end PASS)  ebal 6.2e-14 zbal 4.9e-12  0.90 h, ETA 0.90 h
[2026-08-24 21:58:26] checkpoint written at t=8.0003
[2026-08-24 22:02:07] t 8.501 step 3265 dt 2.68e-03  E 0.066093 Z 0.7939 ε 0.000794 max|ω| 139.678 (interp 139.730) ⟨ωSω⟩ 1.2859 (phys 1.2859) kmaxη 5.87 S -2.134 align 0.54/0.48/0.43 zgap 3.34  health PASS (end PASS)  ebal 1.4e-13 zbal 1.5e-10  0.97 h, ETA 0.85 h
[2026-08-24 22:05:10] t 9.002 step 3444 dt 2.86e-03  E 0.065694 Z 0.7677 ε 0.000768 max|ω| 74.109 (interp 77.025) ⟨ωSω⟩ 0.9601 (phys 0.9601) kmaxη 5.91 S -1.675 align 0.52/0.50/0.43 zgap 3.06  health PASS (end PASS)  ebal 2.9e-12 zbal 1.2e-08  1.02 h, ETA 0.79 h
[2026-08-24 22:08:17] t 9.501 step 3629 dt 2.61e-03  E 0.065320 Z 0.7510 ε 0.000751 max|ω| 104.325 (interp 104.372) ⟨ωSω⟩ 1.1676 (phys 1.1676) kmaxη 5.95 S -2.106 align 0.51/0.52/0.43 zgap 3.20  health PASS (end PASS)  ebal 3.5e-12 zbal 1.2e-08  1.07 h, ETA 0.73 h
[2026-08-24 22:11:30] t 10.003 step 3820 dt 2.68e-03  E 0.064948 Z 0.7196 ε 0.000720 max|ω| 90.841 (interp 93.218) ⟨ωSω⟩ 0.9959 (phys 0.9959) kmaxη 6.01 S -1.915 align 0.49/0.55/0.43 zgap 3.07  health PASS (end PASS)  ebal 1.2e-11 zbal 1.8e-08  1.12 h, ETA 0.67 h
[2026-08-24 22:11:58] checkpoint written at t=10.0027
[2026-08-24 22:15:11] t 10.501 step 4011 dt 2.63e-03  E 0.064598 Z 0.6794 ε 0.000679 max|ω| 80.916 (interp 87.677) ⟨ωSω⟩ 0.7976 (phys 0.7976) kmaxη 6.10 S -1.672 align 0.48/0.57/0.43 zgap 2.81  health PASS (end PASS)  ebal 1.2e-11 zbal 1.8e-08  1.19 h, ETA 0.62 h
[2026-08-24 22:18:23] t 11.002 step 4200 dt 2.77e-03  E 0.064270 Z 0.6309 ε 0.000631 max|ω| 54.705 (interp 56.194) ⟨ωSω⟩ 0.5842 (phys 0.5842) kmaxη 6.21 S -1.368 align 0.46/0.58/0.42 zgap 2.56  health PASS (end PASS)  ebal 1.2e-11 zbal 2.4e-08  1.24 h, ETA 0.56 h
[2026-08-24 22:21:29] t 11.500 step 4384 dt 2.59e-03  E 0.063963 Z 0.6044 ε 0.000604 max|ω| 63.042 (interp 65.216) ⟨ωSω⟩ 0.5004 (phys 0.5004) kmaxη 6.28 S -1.250 align 0.45/0.59/0.42 zgap 2.27  health PASS (end PASS)  ebal 1.2e-11 zbal 2.4e-08  1.29 h, ETA 0.51 h
[2026-08-24 22:24:29] t 12.000 step 4562 dt 2.85e-03  E 0.063667 Z 0.5830 ε 0.000583 max|ω| 48.408 (interp 50.696) ⟨ωSω⟩ 0.3995 (phys 0.3995) kmaxη 6.34 S -1.053 align 0.44/0.59/0.42 zgap 2.06  health PASS (end PASS)  ebal 1.4e-11 zbal 3.5e-08  1.34 h, ETA 0.45 h
[2026-08-24 22:24:58] checkpoint written at t=12.0003
[2026-08-24 22:27:55] t 12.502 step 4736 dt 3.03e-03  E 0.063375 Z 0.5839 ε 0.000584 max|ω| 38.034 (interp 38.815) ⟨ωSω⟩ 0.3919 (phys 0.3919) kmaxη 6.33 S -1.031 align 0.44/0.59/0.41 zgap 2.04  health PASS (end PASS)  ebal 1.4e-11 zbal 3.5e-08  1.40 h, ETA 0.39 h
[2026-08-24 22:30:43] t 13.001 step 4897 dt 3.18e-03  E 0.063084 Z 0.5804 ε 0.000580 max|ω| 32.451 (interp 32.488) ⟨ωSω⟩ 0.3066 (phys 0.3066) kmaxη 6.34 S -0.814 align 0.44/0.59/0.41 zgap 1.93  health PASS (end PASS)  ebal 1.4e-11 zbal 3.5e-08  1.44 h, ETA 0.33 h
[2026-08-24 22:33:24] t 13.501 step 5051 dt 3.19e-03  E 0.062795 Z 0.5727 ε 0.000573 max|ω| 30.610 (interp 30.615) ⟨ωSω⟩ 0.2432 (phys 0.2432) kmaxη 6.36 S -0.659 align 0.45/0.59/0.41 zgap 1.84  health PASS (end PASS)  ebal 1.4e-11 zbal 3.5e-08  1.49 h, ETA 0.28 h
[2026-08-24 22:36:02] t 14.002 step 5205 dt 3.38e-03  E 0.062509 Z 0.5717 ε 0.000572 max|ω| 27.562 (interp 27.596) ⟨ωSω⟩ 0.2153 (phys 0.2153) kmaxη 6.37 S -0.584 align 0.46/0.59/0.40 zgap 1.82  health PASS (end PASS)  ebal 1.4e-11 zbal 3.5e-08  1.53 h, ETA 0.22 h
[2026-08-24 22:36:42] checkpoint written at t=14.0018
[2026-08-24 22:39:11] t 14.503 step 5351 dt 3.46e-03  E 0.062223 Z 0.5713 ε 0.000571 max|ω| 24.236 (interp 24.275) ⟨ωSω⟩ 0.1820 (phys 0.1820) kmaxη 6.37 S -0.495 align 0.47/0.59/0.39 zgap 1.62  health PASS (end PASS)  ebal 1.4e-11 zbal 3.5e-08  1.59 h, ETA 0.16 h
[2026-08-24 22:41:43] t 15.001 step 5500 dt 3.26e-03  E 0.061937 Z 0.5768 ε 0.000577 max|ω| 22.885 (interp 23.001) ⟨ωSω⟩ 0.1757 (phys 0.1757) kmaxη 6.35 S -0.471 align 0.48/0.59/0.39 zgap 1.48  health PASS (end PASS)  ebal 1.4e-11 zbal 3.5e-08  1.63 h, ETA 0.11 h
[2026-08-24 22:44:24] t 15.500 step 5657 dt 3.16e-03  E 0.061646 Z 0.5897 ε 0.000590 max|ω| 22.645 (interp 22.681) ⟨ωSω⟩ 0.1841 (phys 0.1841) kmaxη 6.32 S -0.477 align 0.50/0.59/0.38 zgap 1.44  health PASS (end PASS)  ebal 1.4e-11 zbal 3.5e-08  1.67 h, ETA 0.05 h
[2026-08-24 22:47:03] t 16.001 step 5813 dt 3.25e-03  E 0.061346 Z 0.6131 ε 0.000613 max|ω| 20.072 (interp 20.156) ⟨ωSω⟩ 0.1994 (phys 0.1994) kmaxη 6.26 S -0.487 align 0.51/0.58/0.38 zgap 1.46  health PASS (end PASS)  ebal 1.4e-11 zbal 3.5e-08  1.72 h, ETA -0.00 h
[2026-08-24 22:47:33] checkpoint written at t=16.0006
[2026-08-24 22:47:33] DONE: ε_max 0.000810 at t 8.673; max|ω| peak 157.306 at t 8.607; interpolated peak 164.365 at t 8.587; E(16) 0.061346; health PASS; 1.73 h
