[2026-08-24 18:26:55] NSLab GPU 0.1.2 (app 0.5.1) — tubes N=192³ Re=1000 tEnd=16.0 cfl=0.4 dt=adaptive snap=0.5 ckpt=2.0  device NVIDIA GeForce RTX 3060 Laptop GPU  float32
[2026-08-24 18:26:56] solver ready in 0.7 s, device memory 2.20 GB, kc 64, E0 0.07031045854091644, Z0 0.40027010440826416
[2026-08-24 18:26:59] t 0.000 step 0 dt 0.00e+00  E 0.070310 Z 0.4003 ε 0.000801 max|ω| 8.025 (interp 8.037) ⟨ωSω⟩ -0.0000 (phys 0.0000) kmaxη 3.71 S 0.000 align 0.45/0.53/0.45 zgap 5.07  health WARN (end WARN)  ebal 0.0e+00 zbal 0.0e+00  0.00 h, ETA 1230.69 h
[2026-08-24 18:27:19] t 0.502 step 75 dt 7.09e-03  E 0.069911 Z 0.3954 ε 0.000791 max|ω| 7.909 (interp 7.920) ⟨ωSω⟩ 0.0029 (phys 0.0029) kmaxη 3.72 S -0.014 align 0.52/0.52/0.37 zgap 4.91  health FAIL (end FAIL)  ebal 2.0e-07 zbal 1.6e-07  0.01 h, ETA 0.21 h
[2026-08-24 18:27:35] t 1.004 step 142 dt 7.81e-03  E 0.069515 Z 0.3951 ε 0.000790 max|ω| 7.913 (interp 7.923) ⟨ωSω⟩ 0.0217 (phys 0.0217) kmaxη 3.72 S -0.102 align 0.56/0.51/0.33 zgap 4.52  health FAIL (end FAIL)  ebal 2.1e-07 zbal 2.7e-07  0.01 h, ETA 0.17 h
[2026-08-24 18:27:50] t 1.500 step 205 dt 7.84e-03  E 0.069119 Z 0.4033 ε 0.000807 max|ω| 8.086 (interp 8.092) ⟨ωSω⟩ 0.0394 (phys 0.0394) kmaxη 3.70 S -0.181 align 0.59/0.49/0.31 zgap 4.22  health FAIL (end FAIL)  ebal 2.9e-07 zbal 2.7e-07  0.02 h, ETA 0.15 h
[2026-08-24 18:28:07] t 2.004 step 270 dt 7.65e-03  E 0.068708 Z 0.4149 ε 0.000830 max|ω| 8.203 (interp 8.210) ⟨ωSω⟩ 0.0472 (phys 0.0472) kmaxη 3.67 S -0.208 align 0.61/0.48/0.30 zgap 3.99  health FAIL (end FAIL)  ebal 2.9e-07 zbal 2.7e-07  0.02 h, ETA 0.14 h
[2026-08-24 18:28:07] checkpoint written at t=2.0035
[2026-08-24 18:28:23] t 2.505 step 336 dt 7.56e-03  E 0.068287 Z 0.4240 ε 0.000848 max|ω| 8.418 (interp 8.429) ⟨ωSω⟩ 0.0482 (phys 0.0482) kmaxη 3.65 S -0.205 align 0.61/0.47/0.31 zgap 3.83  health FAIL (end FAIL)  ebal 3.5e-07 zbal 2.7e-07  0.02 h, ETA 0.13 h
[2026-08-24 18:28:41] t 3.002 step 402 dt 7.53e-03  E 0.067861 Z 0.4300 ε 0.000860 max|ω| 8.808 (interp 8.823) ⟨ωSω⟩ 0.0501 (phys 0.0501) kmaxη 3.64 S -0.209 align 0.62/0.46/0.32 zgap 3.80  health FAIL (end FAIL)  ebal 3.5e-07 zbal 2.7e-07  0.03 h, ETA 0.13 h
[2026-08-24 18:28:59] t 3.505 step 469 dt 7.48e-03  E 0.067427 Z 0.4335 ε 0.000867 max|ω| 8.768 (interp 8.790) ⟨ωSω⟩ 0.0509 (phys 0.0509) kmaxη 3.63 S -0.209 align 0.62/0.45/0.34 zgap 3.67  health FAIL (end FAIL)  ebal 3.5e-07 zbal 2.7e-07  0.03 h, ETA 0.12 h
[2026-08-24 18:29:14] t 4.004 step 536 dt 7.39e-03  E 0.066994 Z 0.4343 ε 0.000869 max|ω| 8.283 (interp 8.294) ⟨ωSω⟩ 0.0494 (phys 0.0494) kmaxη 3.63 S -0.203 align 0.62/0.45/0.36 zgap 3.57  health FAIL (end FAIL)  ebal 3.5e-07 zbal 2.7e-07  0.04 h, ETA 0.12 h
[2026-08-24 18:29:14] checkpoint written at t=4.0037
[2026-08-24 18:29:29] t 4.503 step 604 dt 7.29e-03  E 0.066561 Z 0.4331 ε 0.000866 max|ω| 8.040 (interp 8.052) ⟨ωSω⟩ 0.0493 (phys 0.0493) kmaxη 3.63 S -0.203 align 0.62/0.44/0.37 zgap 3.50  health FAIL (end FAIL)  ebal 3.5e-07 zbal 2.7e-07  0.04 h, ETA 0.11 h
[2026-08-24 18:29:47] t 5.001 step 673 dt 7.15e-03  E 0.066131 Z 0.4318 ε 0.000864 max|ω| 8.010 (interp 8.014) ⟨ωSω⟩ 0.0502 (phys 0.0502) kmaxη 3.64 S -0.208 align 0.61/0.43/0.39 zgap 3.40  health FAIL (end FAIL)  ebal 3.5e-07 zbal 2.7e-07  0.05 h, ETA 0.10 h
[2026-08-24 18:30:01] t 5.504 step 744 dt 7.04e-03  E 0.065696 Z 0.4313 ε 0.000863 max|ω| 8.157 (interp 8.167) ⟨ωSω⟩ 0.0516 (phys 0.0516) kmaxη 3.64 S -0.214 align 0.60/0.44/0.40 zgap 3.31  health FAIL (end FAIL)  ebal 3.5e-07 zbal 2.7e-07  0.05 h, ETA 0.10 h
[2026-08-24 18:30:16] t 6.001 step 815 dt 6.97e-03  E 0.065267 Z 0.4321 ε 0.000864 max|ω| 8.424 (interp 8.434) ⟨ωSω⟩ 0.0544 (phys 0.0544) kmaxη 3.64 S -0.225 align 0.59/0.44/0.41 zgap 3.17  health FAIL (end FAIL)  ebal 3.5e-07 zbal 2.7e-07  0.06 h, ETA 0.09 h
[2026-08-24 18:30:16] checkpoint written at t=6.0009
[2026-08-24 18:30:32] t 6.505 step 888 dt 6.84e-03  E 0.064830 Z 0.4356 ε 0.000871 max|ω| 8.974 (interp 8.991) ⟨ωSω⟩ 0.0613 (phys 0.0613) kmaxη 3.63 S -0.250 align 0.58/0.45/0.42 zgap 3.08  health FAIL (end FAIL)  ebal 3.5e-07 zbal 2.7e-07  0.06 h, ETA 0.09 h
[2026-08-24 18:31:02] t 7.003 step 962 dt 6.59e-03  E 0.064393 Z 0.4438 ε 0.000888 max|ω| 11.746 (interp 11.819) ⟨ωSω⟩ 0.0757 (phys 0.0757) kmaxη 3.61 S -0.301 align 0.57/0.45/0.42 zgap 2.98  health FAIL (end FAIL)  ebal 3.5e-07 zbal 2.7e-07  0.07 h, ETA 0.09 h
[2026-08-24 18:31:36] t 7.501 step 1039 dt 6.41e-03  E 0.063943 Z 0.4611 ε 0.000922 max|ω| 17.123 (interp 17.143) ⟨ωSω⟩ 0.1121 (phys 0.1121) kmaxη 3.58 S -0.420 align 0.56/0.46/0.43 zgap 2.88  health FAIL (end FAIL)  ebal 3.5e-07 zbal 2.7e-07  0.08 h, ETA 0.09 h
[2026-08-24 18:32:12] t 8.005 step 1116 dt 6.74e-03  E 0.063464 Z 0.4931 ε 0.000986 max|ω| 27.425 (interp 28.286) ⟨ωSω⟩ 0.2037 (phys 0.2037) kmaxη 3.52 S -0.691 align 0.54/0.46/0.44 zgap 2.78  health FAIL (end FAIL)  ebal 3.5e-07 zbal 2.7e-07  0.09 h, ETA 0.09 h
[2026-08-24 18:32:12] checkpoint written at t=8.0051
[2026-08-24 18:32:43] t 8.503 step 1187 dt 7.32e-03  E 0.062954 Z 0.5323 ε 0.001065 max|ω| 38.562 (interp 40.737) ⟨ωSω⟩ 0.3685 (phys 0.3685) kmaxη 3.45 S -1.114 align 0.53/0.48/0.44 zgap 2.78  health FAIL (end FAIL)  ebal 3.5e-07 zbal 2.7e-07  0.10 h, ETA 0.09 h
[2026-08-24 18:33:06] t 9.004 step 1252 dt 8.12e-03  E 0.062404 Z 0.5543 ε 0.001109 max|ω| 47.417 (interp 50.408) ⟨ωSω⟩ 0.4551 (phys 0.4552) kmaxη 3.42 S -1.294 align 0.51/0.50/0.44 zgap 3.17  health FAIL (end FAIL)  ebal 3.5e-07 zbal 3.2e-07  0.10 h, ETA 0.08 h
[2026-08-24 18:33:28] t 9.508 step 1313 dt 8.01e-03  E 0.061860 Z 0.5171 ε 0.001034 max|ω| 57.757 (interp 60.778) ⟨ωSω⟩ 0.3434 (phys 0.3434) kmaxη 3.48 S -1.084 align 0.50/0.51/0.44 zgap 2.85  health FAIL (end FAIL)  ebal 3.5e-07 zbal 3.2e-07  0.11 h, ETA 0.07 h
[2026-08-24 18:33:41] t 10.007 step 1374 dt 8.06e-03  E 0.061373 Z 0.4644 ε 0.000929 max|ω| 32.657 (interp 34.980) ⟨ωSω⟩ 0.2507 (phys 0.2507) kmaxη 3.57 S -0.930 align 0.48/0.54/0.44 zgap 2.55  health FAIL (end FAIL)  ebal 3.5e-07 zbal 3.4e-07  0.11 h, ETA 0.07 h
[2026-08-24 18:33:41] checkpoint written at t=10.0066
[2026-08-24 18:33:54] t 10.500 step 1435 dt 8.09e-03  E 0.060928 Z 0.4366 ε 0.000873 max|ω| 33.734 (interp 35.646) ⟨ωSω⟩ 0.2128 (phys 0.2128) kmaxη 3.63 S -0.866 align 0.47/0.56/0.43 zgap 2.42  health FAIL (end FAIL)  ebal 3.5e-07 zbal 3.4e-07  0.12 h, ETA 0.06 h
[2026-08-24 18:34:08] t 11.007 step 1496 dt 8.25e-03  E 0.060502 Z 0.4075 ε 0.000815 max|ω| 30.907 (interp 31.300) ⟨ωSω⟩ 0.1569 (phys 0.1569) kmaxη 3.69 S -0.708 align 0.46/0.57/0.43 zgap 2.39  health FAIL (end FAIL)  ebal 3.5e-07 zbal 3.4e-07  0.12 h, ETA 0.05 h
[2026-08-24 18:34:20] t 11.505 step 1555 dt 8.70e-03  E 0.060105 Z 0.3894 ε 0.000779 max|ω| 25.031 (interp 25.453) ⟨ωSω⟩ 0.1288 (phys 0.1288) kmaxη 3.73 S -0.622 align 0.45/0.59/0.42 zgap 2.16  health FAIL (end FAIL)  ebal 3.5e-07 zbal 3.4e-07  0.12 h, ETA 0.05 h
[2026-08-24 18:34:32] t 12.001 step 1612 dt 8.95e-03  E 0.059724 Z 0.3809 ε 0.000762 max|ω| 24.114 (interp 24.451) ⟨ωSω⟩ 0.1202 (phys 0.1202) kmaxη 3.75 S -0.600 align 0.43/0.60/0.42 zgap 2.00  health FAIL (end FAIL)  ebal 3.5e-07 zbal 3.4e-07  0.13 h, ETA 0.04 h
[2026-08-24 18:34:32] checkpoint written at t=12.0010
[2026-08-24 18:34:45] t 12.504 step 1668 dt 8.90e-03  E 0.059343 Z 0.3772 ε 0.000754 max|ω| 17.253 (interp 17.533) ⟨ωSω⟩ 0.1140 (phys 0.1140) kmaxη 3.76 S -0.578 align 0.42/0.60/0.41 zgap 2.06  health FAIL (end FAIL)  ebal 3.5e-07 zbal 3.4e-07  0.13 h, ETA 0.04 h
[2026-08-24 18:34:58] t 13.006 step 1723 dt 9.29e-03  E 0.058965 Z 0.3764 ε 0.000753 max|ω| 16.735 (interp 17.371) ⟨ωSω⟩ 0.1083 (phys 0.1083) kmaxη 3.76 S -0.550 align 0.42/0.60/0.41 zgap 2.29  health FAIL (end FAIL)  ebal 3.5e-07 zbal 3.4e-07  0.13 h, ETA 0.03 h
[2026-08-24 18:35:11] t 13.505 step 1777 dt 9.50e-03  E 0.058589 Z 0.3772 ε 0.000754 max|ω| 15.337 (interp 15.952) ⟨ωSω⟩ 0.1040 (phys 0.1040) kmaxη 3.76 S -0.527 align 0.43/0.60/0.41 zgap 2.36  health FAIL (end FAIL)  ebal 3.5e-07 zbal 3.4e-07  0.14 h, ETA 0.03 h
[2026-08-24 18:35:23] t 14.004 step 1829 dt 9.51e-03  E 0.058211 Z 0.3800 ε 0.000760 max|ω| 15.028 (interp 15.196) ⟨ωSω⟩ 0.0990 (phys 0.0990) kmaxη 3.75 S -0.496 align 0.44/0.60/0.40 zgap 2.45  health FAIL (end FAIL)  ebal 3.5e-07 zbal 3.4e-07  0.14 h, ETA 0.02 h
[2026-08-24 18:35:23] checkpoint written at t=14.0041
[2026-08-24 18:35:35] t 14.509 step 1881 dt 9.93e-03  E 0.057825 Z 0.3849 ε 0.000770 max|ω| 13.708 (interp 13.828) ⟨ωSω⟩ 0.0935 (phys 0.0935) kmaxη 3.74 S -0.460 align 0.46/0.60/0.40 zgap 2.36  health FAIL (end FAIL)  ebal 3.5e-07 zbal 3.4e-07  0.14 h, ETA 0.01 h
[2026-08-24 18:35:48] t 15.005 step 1931 dt 9.96e-03  E 0.057440 Z 0.3914 ε 0.000783 max|ω| 13.003 (interp 13.084) ⟨ωSω⟩ 0.0911 (phys 0.0911) kmaxη 3.73 S -0.437 align 0.47/0.60/0.39 zgap 2.23  health FAIL (end FAIL)  ebal 3.5e-07 zbal 3.4e-07  0.15 h, ETA 0.01 h
[2026-08-24 18:36:00] t 15.505 step 1981 dt 9.91e-03  E 0.057045 Z 0.3994 ε 0.000799 max|ω| 12.850 (interp 12.938) ⟨ωSω⟩ 0.0888 (phys 0.0888) kmaxη 3.71 S -0.413 align 0.48/0.60/0.39 zgap 2.13  health FAIL (end FAIL)  ebal 3.5e-07 zbal 3.4e-07  0.15 h, ETA 0.00 h
[2026-08-24 18:36:14] t 16.001 step 2033 dt 9.23e-03  E 0.056644 Z 0.4081 ε 0.000816 max|ω| 15.695 (interp 15.764) ⟨ωSω⟩ 0.0875 (phys 0.0875) kmaxη 3.69 S -0.394 align 0.49/0.59/0.38 zgap 2.06  health FAIL (end FAIL)  ebal 3.5e-07 zbal 3.4e-07  0.16 h, ETA -0.00 h
[2026-08-24 18:36:14] checkpoint written at t=16.0005
[2026-08-24 18:36:14] DONE: ε_max 0.001111 at t 8.900; max|ω| peak 64.196 at t 9.346; interpolated peak 65.554 at t 9.329; E(16) 0.056644; health FAIL; 0.16 h
