[2026-08-25 16:59:05] NSLab GPU 0.1.2 (app 0.5.1) — tubes N=384³ Re=1000 tEnd=16.0 cfl=0.4 dt=adaptive snap=0.5 ckpt=2.0  device NVIDIA A100-SXM4-80GB  float64
[2026-08-25 16:59:05] solver ready in 0.5 s, device memory 17.82 GB, kc 128, E0 0.07031047701250986, Z0 0.40027018782525114
[2026-08-25 16:59:07] t 0.000 step 0 dt 0.00e+00  E 0.070310 Z 0.4003 ε 0.000801 max|ω| 8.037 (interp 8.037) ⟨ωSω⟩ -0.0000 (phys 0.0000) kmaxη 7.41 S 0.000 align 0.45/0.53/0.45 zgap 5.06  health PASS (end PASS)  ebal 0.0e+00 zbal 0.0e+00  0.00 h, ETA 487.06 h
[2026-08-25 17:00:15] t 0.502 step 150 dt 3.55e-03  E 0.069911 Z 0.3954 ε 0.000791 max|ω| 7.919 (interp 7.920) ⟨ωSω⟩ 0.0029 (phys 0.0029) kmaxη 7.43 S -0.014 align 0.52/0.52/0.37 zgap 4.91  health PASS (end PASS)  ebal 1.7e-14 zbal 2.3e-13  0.02 h, ETA 0.60 h
[2026-08-25 17:01:15] t 1.001 step 283 dt 3.90e-03  E 0.069518 Z 0.3951 ε 0.000790 max|ω| 7.917 (interp 7.922) ⟨ωSω⟩ 0.0215 (phys 0.0215) kmaxη 7.44 S -0.102 align 0.56/0.51/0.33 zgap 4.53  health PASS (end PASS)  ebal 1.7e-14 zbal 2.1e-12  0.04 h, ETA 0.54 h
[2026-08-25 17:02:12] t 1.500 step 410 dt 3.92e-03  E 0.069119 Z 0.4033 ε 0.000807 max|ω| 8.086 (interp 8.092) ⟨ωSω⟩ 0.0394 (phys 0.0394) kmaxη 7.40 S -0.181 align 0.59/0.49/0.31 zgap 4.22  health PASS (end PASS)  ebal 2.2e-14 zbal 2.4e-12  0.05 h, ETA 0.50 h
[2026-08-25 17:03:14] t 2.004 step 540 dt 3.82e-03  E 0.068708 Z 0.4149 ε 0.000830 max|ω| 8.209 (interp 8.209) ⟨ωSω⟩ 0.0472 (phys 0.0472) kmaxη 7.35 S -0.208 align 0.61/0.48/0.30 zgap 3.98  health PASS (end PASS)  ebal 2.7e-14 zbal 2.4e-12  0.07 h, ETA 0.48 h
[2026-08-25 17:03:16] checkpoint written at t=2.0035
[2026-08-25 17:04:15] t 2.501 step 671 dt 3.78e-03  E 0.068290 Z 0.4240 ε 0.000848 max|ω| 8.429 (interp 8.431) ⟨ωSω⟩ 0.0482 (phys 0.0482) kmaxη 7.31 S -0.205 align 0.62/0.47/0.31 zgap 3.83  health PASS (end PASS)  ebal 2.8e-14 zbal 2.4e-12  0.09 h, ETA 0.47 h
[2026-08-25 17:05:16] t 3.002 step 804 dt 3.76e-03  E 0.067862 Z 0.4300 ε 0.000860 max|ω| 8.824 (interp 8.830) ⟨ωSω⟩ 0.0501 (phys 0.0501) kmaxη 7.28 S -0.209 align 0.62/0.46/0.32 zgap 3.78  health PASS (end PASS)  ebal 2.8e-14 zbal 2.4e-12  0.10 h, ETA 0.45 h
[2026-08-25 17:06:16] t 3.501 step 937 dt 3.74e-03  E 0.067430 Z 0.4335 ε 0.000867 max|ω| 8.800 (interp 8.800) ⟨ωSω⟩ 0.0509 (phys 0.0509) kmaxη 7.27 S -0.209 align 0.62/0.45/0.34 zgap 3.67  health PASS (end PASS)  ebal 2.8e-14 zbal 2.4e-12  0.12 h, ETA 0.43 h
[2026-08-25 17:07:17] t 4.003 step 1072 dt 3.70e-03  E 0.066995 Z 0.4343 ε 0.000869 max|ω| 8.291 (interp 8.293) ⟨ωSω⟩ 0.0494 (phys 0.0494) kmaxη 7.26 S -0.203 align 0.63/0.45/0.35 zgap 3.57  health PASS (end PASS)  ebal 2.8e-14 zbal 2.4e-12  0.14 h, ETA 0.41 h
[2026-08-25 17:07:19] checkpoint written at t=4.0033
[2026-08-25 17:08:20] t 4.502 step 1208 dt 3.64e-03  E 0.066562 Z 0.4331 ε 0.000866 max|ω| 8.061 (interp 8.062) ⟨ωSω⟩ 0.0493 (phys 0.0493) kmaxη 7.27 S -0.203 align 0.62/0.44/0.37 zgap 3.50  health PASS (end PASS)  ebal 2.8e-14 zbal 2.4e-12  0.15 h, ETA 0.39 h
[2026-08-25 17:09:22] t 5.000 step 1346 dt 3.57e-03  E 0.066131 Z 0.4318 ε 0.000864 max|ω| 8.008 (interp 8.008) ⟨ωSω⟩ 0.0502 (phys 0.0502) kmaxη 7.27 S -0.208 align 0.62/0.44/0.38 zgap 3.42  health PASS (end PASS)  ebal 2.8e-14 zbal 2.4e-12  0.17 h, ETA 0.38 h
[2026-08-25 17:10:26] t 5.503 step 1488 dt 3.51e-03  E 0.065697 Z 0.4313 ε 0.000863 max|ω| 8.163 (interp 8.164) ⟨ωSω⟩ 0.0516 (phys 0.0516) kmaxη 7.27 S -0.214 align 0.61/0.44/0.39 zgap 3.29  health PASS (end PASS)  ebal 2.8e-14 zbal 2.4e-12  0.19 h, ETA 0.36 h
[2026-08-25 17:11:29] t 6.000 step 1630 dt 3.48e-03  E 0.065268 Z 0.4321 ε 0.000864 max|ω| 8.426 (interp 8.429) ⟨ωSω⟩ 0.0544 (phys 0.0544) kmaxη 7.27 S -0.225 align 0.60/0.45/0.40 zgap 3.17  health PASS (end PASS)  ebal 2.8e-14 zbal 2.4e-12  0.21 h, ETA 0.34 h
[2026-08-25 17:11:31] checkpoint written at t=6.0000
[2026-08-25 17:12:36] t 6.501 step 1775 dt 3.42e-03  E 0.064834 Z 0.4355 ε 0.000871 max|ω| 8.936 (interp 8.944) ⟨ωSω⟩ 0.0612 (phys 0.0612) kmaxη 7.26 S -0.250 align 0.59/0.45/0.40 zgap 3.09  health PASS (end PASS)  ebal 2.8e-14 zbal 2.4e-12  0.23 h, ETA 0.33 h
[2026-08-25 17:13:46] t 7.002 step 1924 dt 3.29e-03  E 0.064394 Z 0.4438 ε 0.000888 max|ω| 11.768 (interp 11.808) ⟨ωSω⟩ 0.0757 (phys 0.0757) kmaxη 7.22 S -0.301 align 0.57/0.46/0.41 zgap 2.98  health PASS (end PASS)  ebal 2.8e-14 zbal 2.4e-12  0.24 h, ETA 0.31 h
[2026-08-25 17:15:00] t 7.503 step 2079 dt 3.20e-03  E 0.063941 Z 0.4612 ε 0.000922 max|ω| 17.080 (interp 17.084) ⟨ωSω⟩ 0.1124 (phys 0.1124) kmaxη 7.15 S -0.421 align 0.56/0.47/0.41 zgap 2.88  health PASS (end PASS)  ebal 2.8e-14 zbal 2.4e-12  0.27 h, ETA 0.30 h
[2026-08-25 17:16:14] t 8.003 step 2232 dt 3.37e-03  E 0.063466 Z 0.4930 ε 0.000986 max|ω| 26.084 (interp 26.164) ⟨ωSω⟩ 0.2064 (phys 0.2064) kmaxη 7.04 S -0.700 align 0.55/0.47/0.42 zgap 2.80  health PASS (end PASS)  ebal 2.8e-14 zbal 2.4e-12  0.29 h, ETA 0.29 h
[2026-08-25 17:16:16] checkpoint written at t=8.0029
[2026-08-25 17:17:24] t 8.500 step 2374 dt 3.67e-03  E 0.062956 Z 0.5324 ε 0.001065 max|ω| 36.441 (interp 36.485) ⟨ωSω⟩ 0.3932 (phys 0.3932) kmaxη 6.90 S -1.188 align 0.54/0.48/0.43 zgap 2.78  health PASS (end PASS)  ebal 4.7e-14 zbal 1.2e-11  0.31 h, ETA 0.27 h
[2026-08-25 17:18:28] t 9.003 step 2504 dt 4.08e-03  E 0.062404 Z 0.5542 ε 0.001108 max|ω| 56.619 (interp 59.026) ⟨ωSω⟩ 0.5287 (phys 0.5287) kmaxη 6.83 S -1.504 align 0.52/0.50/0.43 zgap 3.14  health PASS (end PASS)  ebal 6.6e-14 zbal 2.6e-11  0.32 h, ETA 0.25 h
[2026-08-25 17:19:22] t 9.502 step 2622 dt 4.30e-03  E 0.061867 Z 0.5125 ε 0.001025 max|ω| 48.125 (interp 50.044) ⟨ωSω⟩ 0.3925 (phys 0.3925) kmaxη 6.97 S -1.256 align 0.51/0.52/0.43 zgap 2.78  health PASS (end PASS)  ebal 3.8e-12 zbal 3.1e-09  0.34 h, ETA 0.23 h
[2026-08-25 17:20:17] t 10.003 step 2740 dt 4.15e-03  E 0.061386 Z 0.4561 ε 0.000912 max|ω| 37.983 (interp 38.145) ⟨ωSω⟩ 0.2543 (phys 0.2543) kmaxη 7.17 S -0.969 align 0.49/0.55/0.42 zgap 2.57  health PASS (end PASS)  ebal 4.7e-12 zbal 4.3e-09  0.35 h, ETA 0.21 h
[2026-08-25 17:20:19] checkpoint written at t=10.0031
[2026-08-25 17:21:14] t 10.501 step 2859 dt 4.20e-03  E 0.060945 Z 0.4297 ε 0.000859 max|ω| 38.058 (interp 38.498) ⟨ωSω⟩ 0.2342 (phys 0.2342) kmaxη 7.28 S -0.976 align 0.48/0.57/0.42 zgap 2.37  health PASS (end PASS)  ebal 4.7e-12 zbal 4.4e-09  0.37 h, ETA 0.19 h
[2026-08-25 17:22:08] t 11.000 step 2978 dt 4.13e-03  E 0.060529 Z 0.4037 ε 0.000807 max|ω| 39.522 (interp 39.865) ⟨ωSω⟩ 0.1677 (phys 0.1677) kmaxη 7.40 S -0.767 align 0.46/0.58/0.42 zgap 2.44  health PASS (end PASS)  ebal 4.7e-12 zbal 4.4e-09  0.38 h, ETA 0.17 h
[2026-08-25 17:23:02] t 11.503 step 3097 dt 4.40e-03  E 0.060134 Z 0.3854 ε 0.000771 max|ω| 35.077 (interp 35.234) ⟨ωSω⟩ 0.1247 (phys 0.1247) kmaxη 7.48 S -0.612 align 0.45/0.59/0.41 zgap 2.24  health PASS (end PASS)  ebal 4.7e-12 zbal 4.4e-09  0.40 h, ETA 0.16 h
[2026-08-25 17:23:53] t 12.003 step 3210 dt 4.47e-03  E 0.059753 Z 0.3770 ε 0.000754 max|ω| 26.091 (interp 26.109) ⟨ωSω⟩ 0.1125 (phys 0.1125) kmaxη 7.52 S -0.571 align 0.44/0.60/0.41 zgap 2.00  health PASS (end PASS)  ebal 4.7e-12 zbal 4.4e-09  0.41 h, ETA 0.14 h
[2026-08-25 17:23:55] checkpoint written at t=12.0028
[2026-08-25 17:24:45] t 12.504 step 3321 dt 4.53e-03  E 0.059376 Z 0.3750 ε 0.000750 max|ω| 17.404 (interp 17.473) ⟨ωSω⟩ 0.1085 (phys 0.1085) kmaxη 7.53 S -0.554 align 0.43/0.60/0.41 zgap 2.11  health PASS (end PASS)  ebal 4.7e-12 zbal 4.4e-09  0.43 h, ETA 0.12 h
[2026-08-25 17:25:34] t 13.002 step 3430 dt 4.59e-03  E 0.059003 Z 0.3752 ε 0.000750 max|ω| 16.162 (interp 16.252) ⟨ωSω⟩ 0.1052 (phys 0.1052) kmaxη 7.53 S -0.537 align 0.42/0.60/0.41 zgap 2.31  health PASS (end PASS)  ebal 4.7e-12 zbal 4.4e-09  0.44 h, ETA 0.10 h
[2026-08-25 17:26:22] t 13.500 step 3537 dt 4.73e-03  E 0.058628 Z 0.3772 ε 0.000754 max|ω| 15.187 (interp 15.214) ⟨ωSω⟩ 0.1032 (phys 0.1032) kmaxη 7.52 S -0.523 align 0.43/0.60/0.40 zgap 2.39  health PASS (end PASS)  ebal 4.7e-12 zbal 4.4e-09  0.45 h, ETA 0.08 h
[2026-08-25 17:27:09] t 14.004 step 3642 dt 4.82e-03  E 0.058247 Z 0.3812 ε 0.000762 max|ω| 14.283 (interp 14.353) ⟨ωSω⟩ 0.0990 (phys 0.0990) kmaxη 7.50 S -0.494 align 0.44/0.60/0.40 zgap 2.47  health PASS (end PASS)  ebal 4.7e-12 zbal 4.4e-09  0.47 h, ETA 0.07 h
[2026-08-25 17:27:11] checkpoint written at t=14.0037
[2026-08-25 17:27:58] t 14.504 step 3745 dt 4.99e-03  E 0.057862 Z 0.3869 ε 0.000774 max|ω| 13.348 (interp 13.373) ⟨ωSω⟩ 0.0943 (phys 0.0943) kmaxη 7.48 S -0.460 align 0.46/0.60/0.40 zgap 2.39  health PASS (end PASS)  ebal 4.7e-12 zbal 4.4e-09  0.48 h, ETA 0.05 h
[2026-08-25 17:28:43] t 15.001 step 3845 dt 4.96e-03  E 0.057475 Z 0.3940 ε 0.000788 max|ω| 12.644 (interp 12.653) ⟨ωSω⟩ 0.0924 (phys 0.0924) kmaxη 7.44 S -0.439 align 0.47/0.60/0.39 zgap 2.23  health PASS (end PASS)  ebal 4.7e-12 zbal 4.4e-09  0.49 h, ETA 0.03 h
[2026-08-25 17:29:29] t 15.505 step 3946 dt 4.94e-03  E 0.057073 Z 0.4027 ε 0.000805 max|ω| 13.073 (interp 13.073) ⟨ωSω⟩ 0.0903 (phys 0.0903) kmaxη 7.40 S -0.415 align 0.48/0.60/0.38 zgap 2.13  health PASS (end PASS)  ebal 4.7e-12 zbal 4.4e-09  0.51 h, ETA 0.02 h
[2026-08-25 17:30:16] t 16.003 step 4051 dt 4.59e-03  E 0.056667 Z 0.4119 ε 0.000824 max|ω| 15.847 (interp 15.911) ⟨ωSω⟩ 0.0900 (phys 0.0900) kmaxη 7.36 S -0.400 align 0.49/0.60/0.38 zgap 2.05  health PASS (end PASS)  ebal 4.7e-12 zbal 4.4e-09  0.52 h, ETA -0.00 h
[2026-08-25 17:30:18] checkpoint written at t=16.0029
[2026-08-25 17:30:18] DONE: ε_max 0.001112 at t 8.890; max|ω| peak 61.500 at t 9.106; interpolated peak 61.837 at t 9.106; E(16) 0.056667; health PASS; 0.52 h
