[2026-08-24 20:28:07] NSLab GPU 0.1.2 (app 0.5.1) — tubes N=384³ Re=2000 tEnd=16.0 cfl=0.4 dt=adaptive snap=0.5 ckpt=2.0  device NVIDIA A100-SXM4-80GB  float64
[2026-08-24 20:28:08] solver ready in 0.5 s, device memory 17.83 GB, kc 128, E0 0.07031047701250986, Z0 0.40027018782525114
[2026-08-24 20:28:09] t 0.000 step 0 dt 0.00e+00  E 0.070310 Z 0.4003 ε 0.000400 max|ω| 8.037 (interp 8.037) ⟨ωSω⟩ -0.0000 (phys 0.0000) kmaxη 5.24 S 0.000 align 0.45/0.53/0.45 zgap 5.06  health PASS (end PASS)  ebal 0.0e+00 zbal 0.0e+00  0.00 h, ETA 539.00 h
[2026-08-24 20:29:17] t 0.502 step 150 dt 3.54e-03  E 0.070110 Z 0.3981 ε 0.000398 max|ω| 7.971 (interp 7.972) ⟨ωSω⟩ 0.0030 (phys 0.0030) kmaxη 5.25 S -0.014 align 0.52/0.52/0.37 zgap 4.91  health PASS (end PASS)  ebal 1.6e-14 zbal 2.9e-13  0.02 h, ETA 0.60 h
[2026-08-24 20:30:18] t 1.003 step 284 dt 3.89e-03  E 0.069910 Z 0.4009 ε 0.000401 max|ω| 8.026 (interp 8.032) ⟨ωSω⟩ 0.0229 (phys 0.0229) kmaxη 5.24 S -0.106 align 0.56/0.51/0.33 zgap 4.53  health PASS (end PASS)  ebal 1.6e-14 zbal 4.4e-12  0.04 h, ETA 0.54 h
[2026-08-24 20:31:17] t 1.504 step 412 dt 3.89e-03  E 0.069707 Z 0.4138 ε 0.000414 max|ω| 8.267 (interp 8.272) ⟨ωSω⟩ 0.0431 (phys 0.0431) kmaxη 5.20 S -0.190 align 0.59/0.49/0.31 zgap 4.21  health PASS (end PASS)  ebal 1.6e-14 zbal 8.5e-12  0.05 h, ETA 0.51 h
[2026-08-24 20:32:17] t 2.002 step 542 dt 3.78e-03  E 0.069496 Z 0.4319 ε 0.000432 max|ω| 8.440 (interp 8.443) ⟨ωSω⟩ 0.0535 (phys 0.0535) kmaxη 5.14 S -0.221 align 0.61/0.48/0.30 zgap 3.98  health PASS (end PASS)  ebal 2.1e-14 zbal 8.5e-12  0.07 h, ETA 0.49 h
[2026-08-24 20:32:29] checkpoint written at t=2.0016
[2026-08-24 20:33:31] t 2.500 step 675 dt 3.73e-03  E 0.069276 Z 0.4495 ε 0.000449 max|ω| 8.790 (interp 8.794) ⟨ωSω⟩ 0.0579 (phys 0.0579) kmaxη 5.09 S -0.225 align 0.62/0.47/0.31 zgap 3.85  health PASS (end PASS)  ebal 2.8e-14 zbal 8.5e-12  0.09 h, ETA 0.49 h
[2026-08-24 20:34:33] t 3.003 step 810 dt 3.71e-03  E 0.069047 Z 0.4655 ε 0.000466 max|ω| 9.272 (interp 9.278) ⟨ωSω⟩ 0.0634 (phys 0.0634) kmaxη 5.05 S -0.234 align 0.62/0.46/0.32 zgap 3.80  health PASS (end PASS)  ebal 2.9e-14 zbal 8.5e-12  0.11 h, ETA 0.46 h
[2026-08-24 20:35:34] t 3.502 step 945 dt 3.68e-03  E 0.068811 Z 0.4795 ε 0.000480 max|ω| 9.097 (interp 9.103) ⟨ωSω⟩ 0.0673 (phys 0.0673) kmaxη 5.01 S -0.238 align 0.63/0.45/0.34 zgap 3.68  health PASS (end PASS)  ebal 2.9e-14 zbal 8.5e-12  0.12 h, ETA 0.44 h
[2026-08-24 20:36:36] t 4.003 step 1082 dt 3.63e-03  E 0.068568 Z 0.4901 ε 0.000490 max|ω| 8.737 (interp 8.737) ⟨ωSω⟩ 0.0682 (phys 0.0682) kmaxη 4.98 S -0.233 align 0.63/0.44/0.36 zgap 3.58  health PASS (end PASS)  ebal 3.0e-14 zbal 8.5e-12  0.14 h, ETA 0.42 h
[2026-08-24 20:36:48] checkpoint written at t=4.0028
[2026-08-24 20:37:51] t 4.502 step 1221 dt 3.55e-03  E 0.068321 Z 0.4974 ε 0.000497 max|ω| 8.678 (interp 8.687) ⟨ωSω⟩ 0.0707 (phys 0.0707) kmaxη 4.96 S -0.237 align 0.62/0.44/0.37 zgap 3.52  health PASS (end PASS)  ebal 3.0e-14 zbal 8.5e-12  0.16 h, ETA 0.41 h
[2026-08-24 20:38:55] t 5.000 step 1363 dt 3.46e-03  E 0.068072 Z 0.5028 ε 0.000503 max|ω| 8.754 (interp 8.763) ⟨ωSω⟩ 0.0733 (phys 0.0733) kmaxη 4.95 S -0.241 align 0.62/0.43/0.39 zgap 3.44  health PASS (end PASS)  ebal 3.0e-14 zbal 8.5e-12  0.18 h, ETA 0.40 h
[2026-08-24 20:40:01] t 5.501 step 1509 dt 3.40e-03  E 0.067819 Z 0.5073 ε 0.000507 max|ω| 9.171 (interp 9.173) ⟨ωSω⟩ 0.0754 (phys 0.0754) kmaxη 4.94 S -0.245 align 0.61/0.43/0.40 zgap 3.29  health PASS (end PASS)  ebal 3.0e-14 zbal 8.5e-12  0.20 h, ETA 0.38 h
[2026-08-24 20:41:08] t 6.001 step 1657 dt 3.35e-03  E 0.067564 Z 0.5123 ε 0.000512 max|ω| 9.481 (interp 9.483) ⟨ωSω⟩ 0.0806 (phys 0.0806) kmaxη 4.93 S -0.258 align 0.60/0.44/0.41 zgap 3.21  health PASS (end PASS)  ebal 3.0e-14 zbal 8.5e-12  0.22 h, ETA 0.36 h
[2026-08-24 20:41:21] checkpoint written at t=6.0006
[2026-08-24 20:42:31] t 6.501 step 1809 dt 3.22e-03  E 0.067306 Z 0.5206 ε 0.000521 max|ω| 10.976 (interp 10.986) ⟨ωSω⟩ 0.0912 (phys 0.0912) kmaxη 4.91 S -0.285 align 0.59/0.45/0.42 zgap 3.08  health PASS (end PASS)  ebal 3.0e-14 zbal 8.5e-12  0.24 h, ETA 0.35 h
[2026-08-24 20:43:46] t 7.001 step 1969 dt 3.04e-03  E 0.067042 Z 0.5369 ε 0.000537 max|ω| 15.168 (interp 15.182) ⟨ωSω⟩ 0.1173 (phys 0.1173) kmaxη 4.87 S -0.350 align 0.57/0.46/0.42 zgap 2.95  health PASS (end PASS)  ebal 3.0e-14 zbal 8.5e-12  0.26 h, ETA 0.34 h
[2026-08-24 20:45:10] t 7.502 step 2137 dt 2.96e-03  E 0.066765 Z 0.5751 ε 0.000575 max|ω| 26.768 (interp 26.961) ⟨ωSω⟩ 0.2123 (phys 0.2123) kmaxη 4.79 S -0.571 align 0.56/0.47/0.42 zgap 2.85  health PASS (end PASS)  ebal 3.0e-14 zbal 8.5e-12  0.28 h, ETA 0.32 h
[2026-08-24 20:46:35] t 8.003 step 2301 dt 3.19e-03  E 0.066457 Z 0.6638 ε 0.000664 max|ω| 56.078 (interp 60.703) ⟨ωSω⟩ 0.5556 (phys 0.5556) kmaxη 4.62 S -1.206 align 0.55/0.47/0.43 zgap 2.77  health PASS (end PASS)  ebal 1.5e-13 zbal 3.1e-11  0.31 h, ETA 0.31 h
[2026-08-24 20:46:47] checkpoint written at t=8.0025
[2026-08-24 20:48:04] t 8.501 step 2449 dt 3.57e-03  E 0.066093 Z 0.7958 ε 0.000796 max|ω| 111.484 (interp 118.966) ⟨ωSω⟩ 1.2327 (phys 1.2327) kmaxη 4.41 S -2.038 align 0.53/0.48/0.44 zgap 3.40  health PASS (end PASS)  ebal 5.1e-13 zbal 8.1e-10  0.33 h, ETA 0.29 h
[2026-08-24 20:49:05] t 9.001 step 2583 dt 3.74e-03  E 0.065694 Z 0.7692 ε 0.000769 max|ω| 78.556 (interp 79.565) ⟨ωSω⟩ 0.9105 (phys 0.9105) kmaxη 4.45 S -1.584 align 0.52/0.50/0.44 zgap 3.17  health PASS (end PASS)  ebal 6.1e-11 zbal 1.1e-07  0.35 h, ETA 0.27 h
[2026-08-24 20:50:12] t 9.500 step 2730 dt 3.38e-03  E 0.065319 Z 0.7506 ε 0.000751 max|ω| 91.980 (interp 95.835) ⟨ωSω⟩ 1.1176 (phys 1.1177) kmaxη 4.48 S -2.017 align 0.51/0.52/0.44 zgap 3.16  health PASS (end PASS)  ebal 8.8e-11 zbal 1.1e-07  0.37 h, ETA 0.25 h
[2026-08-24 20:51:17] t 10.000 step 2874 dt 3.54e-03  E 0.064947 Z 0.7231 ε 0.000723 max|ω| 83.544 (interp 91.401) ⟨ωSω⟩ 0.9365 (phys 0.9365) kmaxη 4.52 S -1.788 align 0.49/0.55/0.43 zgap 3.14  health PASS (end PASS)  ebal 1.5e-10 zbal 1.7e-07  0.39 h, ETA 0.23 h
[2026-08-24 20:51:30] checkpoint written at t=10.0003
[2026-08-24 20:52:36] t 10.503 step 3018 dt 3.50e-03  E 0.064600 Z 0.6649 ε 0.000665 max|ω| 83.673 (interp 86.478) ⟨ωSω⟩ 0.6932 (phys 0.6932) kmaxη 4.62 S -1.501 align 0.48/0.57/0.43 zgap 2.85  health PASS (end PASS)  ebal 1.5e-10 zbal 1.7e-07  0.41 h, ETA 0.21 h
[2026-08-24 20:53:39] t 11.002 step 3159 dt 3.78e-03  E 0.064278 Z 0.6250 ε 0.000625 max|ω| 55.723 (interp 58.584) ⟨ωSω⟩ 0.5489 (phys 0.5489) kmaxη 4.69 S -1.304 align 0.46/0.58/0.42 zgap 2.55  health PASS (end PASS)  ebal 1.5e-10 zbal 2.0e-07  0.43 h, ETA 0.19 h
[2026-08-24 20:54:41] t 11.500 step 3296 dt 3.90e-03  E 0.063974 Z 0.5959 ε 0.000596 max|ω| 53.693 (interp 54.401) ⟨ωSω⟩ 0.4440 (phys 0.4440) kmaxη 4.74 S -1.133 align 0.45/0.59/0.42 zgap 2.34  health PASS (end PASS)  ebal 1.5e-10 zbal 2.0e-07  0.44 h, ETA 0.17 h
[2026-08-24 20:55:44] t 12.003 step 3427 dt 3.96e-03  E 0.063679 Z 0.5793 ε 0.000579 max|ω| 42.565 (interp 42.713) ⟨ωSω⟩ 0.3736 (phys 0.3736) kmaxη 4.78 S -0.995 align 0.44/0.59/0.42 zgap 2.06  health PASS (end PASS)  ebal 1.5e-10 zbal 2.0e-07  0.46 h, ETA 0.15 h
[2026-08-24 20:55:56] checkpoint written at t=12.0033
[2026-08-24 20:56:55] t 12.501 step 3556 dt 4.01e-03  E 0.063390 Z 0.5814 ε 0.000581 max|ω| 41.059 (interp 41.744) ⟨ωSω⟩ 0.3585 (phys 0.3585) kmaxη 4.77 S -0.949 align 0.43/0.59/0.42 zgap 2.01  health PASS (end PASS)  ebal 1.5e-10 zbal 2.0e-07  0.48 h, ETA 0.13 h
[2026-08-24 20:57:52] t 13.002 step 3680 dt 3.99e-03  E 0.063100 Z 0.5772 ε 0.000577 max|ω| 32.861 (interp 32.932) ⟨ωSω⟩ 0.2996 (phys 0.2996) kmaxη 4.78 S -0.802 align 0.44/0.59/0.41 zgap 1.93  health PASS (end PASS)  ebal 1.5e-10 zbal 2.0e-07  0.50 h, ETA 0.11 h
[2026-08-24 20:58:46] t 13.504 step 3798 dt 4.37e-03  E 0.062811 Z 0.5737 ε 0.000574 max|ω| 29.675 (interp 29.767) ⟨ωSω⟩ 0.2478 (phys 0.2478) kmaxη 4.79 S -0.669 align 0.45/0.59/0.41 zgap 1.87  health PASS (end PASS)  ebal 1.5e-10 zbal 2.0e-07  0.51 h, ETA 0.09 h
[2026-08-24 20:59:37] t 14.000 step 3910 dt 4.62e-03  E 0.062527 Z 0.5704 ε 0.000570 max|ω| 25.906 (interp 26.219) ⟨ωSω⟩ 0.2066 (phys 0.2066) kmaxη 4.80 S -0.563 align 0.46/0.59/0.41 zgap 1.83  health PASS (end PASS)  ebal 1.5e-10 zbal 2.0e-07  0.52 h, ETA 0.07 h
[2026-08-24 20:59:49] checkpoint written at t=14.0005
[2026-08-24 21:00:39] t 14.500 step 4019 dt 4.61e-03  E 0.062242 Z 0.5746 ε 0.000575 max|ω| 22.879 (interp 23.157) ⟨ωSω⟩ 0.1898 (phys 0.1898) kmaxη 4.79 S -0.512 align 0.47/0.59/0.40 zgap 1.65  health PASS (end PASS)  ebal 1.5e-10 zbal 2.0e-07  0.54 h, ETA 0.06 h
[2026-08-24 21:01:31] t 15.003 step 4132 dt 4.33e-03  E 0.061951 Z 0.5814 ε 0.000581 max|ω| 20.943 (interp 21.141) ⟨ωSω⟩ 0.1832 (phys 0.1832) kmaxη 4.77 S -0.485 align 0.48/0.59/0.39 zgap 1.51  health PASS (end PASS)  ebal 1.5e-10 zbal 2.0e-07  0.56 h, ETA 0.04 h
[2026-08-24 21:02:25] t 15.502 step 4250 dt 4.20e-03  E 0.061658 Z 0.5966 ε 0.000597 max|ω| 20.944 (interp 21.023) ⟨ωSω⟩ 0.1983 (phys 0.1983) kmaxη 4.74 S -0.505 align 0.50/0.59/0.39 zgap 1.39  health PASS (end PASS)  ebal 1.5e-10 zbal 2.0e-07  0.57 h, ETA 0.02 h
[2026-08-24 21:03:18] t 16.000 step 4367 dt 4.32e-03  E 0.061354 Z 0.6227 ε 0.000623 max|ω| 17.785 (interp 17.898) ⟨ωSω⟩ 0.2205 (phys 0.2205) kmaxη 4.69 S -0.527 align 0.51/0.58/0.38 zgap 1.46  health PASS (end PASS)  ebal 1.5e-10 zbal 2.0e-07  0.59 h, ETA -0.00 h
[2026-08-24 21:03:31] checkpoint written at t=16.0004
[2026-08-24 21:03:31] DONE: ε_max 0.000813 at t 8.661; max|ω| peak 135.478 at t 8.595; interpolated peak 134.131 at t 8.570; E(16) 0.061354; health PASS; 0.59 h
