[2026-08-23 01:28:29] NSLab GPU 0.1.0 (app 0.5.0) — tubes N=96³ Re=4000 tEnd=16.0 cfl=0.2 dt=adaptive snap=0.5 ckpt=4.0  device NVIDIA GeForce RTX 3060 Laptop GPU  float64
[2026-08-23 01:28:29] solver ready in 0.7 s, device memory 1.39 GB, kc 32, E0 0.07031047701250986, Z0 0.40027018782525114
[2026-08-23 01:28:30] t 0.000 step 0 dt 0.00e+00  E 0.070310 Z 0.4003 ε 0.000200 max|ω| 8.025 ⟨ωSω⟩ -0.0000 (phys -0.0000) kmaxη 0.93 S 0.000 align 0.45/0.53/0.45  health WARN  ebal 0.0e+00 zbal 0.0e+00  0.00 h, ETA 269.46 h
[2026-08-23 01:28:38] t 0.501 step 75 dt 7.07e-03  E 0.070210 Z 0.3994 ε 0.000200 max|ω| 7.970 ⟨ωSω⟩ 0.0030 (phys 0.0030) kmaxη 0.93 S -0.014 align 0.52/0.52/0.37  health WARN  ebal 4.0e-13 zbal 1.3e-11  0.00 h, ETA 0.08 h
[2026-08-23 01:28:46] t 1.002 step 142 dt 7.77e-03  E 0.070110 Z 0.4038 ε 0.000202 max|ω| 8.082 ⟨ωSω⟩ 0.0235 (phys 0.0235) kmaxη 0.92 S -0.108 align 0.57/0.51/0.33  health WARN  ebal 4.0e-13 zbal 1.6e-10  0.00 h, ETA 0.07 h
[2026-08-23 01:28:53] t 1.502 step 206 dt 7.76e-03  E 0.070007 Z 0.4191 ε 0.000210 max|ω| 8.354 ⟨ωSω⟩ 0.0444 (phys 0.0444) kmaxη 0.92 S -0.192 align 0.59/0.48/0.32  health WARN  ebal 7.9e-13 zbal 2.7e-10  0.01 h, ETA 0.06 h
[2026-08-23 01:29:00] t 2.007 step 272 dt 7.53e-03  E 0.069899 Z 0.4413 ε 0.000221 max|ω| 8.585 ⟨ωSω⟩ 0.0550 (phys 0.0550) kmaxη 0.90 S -0.220 align 0.60/0.46/0.34  health WARN  ebal 7.9e-13 zbal 2.7e-10  0.01 h, ETA 0.06 h
[2026-08-23 01:29:08] t 2.507 step 339 dt 7.42e-03  E 0.069785 Z 0.4645 ε 0.000232 max|ω| 8.940 ⟨ωSω⟩ 0.0599 (phys 0.0599) kmaxη 0.89 S -0.222 align 0.60/0.44/0.36  health WARN  ebal 7.9e-13 zbal 2.7e-10  0.01 h, ETA 0.06 h
[2026-08-23 01:29:15] t 3.003 step 406 dt 7.38e-03  E 0.069667 Z 0.4877 ε 0.000244 max|ω| 9.527 ⟨ωSω⟩ 0.0666 (phys 0.0666) kmaxη 0.88 S -0.229 align 0.60/0.43/0.39  health WARN  ebal 7.9e-13 zbal 2.7e-10  0.01 h, ETA 0.06 h
[2026-08-23 01:29:23] t 3.501 step 474 dt 7.26e-03  E 0.069543 Z 0.5111 ε 0.000256 max|ω| 9.367 ⟨ωSω⟩ 0.0707 (phys 0.0707) kmaxη 0.87 S -0.227 align 0.59/0.43/0.40  health WARN  ebal 7.9e-13 zbal 2.7e-10  0.02 h, ETA 0.05 h
[2026-08-23 01:29:31] t 4.000 step 543 dt 7.22e-03  E 0.069413 Z 0.5319 ε 0.000266 max|ω| 9.748 ⟨ωSω⟩ 0.0722 (phys 0.0722) kmaxη 0.86 S -0.218 align 0.57/0.43/0.42  health WARN  ebal 7.9e-13 zbal 2.7e-10  0.02 h, ETA 0.05 h
[2026-08-23 01:29:31] checkpoint written at t=4.0004
[2026-08-23 01:29:39] t 4.501 step 613 dt 7.05e-03  E 0.069277 Z 0.5502 ε 0.000275 max|ω| 9.895 ⟨ωSω⟩ 0.0752 (phys 0.0752) kmaxη 0.86 S -0.216 align 0.57/0.44/0.43  health WARN  ebal 7.9e-13 zbal 2.7e-10  0.02 h, ETA 0.05 h
[2026-08-23 01:29:47] t 5.007 step 686 dt 6.85e-03  E 0.069136 Z 0.5650 ε 0.000283 max|ω| 9.982 ⟨ωSω⟩ 0.0693 (phys 0.0693) kmaxη 0.85 S -0.191 align 0.56/0.44/0.43  health WARN  ebal 7.9e-13 zbal 2.7e-10  0.02 h, ETA 0.05 h
[2026-08-23 01:29:55] t 5.503 step 759 dt 6.74e-03  E 0.068995 Z 0.5767 ε 0.000288 max|ω| 11.558 ⟨ωSω⟩ 0.0757 (phys 0.0758) kmaxη 0.85 S -0.203 align 0.55/0.45/0.43  health WARN  ebal 7.9e-13 zbal 2.7e-10  0.02 h, ETA 0.05 h
[2026-08-23 01:30:04] t 6.000 step 834 dt 6.52e-03  E 0.068850 Z 0.5891 ε 0.000295 max|ω| 10.995 ⟨ωSω⟩ 0.0742 (phys 0.0742) kmaxη 0.84 S -0.193 align 0.54/0.47/0.43  health WARN  ebal 7.9e-13 zbal 2.7e-10  0.03 h, ETA 0.04 h
[2026-08-23 01:30:13] t 6.503 step 913 dt 6.19e-03  E 0.068700 Z 0.6053 ε 0.000303 max|ω| 11.602 ⟨ωSω⟩ 0.0938 (phys 0.0938) kmaxη 0.84 S -0.234 align 0.53/0.48/0.43  health WARN  ebal 7.9e-13 zbal 2.7e-10  0.03 h, ETA 0.04 h
[2026-08-23 01:30:23] t 7.006 step 997 dt 5.91e-03  E 0.068545 Z 0.6326 ε 0.000316 max|ω| 16.617 ⟨ωSω⟩ 0.1305 (phys 0.1306) kmaxη 0.83 S -0.305 align 0.52/0.50/0.43  health WARN  ebal 7.9e-13 zbal 2.7e-10  0.03 h, ETA 0.04 h
[2026-08-23 01:30:32] t 7.500 step 1078 dt 6.25e-03  E 0.068382 Z 0.6903 ε 0.000345 max|ω| 24.710 ⟨ωSω⟩ 0.2374 (phys 0.2376) kmaxη 0.81 S -0.486 align 0.51/0.51/0.43  health WARN  ebal 7.9e-13 zbal 2.7e-10  0.03 h, ETA 0.04 h
[2026-08-23 01:30:41] t 8.005 step 1156 dt 6.75e-03  E 0.068194 Z 0.8146 ε 0.000407 max|ω| 44.115 ⟨ωSω⟩ 0.4851 (phys 0.4863) kmaxη 0.78 S -0.774 align 0.50/0.53/0.42  health WARN  ebal 1.6e-12 zbal 2.9e-10  0.04 h, ETA 0.04 h
[2026-08-23 01:30:41] checkpoint written at t=8.0054
[2026-08-23 01:30:49] t 8.504 step 1227 dt 7.14e-03  E 0.067964 Z 1.0402 ε 0.000520 max|ω| 56.696 ⟨ωSω⟩ 0.7237 (phys 0.7315) kmaxη 0.73 S -0.801 align 0.49/0.54/0.42  health WARN  ebal 1.9e-11 zbal 1.9e-09  0.04 h, ETA 0.03 h
[2026-08-23 01:30:57] t 9.003 step 1302 dt 6.56e-03  E 0.067680 Z 1.2112 ε 0.000606 max|ω| 44.561 ⟨ωSω⟩ 0.6262 (phys 0.6363) kmaxη 0.70 S -0.551 align 0.47/0.55/0.42  health WARN  ebal 1.7e-10 zbal 1.4e-08  0.04 h, ETA 0.03 h
[2026-08-23 01:31:06] t 9.505 step 1377 dt 7.71e-03  E 0.067371 Z 1.2401 ε 0.000620 max|ω| 30.597 ⟨ωSω⟩ 0.5170 (phys 0.5172) kmaxη 0.70 S -0.439 align 0.46/0.57/0.43  health WARN  ebal 1.9e-09 zbal 1.7e-07  0.04 h, ETA 0.03 h
[2026-08-23 01:31:14] t 10.003 step 1446 dt 6.92e-03  E 0.067056 Z 1.2895 ε 0.000645 max|ω| 35.121 ⟨ωSω⟩ 0.5475 (phys 0.5499) kmaxη 0.69 S -0.439 align 0.45/0.58/0.42  health WARN  ebal 2.2e-09 zbal 1.8e-07  0.05 h, ETA 0.03 h
[2026-08-23 01:31:22] t 10.506 step 1518 dt 7.02e-03  E 0.066728 Z 1.3110 ε 0.000655 max|ω| 27.706 ⟨ωSω⟩ 0.5523 (phys 0.5544) kmaxη 0.69 S -0.432 align 0.45/0.59/0.42  health WARN  ebal 2.5e-09 zbal 1.9e-07  0.05 h, ETA 0.03 h
[2026-08-23 01:31:30] t 11.005 step 1588 dt 7.58e-03  E 0.066400 Z 1.3255 ε 0.000663 max|ω| 27.218 ⟨ωSω⟩ 0.5589 (phys 0.5580) kmaxη 0.69 S -0.430 align 0.45/0.59/0.42  health WARN  ebal 2.9e-09 zbal 2.0e-07  0.05 h, ETA 0.02 h
[2026-08-23 01:31:38] t 11.500 step 1656 dt 6.72e-03  E 0.066071 Z 1.3302 ε 0.000665 max|ω| 26.002 ⟨ωSω⟩ 0.5405 (phys 0.5403) kmaxη 0.69 S -0.413 align 0.45/0.59/0.42  health WARN  ebal 4.1e-09 zbal 2.7e-07  0.05 h, ETA 0.02 h
[2026-08-23 01:31:45] t 12.002 step 1724 dt 7.37e-03  E 0.065737 Z 1.3240 ε 0.000662 max|ω| 27.590 ⟨ωSω⟩ 0.4829 (phys 0.4829) kmaxη 0.69 S -0.372 align 0.45/0.59/0.42  health WARN  ebal 4.2e-09 zbal 2.9e-07  0.05 h, ETA 0.02 h
[2026-08-23 01:31:45] checkpoint written at t=12.0022
[2026-08-23 01:31:53] t 12.507 step 1793 dt 7.19e-03  E 0.065406 Z 1.2976 ε 0.000649 max|ω| 23.830 ⟨ωSω⟩ 0.4558 (phys 0.4552) kmaxη 0.69 S -0.362 align 0.46/0.58/0.42  health WARN  ebal 4.2e-09 zbal 2.9e-07  0.06 h, ETA 0.02 h
[2026-08-23 01:32:01] t 13.007 step 1863 dt 7.50e-03  E 0.065084 Z 1.2735 ε 0.000637 max|ω| 24.237 ⟨ωSω⟩ 0.4341 (phys 0.4330) kmaxη 0.69 S -0.355 align 0.46/0.58/0.43  health WARN  ebal 4.2e-09 zbal 2.9e-07  0.06 h, ETA 0.01 h
[2026-08-23 01:32:08] t 13.506 step 1925 dt 8.45e-03  E 0.064771 Z 1.2352 ε 0.000618 max|ω| 20.308 ⟨ωSω⟩ 0.3771 (phys 0.3770) kmaxη 0.70 S -0.322 align 0.47/0.57/0.43  health WARN  ebal 4.8e-09 zbal 3.8e-07  0.06 h, ETA 0.01 h
[2026-08-23 01:32:15] t 14.003 step 1986 dt 8.10e-03  E 0.064470 Z 1.1930 ε 0.000596 max|ω| 19.162 ⟨ωSω⟩ 0.3607 (phys 0.3609) kmaxη 0.71 S -0.325 align 0.47/0.57/0.43  health WARN  ebal 4.8e-09 zbal 3.8e-07  0.06 h, ETA 0.01 h
[2026-08-23 01:32:23] t 14.504 step 2049 dt 7.88e-03  E 0.064175 Z 1.1612 ε 0.000581 max|ω| 22.146 ⟨ωSω⟩ 0.3399 (phys 0.3396) kmaxη 0.71 S -0.319 align 0.48/0.56/0.43  health WARN  ebal 4.8e-09 zbal 3.8e-07  0.07 h, ETA 0.01 h
[2026-08-23 01:32:30] t 15.004 step 2112 dt 8.16e-03  E 0.063889 Z 1.1298 ε 0.000565 max|ω| 21.952 ⟨ωSω⟩ 0.3335 (phys 0.3328) kmaxη 0.71 S -0.326 align 0.48/0.56/0.43  health WARN  ebal 4.8e-09 zbal 3.8e-07  0.07 h, ETA 0.00 h
[2026-08-23 01:32:37] t 15.503 step 2174 dt 7.64e-03  E 0.063608 Z 1.1182 ε 0.000559 max|ω| 19.069 ⟨ωSω⟩ 0.3378 (phys 0.3382) kmaxη 0.72 S -0.335 align 0.49/0.55/0.43  health WARN  ebal 4.8e-09 zbal 3.8e-07  0.07 h, ETA 0.00 h
[2026-08-23 01:32:44] t 16.001 step 2236 dt 8.05e-03  E 0.063330 Z 1.1243 ε 0.000562 max|ω| 16.863 ⟨ωSω⟩ 0.3883 (phys 0.3883) kmaxη 0.72 S -0.382 align 0.49/0.55/0.43  health WARN  ebal 4.8e-09 zbal 3.8e-07  0.07 h, ETA -0.00 h
[2026-08-23 01:32:44] checkpoint written at t=16.0010
[2026-08-23 01:32:44] DONE: ε_max 0.000666 at t 11.712; max|ω| peak 60.720 at t 8.440; E(16) 0.063330; health WARN; 0.07 h
