[2026-08-24 19:55:55] NSLab GPU 0.1.2 (app 0.5.1) — tubes N=288³ Re=2000 tEnd=16.0 cfl=0.4 dt=adaptive snap=0.5 ckpt=2.0  device NVIDIA A100-SXM4-80GB  float64
[2026-08-24 19:55:56] solver ready in 0.5 s, device memory 7.81 GB, kc 96, E0 0.07031047701250988, Z0 0.40027018782525126
[2026-08-24 19:55:57] t 0.000 step 0 dt 0.00e+00  E 0.070310 Z 0.4003 ε 0.000400 max|ω| 8.035 (interp 8.037) ⟨ωSω⟩ 0.0000 (phys 0.0000) kmaxη 3.93 S -0.000 align 0.45/0.53/0.45 zgap 5.08  health PASS (end PASS)  ebal 0.0e+00 zbal 0.0e+00  0.00 h, ETA 502.10 h
[2026-08-24 19:56:20] t 0.504 step 113 dt 4.73e-03  E 0.070109 Z 0.3981 ε 0.000398 max|ω| 7.971 (interp 7.971) ⟨ωSω⟩ 0.0030 (phys 0.0030) kmaxη 3.94 S -0.014 align 0.52/0.52/0.37 zgap 4.89  health PASS (end PASS)  ebal 6.2e-14 zbal 1.4e-12  0.01 h, ETA 0.21 h
[2026-08-24 19:56:40] t 1.003 step 213 dt 5.19e-03  E 0.069910 Z 0.4009 ε 0.000401 max|ω| 8.025 (interp 8.032) ⟨ωSω⟩ 0.0229 (phys 0.0229) kmaxη 3.93 S -0.106 align 0.56/0.51/0.33 zgap 4.54  health PASS (end PASS)  ebal 6.3e-14 zbal 2.2e-11  0.01 h, ETA 0.19 h
[2026-08-24 19:57:04] t 1.503 step 309 dt 5.18e-03  E 0.069707 Z 0.4138 ε 0.000414 max|ω| 8.267 (interp 8.272) ⟨ωSω⟩ 0.0431 (phys 0.0431) kmaxη 3.90 S -0.190 align 0.59/0.49/0.31 zgap 4.21  health PASS (end PASS)  ebal 6.3e-14 zbal 4.7e-11  0.02 h, ETA 0.18 h
[2026-08-24 19:57:25] t 2.004 step 407 dt 5.04e-03  E 0.069495 Z 0.4320 ε 0.000432 max|ω| 8.437 (interp 8.444) ⟨ωSω⟩ 0.0535 (phys 0.0535) kmaxη 3.86 S -0.221 align 0.61/0.48/0.30 zgap 3.97  health PASS (end PASS)  ebal 6.3e-14 zbal 4.7e-11  0.02 h, ETA 0.17 h
[2026-08-24 19:57:30] checkpoint written at t=2.0041
[2026-08-24 19:57:50] t 2.504 step 507 dt 4.98e-03  E 0.069275 Z 0.4496 ε 0.000450 max|ω| 8.787 (interp 8.798) ⟨ωSω⟩ 0.0579 (phys 0.0579) kmaxη 3.82 S -0.226 align 0.62/0.47/0.31 zgap 3.84  health PASS (end PASS)  ebal 9.4e-14 zbal 4.7e-11  0.03 h, ETA 0.17 h
[2026-08-24 19:58:10] t 3.000 step 607 dt 4.95e-03  E 0.069048 Z 0.4655 ε 0.000465 max|ω| 9.274 (interp 9.284) ⟨ωSω⟩ 0.0634 (phys 0.0634) kmaxη 3.79 S -0.234 align 0.62/0.46/0.32 zgap 3.80  health PASS (end PASS)  ebal 1.0e-13 zbal 4.7e-11  0.04 h, ETA 0.16 h
[2026-08-24 19:58:30] t 3.503 step 709 dt 4.91e-03  E 0.068810 Z 0.4795 ε 0.000480 max|ω| 9.100 (interp 9.101) ⟨ωSω⟩ 0.0673 (phys 0.0673) kmaxη 3.76 S -0.238 align 0.62/0.45/0.34 zgap 3.67  health PASS (end PASS)  ebal 1.0e-13 zbal 4.7e-11  0.04 h, ETA 0.15 h
[2026-08-24 19:58:50] t 4.000 step 811 dt 4.84e-03  E 0.068569 Z 0.4901 ε 0.000490 max|ω| 8.726 (interp 8.742) ⟨ωSω⟩ 0.0682 (phys 0.0682) kmaxη 3.74 S -0.233 align 0.62/0.44/0.36 zgap 3.58  health PASS (end PASS)  ebal 1.1e-13 zbal 4.7e-11  0.05 h, ETA 0.15 h
[2026-08-24 19:58:55] checkpoint written at t=4.0004
[2026-08-24 19:59:16] t 4.503 step 916 dt 4.74e-03  E 0.068320 Z 0.4974 ε 0.000497 max|ω| 8.686 (interp 8.693) ⟨ωSω⟩ 0.0707 (phys 0.0707) kmaxη 3.72 S -0.237 align 0.62/0.44/0.38 zgap 3.53  health PASS (end PASS)  ebal 1.1e-13 zbal 4.7e-11  0.06 h, ETA 0.14 h
[2026-08-24 19:59:37] t 5.004 step 1023 dt 4.62e-03  E 0.068070 Z 0.5029 ε 0.000503 max|ω| 8.759 (interp 8.771) ⟨ωSω⟩ 0.0733 (phys 0.0733) kmaxη 3.71 S -0.241 align 0.62/0.43/0.39 zgap 3.43  health PASS (end PASS)  ebal 1.1e-13 zbal 4.7e-11  0.06 h, ETA 0.14 h
[2026-08-24 19:59:58] t 5.502 step 1132 dt 4.53e-03  E 0.067818 Z 0.5073 ε 0.000507 max|ω| 9.170 (interp 9.174) ⟨ωSω⟩ 0.0754 (phys 0.0754) kmaxη 3.70 S -0.245 align 0.61/0.43/0.41 zgap 3.29  health PASS (end PASS)  ebal 1.1e-13 zbal 4.7e-11  0.07 h, ETA 0.13 h
[2026-08-24 20:00:20] t 6.002 step 1243 dt 4.47e-03  E 0.067563 Z 0.5123 ε 0.000512 max|ω| 9.482 (interp 9.485) ⟨ωSω⟩ 0.0806 (phys 0.0806) kmaxη 3.70 S -0.258 align 0.59/0.44/0.42 zgap 3.21  health PASS (end PASS)  ebal 1.1e-13 zbal 4.7e-11  0.07 h, ETA 0.12 h
[2026-08-24 20:00:26] checkpoint written at t=6.0020
[2026-08-24 20:00:49] t 6.502 step 1357 dt 4.29e-03  E 0.067305 Z 0.5207 ε 0.000521 max|ω| 11.041 (interp 11.081) ⟨ωSω⟩ 0.0912 (phys 0.0912) kmaxη 3.68 S -0.285 align 0.58/0.44/0.42 zgap 3.08  health PASS (end PASS)  ebal 1.1e-13 zbal 4.7e-11  0.08 h, ETA 0.12 h
[2026-08-24 20:01:16] t 7.002 step 1477 dt 4.05e-03  E 0.067041 Z 0.5370 ε 0.000537 max|ω| 15.063 (interp 15.112) ⟨ωSω⟩ 0.1174 (phys 0.1174) kmaxη 3.65 S -0.350 align 0.57/0.45/0.43 zgap 2.92  health PASS (end PASS)  ebal 1.1e-13 zbal 4.7e-11  0.09 h, ETA 0.11 h
[2026-08-24 20:01:47] t 7.503 step 1603 dt 3.95e-03  E 0.066764 Z 0.5752 ε 0.000575 max|ω| 26.834 (interp 27.292) ⟨ωSω⟩ 0.2127 (phys 0.2127) kmaxη 3.59 S -0.572 align 0.56/0.46/0.43 zgap 2.84  health PASS (end PASS)  ebal 1.1e-13 zbal 4.7e-11  0.10 h, ETA 0.11 h
[2026-08-24 20:02:19] t 8.000 step 1725 dt 4.24e-03  E 0.066459 Z 0.6629 ε 0.000663 max|ω| 57.045 (interp 60.764) ⟨ωSω⟩ 0.5327 (phys 0.5327) kmaxη 3.46 S -1.159 align 0.55/0.46/0.44 zgap 2.75  health WARN (end WARN)  ebal 2.5e-13 zbal 1.5e-10  0.11 h, ETA 0.11 h
[2026-08-24 20:02:25] checkpoint written at t=8.0005
[2026-08-24 20:02:56] t 8.500 step 1837 dt 4.71e-03  E 0.066094 Z 0.7935 ε 0.000793 max|ω| 111.788 (interp 114.823) ⟨ωSω⟩ 1.1052 (phys 1.1052) kmaxη 3.31 S -1.835 align 0.53/0.48/0.45 zgap 3.27  health WARN (end PASS)  ebal 1.6e-12 zbal 2.5e-09  0.12 h, ETA 0.10 h
[2026-08-24 20:03:18] t 9.003 step 1940 dt 4.64e-03  E 0.065690 Z 0.7809 ε 0.000781 max|ω| 78.009 (interp 80.953) ⟨ωSω⟩ 0.8712 (phys 0.8713) kmaxη 3.33 S -1.482 align 0.51/0.50/0.45 zgap 3.23  health WARN (end WARN)  ebal 6.6e-10 zbal 6.0e-07  0.12 h, ETA 0.10 h
[2026-08-24 20:03:40] t 9.503 step 2050 dt 4.57e-03  E 0.065313 Z 0.7493 ε 0.000749 max|ω| 82.346 (interp 97.748) ⟨ωSω⟩ 0.9239 (phys 0.9240) kmaxη 3.36 S -1.672 align 0.50/0.52/0.45 zgap 3.25  health WARN (end PASS)  ebal 1.2e-09 zbal 9.9e-07  0.13 h, ETA 0.09 h
[2026-08-24 20:04:02] t 10.001 step 2157 dt 4.57e-03  E 0.064942 Z 0.7363 ε 0.000736 max|ω| 76.771 (interp 85.835) ⟨ωSω⟩ 0.9089 (phys 0.9089) kmaxη 3.38 S -1.688 align 0.48/0.54/0.45 zgap 3.19  health WARN (end PASS)  ebal 1.2e-09 zbal 9.9e-07  0.14 h, ETA 0.08 h
[2026-08-24 20:04:07] checkpoint written at t=10.0014
[2026-08-24 20:04:30] t 10.504 step 2266 dt 4.74e-03  E 0.064583 Z 0.6874 ε 0.000687 max|ω| 65.846 (interp 67.234) ⟨ωSω⟩ 0.6698 (phys 0.6698) kmaxη 3.43 S -1.379 align 0.47/0.56/0.44 zgap 2.92  health WARN (end PASS)  ebal 1.2e-09 zbal 9.9e-07  0.14 h, ETA 0.07 h
[2026-08-24 20:04:51] t 11.003 step 2372 dt 4.73e-03  E 0.064251 Z 0.6478 ε 0.000648 max|ω| 65.767 (interp 70.962) ⟨ωSω⟩ 0.5712 (phys 0.5712) kmaxη 3.48 S -1.286 align 0.46/0.57/0.44 zgap 2.60  health WARN (end PASS)  ebal 1.2e-09 zbal 9.9e-07  0.15 h, ETA 0.07 h
[2026-08-24 20:05:13] t 11.501 step 2475 dt 4.94e-03  E 0.063934 Z 0.6261 ε 0.000626 max|ω| 47.690 (interp 49.689) ⟨ωSω⟩ 0.5156 (phys 0.5156) kmaxη 3.51 S -1.222 align 0.45/0.58/0.43 zgap 2.31  health WARN (end PASS)  ebal 1.2e-09 zbal 9.9e-07  0.15 h, ETA 0.06 h
[2026-08-24 20:05:35] t 12.005 step 2576 dt 5.25e-03  E 0.063623 Z 0.6099 ε 0.000610 max|ω| 46.485 (interp 47.424) ⟨ωSω⟩ 0.4446 (phys 0.4446) kmaxη 3.54 S -1.095 align 0.44/0.58/0.43 zgap 2.18  health WARN (end PASS)  ebal 1.2e-09 zbal 9.9e-07  0.16 h, ETA 0.05 h
[2026-08-24 20:05:40] checkpoint written at t=12.0048
[2026-08-24 20:06:03] t 12.502 step 2672 dt 5.27e-03  E 0.063321 Z 0.6049 ε 0.000605 max|ω| 39.351 (interp 40.295) ⟨ωSω⟩ 0.3932 (phys 0.3932) kmaxη 3.55 S -0.981 align 0.43/0.59/0.42 zgap 1.99  health WARN (end PASS)  ebal 1.2e-09 zbal 9.9e-07  0.17 h, ETA 0.05 h
[2026-08-24 20:06:25] t 13.005 step 2764 dt 5.47e-03  E 0.063018 Z 0.5989 ε 0.000599 max|ω| 37.461 (interp 37.714) ⟨ωSω⟩ 0.3235 (phys 0.3235) kmaxη 3.55 S -0.819 align 0.43/0.59/0.42 zgap 1.92  health WARN (end PASS)  ebal 1.2e-09 zbal 9.9e-07  0.17 h, ETA 0.04 h
[2026-08-24 20:06:45] t 13.506 step 2853 dt 5.94e-03  E 0.062722 Z 0.5841 ε 0.000584 max|ω| 32.359 (interp 32.689) ⟨ωSω⟩ 0.2453 (phys 0.2453) kmaxη 3.58 S -0.645 align 0.44/0.59/0.42 zgap 1.90  health WARN (end PASS)  ebal 1.2e-09 zbal 9.9e-07  0.18 h, ETA 0.03 h
[2026-08-24 20:07:07] t 14.001 step 2938 dt 5.93e-03  E 0.062434 Z 0.5803 ε 0.000580 max|ω| 28.625 (interp 28.812) ⟨ωSω⟩ 0.2240 (phys 0.2240) kmaxη 3.58 S -0.595 align 0.46/0.59/0.41 zgap 1.83  health WARN (end PASS)  ebal 1.2e-09 zbal 9.9e-07  0.19 h, ETA 0.03 h
[2026-08-24 20:07:13] checkpoint written at t=14.0012
[2026-08-24 20:07:32] t 14.505 step 3022 dt 6.14e-03  E 0.062141 Z 0.5833 ε 0.000583 max|ω| 24.707 (interp 24.723) ⟨ωSω⟩ 0.2051 (phys 0.2051) kmaxη 3.58 S -0.540 align 0.47/0.59/0.40 zgap 1.68  health WARN (end PASS)  ebal 1.2e-09 zbal 9.9e-07  0.19 h, ETA 0.02 h
[2026-08-24 20:07:51] t 15.000 step 3105 dt 5.83e-03  E 0.061850 Z 0.5925 ε 0.000593 max|ω| 22.772 (interp 22.864) ⟨ωSω⟩ 0.2070 (phys 0.2070) kmaxη 3.56 S -0.533 align 0.48/0.59/0.40 zgap 1.51  health WARN (end PASS)  ebal 1.2e-09 zbal 9.9e-07  0.20 h, ETA 0.01 h
[2026-08-24 20:08:09] t 15.500 step 3193 dt 5.63e-03  E 0.061551 Z 0.6042 ε 0.000604 max|ω| 21.650 (interp 21.971) ⟨ωSω⟩ 0.2048 (phys 0.2048) kmaxη 3.55 S -0.512 align 0.49/0.58/0.39 zgap 1.53  health WARN (end PASS)  ebal 1.2e-09 zbal 9.9e-07  0.20 h, ETA 0.01 h
[2026-08-24 20:08:30] t 16.002 step 3281 dt 5.77e-03  E 0.061243 Z 0.6261 ε 0.000626 max|ω| 18.235 (interp 18.346) ⟨ωSω⟩ 0.2281 (phys 0.2281) kmaxη 3.51 S -0.541 align 0.51/0.58/0.38 zgap 1.46  health WARN (end PASS)  ebal 1.2e-09 zbal 9.9e-07  0.21 h, ETA -0.00 h
[2026-08-24 20:08:36] checkpoint written at t=16.0021
[2026-08-24 20:08:36] DONE: ε_max 0.000816 at t 8.762; max|ω| peak 129.774 at t 8.762; interpolated peak 132.202 at t 8.747; E(16) 0.061243; health WARN; 0.21 h
