[2026-08-23 18:44:12] NSLab GPU 0.1.1 (app 0.5.0) — tubes N=320³ Re=2000 tEnd=16.0 cfl=0.4 dt=adaptive snap=0.5 ckpt=2.0  device NVIDIA GeForce RTX 3060 Laptop GPU  float32
[2026-08-23 18:44:13] solver ready in 1.2 s, device memory 6.13 GB, kc 106, E0 0.07031045109033585, Z0 0.40027010440826416
[2026-08-23 18:44:18] t 0.000 step 0 dt 0.00e+00  E 0.070310 Z 0.4003 ε 0.000400 max|ω| 8.036 (interp 8.037) ⟨ωSω⟩ -0.0000 (phys 0.0000) kmaxη 4.34 S 0.000 align 0.45/0.53/0.45 zgap 5.05  health WARN (end WARN)  ebal 0.0e+00 zbal 0.0e+00  0.00 h, ETA 1687.43 h
[2026-08-23 18:46:15] t 0.502 step 125 dt 4.25e-03  E 0.070110 Z 0.3981 ε 0.000398 max|ω| 7.967 (interp 7.972) ⟨ωSω⟩ 0.0030 (phys 0.0030) kmaxη 4.35 S -0.014 align 0.52/0.52/0.37 zgap 4.91  health FAIL (end FAIL)  ebal 2.4e-07 zbal 2.9e-07  0.03 h, ETA 1.06 h
[2026-08-23 18:47:54] t 1.004 step 237 dt 4.67e-03  E 0.069910 Z 0.4009 ε 0.000401 max|ω| 8.032 (interp 8.033) ⟨ωSω⟩ 0.0230 (phys 0.0230) kmaxη 4.34 S -0.106 align 0.56/0.51/0.33 zgap 4.54  health FAIL (end FAIL)  ebal 3.1e-07 zbal 2.9e-07  0.06 h, ETA 0.92 h
[2026-08-23 18:49:44] t 1.502 step 343 dt 4.67e-03  E 0.069707 Z 0.4137 ε 0.000414 max|ω| 8.267 (interp 8.271) ⟨ωSω⟩ 0.0431 (phys 0.0431) kmaxη 4.30 S -0.190 align 0.59/0.49/0.31 zgap 4.22  health FAIL (end FAIL)  ebal 3.1e-07 zbal 3.0e-07  0.09 h, ETA 0.89 h
[2026-08-23 18:51:37] t 2.003 step 452 dt 4.54e-03  E 0.069496 Z 0.4319 ε 0.000432 max|ω| 8.437 (interp 8.444) ⟨ωSω⟩ 0.0535 (phys 0.0535) kmaxη 4.26 S -0.221 align 0.61/0.48/0.30 zgap 3.97  health FAIL (end FAIL)  ebal 3.1e-07 zbal 3.0e-07  0.12 h, ETA 0.86 h
[2026-08-23 18:51:38] checkpoint written at t=2.0031
[2026-08-23 18:54:24] t 2.503 step 563 dt 4.48e-03  E 0.069275 Z 0.4496 ε 0.000450 max|ω| 8.795 (interp 8.796) ⟨ωSω⟩ 0.0579 (phys 0.0579) kmaxη 4.22 S -0.225 align 0.62/0.47/0.31 zgap 3.85  health FAIL (end FAIL)  ebal 3.1e-07 zbal 3.0e-07  0.17 h, ETA 0.92 h
[2026-08-23 18:57:14] t 3.003 step 675 dt 4.45e-03  E 0.069047 Z 0.4655 ε 0.000466 max|ω| 9.270 (interp 9.276) ⟨ωSω⟩ 0.0634 (phys 0.0634) kmaxη 4.18 S -0.234 align 0.62/0.46/0.32 zgap 3.81  health FAIL (end FAIL)  ebal 3.1e-07 zbal 3.0e-07  0.22 h, ETA 0.94 h
[2026-08-23 18:59:57] t 3.504 step 788 dt 4.42e-03  E 0.068809 Z 0.4796 ε 0.000480 max|ω| 9.089 (interp 9.099) ⟨ωSω⟩ 0.0673 (phys 0.0673) kmaxη 4.15 S -0.238 align 0.63/0.45/0.34 zgap 3.67  health FAIL (end FAIL)  ebal 3.3e-07 zbal 3.0e-07  0.26 h, ETA 0.94 h
[2026-08-23 19:02:43] t 4.004 step 902 dt 4.35e-03  E 0.068567 Z 0.4901 ε 0.000490 max|ω| 8.732 (interp 8.741) ⟨ωSω⟩ 0.0682 (phys 0.0682) kmaxη 4.13 S -0.233 align 0.63/0.44/0.36 zgap 3.59  health FAIL (end FAIL)  ebal 3.3e-07 zbal 3.0e-07  0.31 h, ETA 0.93 h
[2026-08-23 19:02:44] checkpoint written at t=4.0043
[2026-08-23 19:05:29] t 4.504 step 1018 dt 4.26e-03  E 0.068320 Z 0.4975 ε 0.000497 max|ω| 8.679 (interp 8.679) ⟨ωSω⟩ 0.0707 (phys 0.0707) kmaxη 4.11 S -0.237 align 0.62/0.44/0.38 zgap 3.51  health FAIL (end FAIL)  ebal 3.3e-07 zbal 3.0e-07  0.35 h, ETA 0.91 h
[2026-08-23 19:08:18] t 5.001 step 1136 dt 4.16e-03  E 0.068071 Z 0.5028 ε 0.000503 max|ω| 8.769 (interp 8.774) ⟨ωSω⟩ 0.0733 (phys 0.0733) kmaxη 4.10 S -0.241 align 0.62/0.43/0.39 zgap 3.44  health FAIL (end FAIL)  ebal 3.3e-07 zbal 3.0e-07  0.40 h, ETA 0.88 h
[2026-08-23 19:11:14] t 5.503 step 1258 dt 4.08e-03  E 0.067818 Z 0.5073 ε 0.000507 max|ω| 9.171 (interp 9.174) ⟨ωSω⟩ 0.0754 (phys 0.0754) kmaxη 4.09 S -0.245 align 0.61/0.43/0.41 zgap 3.30  health FAIL (end FAIL)  ebal 3.3e-07 zbal 3.3e-07  0.45 h, ETA 0.86 h
[2026-08-23 19:14:10] t 6.001 step 1381 dt 4.02e-03  E 0.067564 Z 0.5123 ε 0.000512 max|ω| 9.480 (interp 9.483) ⟨ωSω⟩ 0.0806 (phys 0.0806) kmaxη 4.08 S -0.258 align 0.59/0.44/0.42 zgap 3.20  health FAIL (end FAIL)  ebal 4.1e-07 zbal 3.3e-07  0.50 h, ETA 0.83 h
[2026-08-23 19:14:10] checkpoint written at t=6.0014
[2026-08-23 19:17:30] t 6.503 step 1508 dt 3.86e-03  E 0.067305 Z 0.5207 ε 0.000521 max|ω| 10.981 (interp 11.048) ⟨ωSω⟩ 0.0912 (phys 0.0912) kmaxη 4.06 S -0.285 align 0.58/0.44/0.42 zgap 3.06  health FAIL (end FAIL)  ebal 4.1e-07 zbal 3.3e-07  0.56 h, ETA 0.81 h
[2026-08-23 19:21:21] t 7.002 step 1641 dt 3.65e-03  E 0.067042 Z 0.5370 ε 0.000537 max|ω| 15.106 (interp 15.121) ⟨ωSω⟩ 0.1174 (phys 0.1174) kmaxη 4.03 S -0.350 align 0.57/0.46/0.43 zgap 2.95  health FAIL (end FAIL)  ebal 4.1e-07 zbal 3.3e-07  0.62 h, ETA 0.80 h
[2026-08-23 19:25:28] t 7.503 step 1781 dt 3.56e-03  E 0.066764 Z 0.5752 ε 0.000575 max|ω| 26.988 (interp 27.100) ⟨ωSω⟩ 0.2126 (phys 0.2126) kmaxη 3.96 S -0.572 align 0.56/0.46/0.43 zgap 2.85  health FAIL (end FAIL)  ebal 4.1e-07 zbal 3.3e-07  0.69 h, ETA 0.78 h
[2026-08-23 19:29:50] t 8.001 step 1917 dt 3.81e-03  E 0.066458 Z 0.6632 ε 0.000663 max|ω| 57.546 (interp 62.927) ⟨ωSω⟩ 0.5422 (phys 0.5422) kmaxη 3.83 S -1.178 align 0.55/0.47/0.44 zgap 2.75  health FAIL (end FAIL)  ebal 4.1e-07 zbal 3.3e-07  0.76 h, ETA 0.76 h
[2026-08-23 19:29:50] checkpoint written at t=8.0011
[2026-08-23 19:33:36] t 8.501 step 2041 dt 4.27e-03  E 0.066093 Z 0.7952 ε 0.000795 max|ω| 116.040 (interp 116.742) ⟨ωSω⟩ 1.1469 (phys 1.1469) kmaxη 3.66 S -1.898 align 0.53/0.48/0.45 zgap 3.36  health FAIL (end FAIL)  ebal 4.1e-07 zbal 3.3e-07  0.82 h, ETA 0.73 h
[2026-08-23 19:36:23] t 9.001 step 2155 dt 4.46e-03  E 0.065691 Z 0.7764 ε 0.000776 max|ω| 76.366 (interp 78.320) ⟨ωSω⟩ 0.8742 (phys 0.8742) kmaxη 3.68 S -1.500 align 0.51/0.50/0.45 zgap 3.34  health FAIL (end FAIL)  ebal 4.1e-07 zbal 5.1e-07  0.87 h, ETA 0.68 h
[2026-08-23 19:39:13] t 9.503 step 2276 dt 4.10e-03  E 0.065316 Z 0.7400 ε 0.000740 max|ω| 78.425 (interp 87.268) ⟨ωSω⟩ 0.9298 (phys 0.9298) kmaxη 3.72 S -1.715 align 0.50/0.52/0.45 zgap 3.18  health FAIL (end FAIL)  ebal 4.1e-07 zbal 5.7e-07  0.92 h, ETA 0.63 h
[2026-08-23 19:42:03] t 10.001 step 2397 dt 4.18e-03  E 0.064952 Z 0.7231 ε 0.000723 max|ω| 68.237 (interp 74.775) ⟨ωSω⟩ 0.9122 (phys 0.9122) kmaxη 3.74 S -1.741 align 0.49/0.54/0.44 zgap 3.00  health FAIL (end FAIL)  ebal 4.1e-07 zbal 5.7e-07  0.96 h, ETA 0.58 h
[2026-08-23 19:42:04] checkpoint written at t=10.0008
[2026-08-23 19:44:56] t 10.501 step 2519 dt 4.17e-03  E 0.064600 Z 0.6845 ε 0.000685 max|ω| 78.960 (interp 86.319) ⟨ωSω⟩ 0.7468 (phys 0.7468) kmaxη 3.80 S -1.548 align 0.47/0.56/0.44 zgap 2.85  health FAIL (end FAIL)  ebal 4.1e-07 zbal 8.3e-07  1.01 h, ETA 0.53 h
[2026-08-23 19:47:49] t 11.002 step 2640 dt 4.13e-03  E 0.064266 Z 0.6455 ε 0.000645 max|ω| 59.395 (interp 63.397) ⟨ωSω⟩ 0.5801 (phys 0.5801) kmaxη 3.85 S -1.313 align 0.46/0.57/0.43 zgap 2.49  health FAIL (end FAIL)  ebal 4.1e-07 zbal 8.3e-07  1.06 h, ETA 0.48 h
[2026-08-23 19:50:42] t 11.500 step 2761 dt 3.99e-03  E 0.063953 Z 0.6142 ε 0.000614 max|ω| 54.909 (interp 58.374) ⟨ωSω⟩ 0.5136 (phys 0.5136) kmaxη 3.90 S -1.252 align 0.45/0.58/0.43 zgap 2.26  health FAIL (end FAIL)  ebal 4.1e-07 zbal 8.3e-07  1.11 h, ETA 0.43 h
[2026-08-24 14:28:55] NSLab GPU 0.1.1 (app 0.5.0) — tubes N=320³ Re=2000 tEnd=16.0 cfl=0.4 dt=adaptive snap=0.5 ckpt=2.0  device NVIDIA GeForce RTX 3060 Laptop GPU  float32
[2026-08-24 14:28:57] solver ready in 1.4 s, device memory 6.13 GB, kc 106, E0 0.07031045109033585, Z0 0.40027010440826416
[2026-08-24 14:28:57] resumed from checkpoint at t=10.0008 step 2397 (21 snapshots)
[2026-08-24 14:30:44] t 10.501 step 2519 dt 4.17e-03  E 0.064600 Z 0.6845 ε 0.000685 max|ω| 78.960 (interp 86.319) ⟨ωSω⟩ 0.7468 (phys 0.7468) kmaxη 3.80 S -1.548 align 0.47/0.56/0.44 zgap 2.85  health FAIL (end FAIL)  ebal 4.1e-07 zbal 8.3e-07  0.99 h, ETA 0.52 h
[2026-08-24 14:32:31] t 11.002 step 2640 dt 4.13e-03  E 0.064266 Z 0.6455 ε 0.000645 max|ω| 59.395 (interp 63.397) ⟨ωSω⟩ 0.5801 (phys 0.5801) kmaxη 3.85 S -1.313 align 0.46/0.57/0.43 zgap 2.49  health FAIL (end FAIL)  ebal 4.1e-07 zbal 8.3e-07  1.02 h, ETA 0.47 h
[2026-08-24 14:34:20] t 11.500 step 2761 dt 3.99e-03  E 0.063953 Z 0.6142 ε 0.000614 max|ω| 54.909 (interp 58.374) ⟨ωSω⟩ 0.5136 (phys 0.5136) kmaxη 3.90 S -1.252 align 0.45/0.58/0.43 zgap 2.26  health FAIL (end FAIL)  ebal 4.1e-07 zbal 8.3e-07  1.05 h, ETA 0.41 h
[2026-08-24 14:36:08] t 12.000 step 2874 dt 4.59e-03  E 0.063652 Z 0.5861 ε 0.000586 max|ω| 52.639 (interp 54.470) ⟨ωSω⟩ 0.3853 (phys 0.3853) kmaxη 3.95 S -1.008 align 0.44/0.59/0.42 zgap 2.06  health FAIL (end FAIL)  ebal 4.1e-07 zbal 8.3e-07  1.08 h, ETA 0.36 h
[2026-08-24 14:36:08] checkpoint written at t=12.0003
[2026-08-24 14:37:51] t 12.503 step 2981 dt 5.03e-03  E 0.063360 Z 0.5842 ε 0.000584 max|ω| 39.854 (interp 41.307) ⟨ωSω⟩ 0.3709 (phys 0.3709) kmaxη 3.95 S -0.975 align 0.43/0.59/0.42 zgap 1.96  health FAIL (end FAIL)  ebal 4.1e-07 zbal 8.3e-07  1.11 h, ETA 0.31 h
[2026-08-24 14:39:28] t 13.002 step 3083 dt 4.95e-03  E 0.063068 Z 0.5819 ε 0.000582 max|ω| 33.549 (interp 33.857) ⟨ωSω⟩ 0.2955 (phys 0.2955) kmaxη 3.95 S -0.781 align 0.43/0.59/0.42 zgap 1.94  health FAIL (end FAIL)  ebal 4.8e-07 zbal 8.3e-07  1.14 h, ETA 0.26 h
[2026-08-24 14:40:56] t 13.501 step 3180 dt 5.25e-03  E 0.062780 Z 0.5719 ε 0.000572 max|ω| 30.877 (interp 31.215) ⟨ωSω⟩ 0.2316 (phys 0.2316) kmaxη 3.97 S -0.629 align 0.45/0.59/0.42 zgap 1.85  health FAIL (end FAIL)  ebal 4.8e-07 zbal 8.3e-07  1.16 h, ETA 0.22 h
[2026-08-24 14:42:25] t 14.003 step 3276 dt 5.35e-03  E 0.062494 Z 0.5689 ε 0.000569 max|ω| 27.114 (interp 27.210) ⟨ωSω⟩ 0.2011 (phys 0.2011) kmaxη 3.97 S -0.550 align 0.46/0.59/0.41 zgap 1.83  health FAIL (end FAIL)  ebal 4.8e-07 zbal 8.3e-07  1.19 h, ETA 0.17 h
[2026-08-24 14:42:25] checkpoint written at t=14.0028
[2026-08-24 14:43:46] t 14.503 step 3367 dt 5.47e-03  E 0.062210 Z 0.5704 ε 0.000570 max|ω| 24.488 (interp 24.620) ⟨ωSω⟩ 0.1775 (phys 0.1775) kmaxη 3.97 S -0.484 align 0.47/0.59/0.40 zgap 1.67  health FAIL (end FAIL)  ebal 4.8e-07 zbal 8.3e-07  1.21 h, ETA 0.13 h
[2026-08-24 14:45:11] t 15.005 step 3461 dt 5.20e-03  E 0.061921 Z 0.5815 ε 0.000582 max|ω| 22.787 (interp 23.009) ⟨ωSω⟩ 0.1835 (phys 0.1835) kmaxη 3.95 S -0.486 align 0.48/0.59/0.40 zgap 1.51  health FAIL (end FAIL)  ebal 4.8e-07 zbal 8.3e-07  1.24 h, ETA 0.08 h
[2026-08-24 14:46:43] t 15.502 step 3559 dt 5.04e-03  E 0.061628 Z 0.5959 ε 0.000596 max|ω| 21.651 (interp 21.688) ⟨ωSω⟩ 0.1872 (phys 0.1872) kmaxη 3.93 S -0.478 align 0.50/0.58/0.39 zgap 1.43  health FAIL (end FAIL)  ebal 4.8e-07 zbal 8.3e-07  1.26 h, ETA 0.04 h
[2026-08-24 14:48:12] t 16.003 step 3657 dt 5.18e-03  E 0.061325 Z 0.6192 ε 0.000619 max|ω| 19.102 (interp 19.290) ⟨ωSω⟩ 0.2055 (phys 0.2055) kmaxη 3.89 S -0.495 align 0.51/0.58/0.38 zgap 1.41  health FAIL (end FAIL)  ebal 4.8e-07 zbal 8.3e-07  1.29 h, ETA -0.00 h
[2026-08-24 14:48:13] checkpoint written at t=16.0026
[2026-08-24 14:48:13] DONE: ε_max 0.000816 at t 8.715; max|ω| peak 129.162 at t 8.613; interpolated peak 132.699 at t 8.600; E(16) 0.061325; health FAIL; 1.29 h
