[2026-08-23 09:18:10] NSLab GPU 0.1.1 (app 0.5.0) — tubes N=256³ Re=2000 tEnd=16.0 cfl=0.4 dt=adaptive snap=0.5 ckpt=2.0  device NVIDIA GeForce RTX 3060 Laptop GPU  float64
[2026-08-23 09:18:11] solver ready in 1.3 s, device memory 6.25 GB, kc 85, E0 0.07031047701250989, Z0 0.40027018782525137
[2026-08-23 09:18:29] t 0.000 step 0 dt 0.00e+00  E 0.070310 Z 0.4003 ε 0.000400 max|ω| 8.034 (interp 8.037) ⟨ωSω⟩ 0.0000 (phys -0.0000) kmaxη 3.48 S -0.000 align 0.45/0.53/0.45 zgap 5.08  health PASS (end PASS)  ebal 0.0e+00 zbal 0.0e+00  0.01 h, ETA 5444.61 h
[2026-08-23 09:21:43] t 0.502 step 100 dt 5.31e-03  E 0.070110 Z 0.3981 ε 0.000398 max|ω| 7.970 (interp 7.972) ⟨ωSω⟩ 0.0030 (phys 0.0030) kmaxη 3.49 S -0.014 align 0.52/0.52/0.37 zgap 4.91  health PASS (end PASS)  ebal 1.1e-13 zbal 2.5e-12  0.06 h, ETA 1.83 h
[2026-08-23 09:24:30] t 1.001 step 189 dt 5.83e-03  E 0.069911 Z 0.4009 ε 0.000401 max|ω| 8.023 (interp 8.031) ⟨ωSω⟩ 0.0228 (phys 0.0228) kmaxη 3.48 S -0.105 align 0.56/0.51/0.33 zgap 4.54  health PASS (end PASS)  ebal 1.1e-13 zbal 4.1e-11  0.11 h, ETA 1.58 h
[2026-08-23 09:27:21] t 1.505 step 275 dt 5.83e-03  E 0.069706 Z 0.4138 ε 0.000414 max|ω| 8.266 (interp 8.274) ⟨ωSω⟩ 0.0432 (phys 0.0432) kmaxη 3.45 S -0.190 align 0.59/0.49/0.31 zgap 4.22  health PASS (end PASS)  ebal 1.1e-13 zbal 9.4e-11  0.15 h, ETA 1.47 h
[2026-08-23 09:30:29] t 2.005 step 362 dt 5.67e-03  E 0.069495 Z 0.4320 ε 0.000432 max|ω| 8.438 (interp 8.444) ⟨ωSω⟩ 0.0535 (phys 0.0535) kmaxη 3.41 S -0.221 align 0.61/0.48/0.30 zgap 3.98  health PASS (end PASS)  ebal 1.1e-13 zbal 9.4e-11  0.21 h, ETA 1.43 h
[2026-08-23 09:30:29] checkpoint written at t=2.0053
[2026-08-23 09:33:35] t 2.501 step 450 dt 5.60e-03  E 0.069276 Z 0.4495 ε 0.000449 max|ω| 8.787 (interp 8.788) ⟨ωSω⟩ 0.0579 (phys 0.0579) kmaxη 3.38 S -0.225 align 0.62/0.47/0.31 zgap 3.83  health PASS (end PASS)  ebal 1.5e-13 zbal 9.4e-11  0.26 h, ETA 1.39 h
[2026-08-23 09:36:50] t 3.003 step 540 dt 5.57e-03  E 0.069046 Z 0.4655 ε 0.000466 max|ω| 9.266 (interp 9.269) ⟨ωSω⟩ 0.0634 (phys 0.0634) kmaxη 3.35 S -0.234 align 0.62/0.46/0.33 zgap 3.80  health PASS (end PASS)  ebal 1.7e-13 zbal 9.4e-11  0.31 h, ETA 1.35 h
[2026-08-23 09:39:50] t 3.502 step 630 dt 5.52e-03  E 0.068810 Z 0.4795 ε 0.000480 max|ω| 9.086 (interp 9.095) ⟨ωSω⟩ 0.0673 (phys 0.0673) kmaxη 3.33 S -0.238 align 0.62/0.45/0.34 zgap 3.68  health PASS (end PASS)  ebal 1.7e-13 zbal 9.4e-11  0.36 h, ETA 1.29 h
[2026-08-23 09:42:37] t 4.001 step 721 dt 5.44e-03  E 0.068568 Z 0.4901 ε 0.000490 max|ω| 8.725 (interp 8.731) ⟨ωSω⟩ 0.0682 (phys 0.0682) kmaxη 3.31 S -0.233 align 0.62/0.44/0.36 zgap 3.61  health PASS (end PASS)  ebal 1.8e-13 zbal 9.4e-11  0.41 h, ETA 1.22 h
[2026-08-23 09:42:37] checkpoint written at t=4.0010
[2026-08-23 09:45:29] t 4.502 step 814 dt 5.33e-03  E 0.068321 Z 0.4974 ε 0.000497 max|ω| 8.692 (interp 8.715) ⟨ωSω⟩ 0.0707 (phys 0.0707) kmaxη 3.30 S -0.236 align 0.62/0.44/0.38 zgap 3.51  health PASS (end PASS)  ebal 1.8e-13 zbal 9.4e-11  0.46 h, ETA 1.16 h
[2026-08-23 09:48:24] t 5.002 step 909 dt 5.20e-03  E 0.068071 Z 0.5029 ε 0.000503 max|ω| 8.716 (interp 8.724) ⟨ωSω⟩ 0.0733 (phys 0.0733) kmaxη 3.29 S -0.241 align 0.61/0.43/0.40 zgap 3.44  health PASS (end PASS)  ebal 1.8e-13 zbal 9.4e-11  0.50 h, ETA 1.11 h
[2026-08-23 09:51:14] t 5.501 step 1006 dt 5.11e-03  E 0.067819 Z 0.5073 ε 0.000507 max|ω| 9.162 (interp 9.179) ⟨ωSω⟩ 0.0753 (phys 0.0753) kmaxη 3.28 S -0.245 align 0.60/0.43/0.41 zgap 3.29  health PASS (end PASS)  ebal 1.8e-13 zbal 9.4e-11  0.55 h, ETA 1.05 h
[2026-08-23 09:54:10] t 6.003 step 1105 dt 5.02e-03  E 0.067563 Z 0.5124 ε 0.000512 max|ω| 9.483 (interp 9.485) ⟨ωSω⟩ 0.0805 (phys 0.0805) kmaxη 3.27 S -0.258 align 0.59/0.43/0.42 zgap 3.22  health PASS (end PASS)  ebal 1.8e-13 zbal 9.4e-11  0.60 h, ETA 1.00 h
[2026-08-23 09:54:10] checkpoint written at t=6.0028
[2026-08-23 09:57:42] t 6.501 step 1206 dt 4.83e-03  E 0.067306 Z 0.5207 ε 0.000521 max|ω| 11.069 (interp 11.074) ⟨ωSω⟩ 0.0911 (phys 0.0911) kmaxη 3.26 S -0.285 align 0.58/0.44/0.43 zgap 3.07  health PASS (end PASS)  ebal 1.8e-13 zbal 9.4e-11  0.66 h, ETA 0.96 h
[2026-08-23 10:02:22] t 7.003 step 1313 dt 4.56e-03  E 0.067041 Z 0.5370 ε 0.000537 max|ω| 15.078 (interp 15.113) ⟨ωSω⟩ 0.1173 (phys 0.1173) kmaxη 3.23 S -0.350 align 0.57/0.45/0.43 zgap 2.95  health PASS (end PASS)  ebal 1.8e-13 zbal 9.4e-11  0.74 h, ETA 0.95 h
[2026-08-23 10:07:59] t 7.504 step 1425 dt 4.46e-03  E 0.066764 Z 0.5753 ε 0.000575 max|ω| 26.637 (interp 27.570) ⟨ωSω⟩ 0.2129 (phys 0.2129) kmaxη 3.18 S -0.573 align 0.56/0.46/0.44 zgap 2.85  health PASS (end PASS)  ebal 1.8e-13 zbal 9.4e-11  0.83 h, ETA 0.94 h
[2026-08-23 10:13:30] t 8.000 step 1533 dt 4.77e-03  E 0.066459 Z 0.6624 ε 0.000662 max|ω| 53.763 (interp 55.967) ⟨ωSω⟩ 0.5188 (phys 0.5188) kmaxη 3.07 S -1.129 align 0.54/0.46/0.45 zgap 2.75  health PASS (end PASS)  ebal 3.1e-13 zbal 2.4e-10  0.92 h, ETA 0.92 h
[2026-08-23 10:13:30] checkpoint written at t=8.0003
[2026-08-23 10:18:13] t 8.502 step 1633 dt 5.29e-03  E 0.066094 Z 0.7886 ε 0.000789 max|ω| 103.351 (interp 104.314) ⟨ωSω⟩ 1.0223 (phys 1.0223) kmaxη 2.94 S -1.714 align 0.52/0.47/0.46 zgap 3.31  health PASS (end PASS)  ebal 6.0e-12 zbal 5.0e-09  1.00 h, ETA 0.88 h
[2026-08-23 10:20:55] t 9.002 step 1724 dt 5.36e-03  E 0.065694 Z 0.7853 ε 0.000785 max|ω| 74.488 (interp 77.267) ⟨ωSω⟩ 0.8451 (phys 0.8451) kmaxη 2.94 S -1.425 align 0.51/0.49/0.46 zgap 3.34  health PASS (end PASS)  ebal 8.4e-10 zbal 6.3e-07  1.05 h, ETA 0.81 h
[2026-08-23 10:23:46] t 9.501 step 1819 dt 5.19e-03  E 0.065311 Z 0.7732 ε 0.000773 max|ω| 74.309 (interp 75.253) ⟨ωSω⟩ 1.0013 (phys 1.0013) kmaxη 2.95 S -1.729 align 0.49/0.51/0.46 zgap 3.29  health PASS (end PASS)  ebal 1.6e-09 zbal 1.1e-06  1.09 h, ETA 0.75 h
[2026-08-23 10:26:33] t 10.005 step 1915 dt 5.23e-03  E 0.064927 Z 0.7404 ε 0.000740 max|ω| 71.260 (interp 73.476) ⟨ωSω⟩ 0.8456 (phys 0.8456) kmaxη 2.98 S -1.558 align 0.48/0.54/0.45 zgap 3.12  health PASS (end PASS)  ebal 1.6e-09 zbal 1.1e-06  1.14 h, ETA 0.68 h
[2026-08-23 10:26:34] checkpoint written at t=10.0045
[2026-08-23 10:29:14] t 10.505 step 2009 dt 5.45e-03  E 0.064571 Z 0.6783 ε 0.000678 max|ω| 59.930 (interp 63.449) ⟨ωSω⟩ 0.5972 (phys 0.5972) kmaxη 3.05 S -1.255 align 0.47/0.55/0.45 zgap 2.90  health PASS (end PASS)  ebal 1.6e-09 zbal 1.1e-06  1.18 h, ETA 0.62 h
[2026-08-23 10:31:53] t 11.000 step 2101 dt 5.40e-03  E 0.064246 Z 0.6423 ε 0.000642 max|ω| 54.746 (interp 55.792) ⟨ωSω⟩ 0.5524 (phys 0.5524) kmaxη 3.09 S -1.259 align 0.45/0.57/0.44 zgap 2.65  health PASS (end PASS)  ebal 1.6e-09 zbal 1.1e-06  1.23 h, ETA 0.56 h
[2026-08-23 10:34:59] t 11.503 step 2196 dt 5.71e-03  E 0.063926 Z 0.6292 ε 0.000629 max|ω| 56.006 (interp 56.879) ⟨ωSω⟩ 0.4963 (phys 0.4963) kmaxη 3.11 S -1.167 align 0.45/0.58/0.44 zgap 2.36  health PASS (end PASS)  ebal 1.6e-09 zbal 1.1e-06  1.28 h, ETA 0.50 h
[2026-08-23 10:37:39] t 12.004 step 2285 dt 5.41e-03  E 0.063616 Z 0.6140 ε 0.000614 max|ω| 48.054 (interp 50.490) ⟨ωSω⟩ 0.4725 (phys 0.4725) kmaxη 3.13 S -1.153 align 0.44/0.58/0.43 zgap 2.14  health PASS (end PASS)  ebal 1.6e-09 zbal 1.1e-06  1.32 h, ETA 0.44 h
[2026-08-23 10:37:39] checkpoint written at t=12.0041
[2026-08-23 10:40:28] t 12.504 step 2373 dt 5.57e-03  E 0.063310 Z 0.6051 ε 0.000605 max|ω| 39.780 (interp 44.294) ⟨ωSω⟩ 0.3930 (phys 0.3930) kmaxη 3.14 S -0.980 align 0.43/0.58/0.43 zgap 1.94  health PASS (end PASS)  ebal 1.6e-09 zbal 1.1e-06  1.37 h, ETA 0.38 h
[2026-08-23 10:43:05] t 13.006 step 2459 dt 6.06e-03  E 0.063009 Z 0.5958 ε 0.000596 max|ω| 34.466 (interp 35.526) ⟨ωSω⟩ 0.3278 (phys 0.3278) kmaxη 3.15 S -0.837 align 0.43/0.59/0.42 zgap 1.94  health PASS (end PASS)  ebal 1.6e-09 zbal 1.1e-06  1.42 h, ETA 0.33 h
[2026-08-23 10:45:35] t 13.504 step 2539 dt 6.33e-03  E 0.062716 Z 0.5822 ε 0.000582 max|ω| 32.167 (interp 32.326) ⟨ωSω⟩ 0.2552 (phys 0.2552) kmaxη 3.17 S -0.674 align 0.44/0.59/0.42 zgap 1.87  health PASS (end PASS)  ebal 1.6e-09 zbal 1.1e-06  1.46 h, ETA 0.27 h
[2026-08-23 10:48:31] t 14.004 step 2615 dt 6.61e-03  E 0.062427 Z 0.5780 ε 0.000578 max|ω| 27.988 (interp 28.945) ⟨ωSω⟩ 0.2225 (phys 0.2225) kmaxη 3.17 S -0.594 align 0.45/0.59/0.42 zgap 1.84  health PASS (end PASS)  ebal 1.6e-09 zbal 1.1e-06  1.51 h, ETA 0.21 h
[2026-08-23 10:48:31] checkpoint written at t=14.0036
[2026-08-23 10:51:02] t 14.506 step 2689 dt 6.94e-03  E 0.062136 Z 0.5776 ε 0.000578 max|ω| 24.163 (interp 25.811) ⟨ωSω⟩ 0.1959 (phys 0.1959) kmaxη 3.18 S -0.524 align 0.47/0.59/0.41 zgap 1.67  health PASS (end PASS)  ebal 1.6e-09 zbal 1.1e-06  1.55 h, ETA 0.16 h
[2026-08-23 10:53:41] t 15.004 step 2763 dt 6.57e-03  E 0.061848 Z 0.5833 ε 0.000583 max|ω| 22.725 (interp 24.230) ⟨ωSω⟩ 0.1907 (phys 0.1907) kmaxη 3.17 S -0.502 align 0.48/0.59/0.40 zgap 1.52  health PASS (end PASS)  ebal 1.6e-09 zbal 1.1e-06  1.59 h, ETA 0.11 h
[2026-08-23 10:56:14] t 15.503 step 2841 dt 6.33e-03  E 0.061554 Z 0.5955 ε 0.000596 max|ω| 23.337 (interp 23.787) ⟨ωSω⟩ 0.1991 (phys 0.1991) kmaxη 3.15 S -0.509 align 0.49/0.58/0.40 zgap 1.45  health PASS (end PASS)  ebal 1.6e-09 zbal 1.1e-06  1.63 h, ETA 0.05 h
[2026-08-23 10:58:53] t 16.002 step 2919 dt 6.48e-03  E 0.061252 Z 0.6157 ε 0.000616 max|ω| 19.280 (interp 19.540) ⟨ωSω⟩ 0.2087 (phys 0.2087) kmaxη 3.13 S -0.507 align 0.50/0.58/0.39 zgap 1.45  health PASS (end PASS)  ebal 1.6e-09 zbal 1.1e-06  1.68 h, ETA -0.00 h
[2026-08-23 10:58:53] checkpoint written at t=16.0019
[2026-08-23 10:58:53] DONE: ε_max 0.000808 at t 8.756; max|ω| peak 109.358 at t 8.767; interpolated peak 115.908 at t 8.740; E(16) 0.061252; health PASS; 1.68 h
