[2026-08-24 21:52:27] NSLab GPU 0.1.2 (app 0.5.1) — tubes N=288³ Re=1000 tEnd=16.0 cfl=0.4 dt=adaptive snap=0.5 ckpt=2.0  device NVIDIA GeForce RTX 3060 Laptop GPU  float32
[2026-08-24 21:52:28] solver ready in 1.0 s, device memory 4.77 GB, kc 96, E0 0.07031047344207764, Z0 0.4002702236175537
[2026-08-24 21:52:32] t 0.000 step 0 dt 0.00e+00  E 0.070310 Z 0.4003 ε 0.000801 max|ω| 8.035 (interp 8.037) ⟨ωSω⟩ -0.0000 (phys 0.0000) kmaxη 5.56 S 0.000 align 0.45/0.53/0.45 zgap 5.08  health FAIL (end FAIL)  ebal 0.0e+00 zbal 0.0e+00  0.00 h, ETA 1274.08 h
[2026-08-24 21:53:47] t 0.504 step 113 dt 4.73e-03  E 0.069909 Z 0.3954 ε 0.000791 max|ω| 7.919 (interp 7.920) ⟨ωSω⟩ 0.0029 (phys 0.0029) kmaxη 5.58 S -0.014 align 0.52/0.52/0.37 zgap 4.89  health FAIL (end FAIL)  ebal 2.3e-07 zbal 2.0e-07  0.02 h, ETA 0.68 h
[2026-08-24 21:54:55] t 1.004 step 213 dt 5.21e-03  E 0.069515 Z 0.3951 ε 0.000790 max|ω| 7.913 (interp 7.923) ⟨ωSω⟩ 0.0217 (phys 0.0217) kmaxη 5.58 S -0.102 align 0.56/0.51/0.33 zgap 4.54  health FAIL (end FAIL)  ebal 2.7e-07 zbal 2.0e-07  0.04 h, ETA 0.61 h
[2026-08-24 21:55:58] t 1.503 step 308 dt 5.23e-03  E 0.069117 Z 0.4034 ε 0.000807 max|ω| 8.087 (interp 8.092) ⟨ωSω⟩ 0.0395 (phys 0.0395) kmaxη 5.55 S -0.181 align 0.59/0.49/0.31 zgap 4.23  health FAIL (end FAIL)  ebal 2.7e-07 zbal 2.1e-07  0.06 h, ETA 0.56 h
[2026-08-24 21:57:07] t 2.004 step 405 dt 5.10e-03  E 0.068708 Z 0.4149 ε 0.000830 max|ω| 8.197 (interp 8.209) ⟨ωSω⟩ 0.0472 (phys 0.0472) kmaxη 5.51 S -0.208 align 0.61/0.48/0.30 zgap 3.99  health FAIL (end FAIL)  ebal 2.7e-07 zbal 2.1e-07  0.08 h, ETA 0.54 h
[2026-08-24 21:57:08] checkpoint written at t=2.0035
[2026-08-24 21:58:16] t 2.505 step 504 dt 5.04e-03  E 0.068287 Z 0.4240 ε 0.000848 max|ω| 8.429 (interp 8.434) ⟨ωSω⟩ 0.0482 (phys 0.0482) kmaxη 5.48 S -0.205 align 0.62/0.47/0.31 zgap 3.82  health FAIL (end FAIL)  ebal 2.7e-07 zbal 2.1e-07  0.10 h, ETA 0.52 h
[2026-08-24 21:59:26] t 3.002 step 603 dt 5.02e-03  E 0.067862 Z 0.4300 ε 0.000860 max|ω| 8.817 (interp 8.831) ⟨ωSω⟩ 0.0501 (phys 0.0501) kmaxη 5.46 S -0.209 align 0.62/0.46/0.32 zgap 3.77  health FAIL (end FAIL)  ebal 2.9e-07 zbal 2.2e-07  0.12 h, ETA 0.50 h
[2026-08-24 22:00:33] t 3.503 step 703 dt 4.99e-03  E 0.067429 Z 0.4335 ε 0.000867 max|ω| 8.796 (interp 8.799) ⟨ωSω⟩ 0.0509 (phys 0.0509) kmaxη 5.45 S -0.209 align 0.62/0.45/0.34 zgap 3.67  health FAIL (end FAIL)  ebal 2.9e-07 zbal 2.2e-07  0.13 h, ETA 0.48 h
[2026-08-24 22:01:40] t 4.003 step 804 dt 4.93e-03  E 0.066995 Z 0.4343 ε 0.000869 max|ω| 8.291 (interp 8.295) ⟨ωSω⟩ 0.0494 (phys 0.0494) kmaxη 5.45 S -0.203 align 0.62/0.45/0.35 zgap 3.58  health FAIL (end FAIL)  ebal 2.9e-07 zbal 2.2e-07  0.15 h, ETA 0.46 h
[2026-08-24 22:01:40] checkpoint written at t=4.0035
[2026-08-24 22:02:46] t 4.503 step 906 dt 4.86e-03  E 0.066562 Z 0.4331 ε 0.000866 max|ω| 8.049 (interp 8.061) ⟨ωSω⟩ 0.0493 (phys 0.0493) kmaxη 5.45 S -0.203 align 0.62/0.44/0.37 zgap 3.49  health FAIL (end FAIL)  ebal 3.0e-07 zbal 2.2e-07  0.17 h, ETA 0.44 h
[2026-08-24 22:03:56] t 5.003 step 1010 dt 4.76e-03  E 0.066129 Z 0.4318 ε 0.000864 max|ω| 7.998 (interp 8.009) ⟨ωSω⟩ 0.0502 (phys 0.0502) kmaxη 5.45 S -0.208 align 0.62/0.44/0.38 zgap 3.40  health FAIL (end FAIL)  ebal 3.0e-07 zbal 2.2e-07  0.19 h, ETA 0.42 h
[2026-08-24 22:05:05] t 5.504 step 1116 dt 4.69e-03  E 0.065697 Z 0.4313 ε 0.000863 max|ω| 8.161 (interp 8.164) ⟨ωSω⟩ 0.0516 (phys 0.0516) kmaxη 5.46 S -0.214 align 0.61/0.44/0.39 zgap 3.29  health FAIL (end FAIL)  ebal 3.0e-07 zbal 2.4e-07  0.21 h, ETA 0.40 h
[2026-08-24 22:06:15] t 6.003 step 1223 dt 4.64e-03  E 0.065266 Z 0.4321 ε 0.000864 max|ω| 8.429 (interp 8.430) ⟨ωSω⟩ 0.0544 (phys 0.0544) kmaxη 5.45 S -0.225 align 0.60/0.44/0.40 zgap 3.19  health FAIL (end FAIL)  ebal 3.0e-07 zbal 2.4e-07  0.23 h, ETA 0.38 h
[2026-08-24 22:06:15] checkpoint written at t=6.0026
[2026-08-24 22:07:26] t 6.500 step 1331 dt 4.56e-03  E 0.064835 Z 0.4355 ε 0.000871 max|ω| 8.941 (interp 8.941) ⟨ωSω⟩ 0.0612 (phys 0.0612) kmaxη 5.44 S -0.250 align 0.58/0.45/0.41 zgap 3.10  health FAIL (end FAIL)  ebal 3.0e-07 zbal 2.4e-07  0.25 h, ETA 0.36 h
[2026-08-24 22:08:59] t 7.002 step 1443 dt 4.39e-03  E 0.064394 Z 0.4438 ε 0.000888 max|ω| 11.767 (interp 11.806) ⟨ωSω⟩ 0.0757 (phys 0.0757) kmaxη 5.42 S -0.301 align 0.57/0.46/0.41 zgap 2.99  health FAIL (end FAIL)  ebal 3.0e-07 zbal 2.4e-07  0.28 h, ETA 0.35 h
[2026-08-24 22:10:46] t 7.502 step 1559 dt 4.27e-03  E 0.063942 Z 0.4612 ε 0.000922 max|ω| 17.078 (interp 17.086) ⟨ωSω⟩ 0.1123 (phys 0.1123) kmaxη 5.37 S -0.421 align 0.56/0.47/0.42 zgap 2.88  health FAIL (end FAIL)  ebal 3.0e-07 zbal 2.7e-07  0.31 h, ETA 0.35 h
[2026-08-24 22:12:30] t 8.003 step 1674 dt 4.49e-03  E 0.063466 Z 0.4930 ε 0.000986 max|ω| 26.884 (interp 26.975) ⟨ωSω⟩ 0.2063 (phys 0.2063) kmaxη 5.28 S -0.700 align 0.55/0.47/0.42 zgap 2.79  health FAIL (end FAIL)  ebal 3.0e-07 zbal 2.7e-07  0.33 h, ETA 0.33 h
[2026-08-24 22:12:30] checkpoint written at t=8.0032
[2026-08-24 22:13:58] t 8.503 step 1781 dt 4.89e-03  E 0.062953 Z 0.5326 ε 0.001065 max|ω| 35.822 (interp 36.203) ⟨ωSω⟩ 0.3914 (phys 0.3914) kmaxη 5.18 S -1.182 align 0.54/0.49/0.43 zgap 2.77  health FAIL (end FAIL)  ebal 3.0e-07 zbal 2.7e-07  0.36 h, ETA 0.32 h
[2026-08-24 22:15:23] t 9.003 step 1878 dt 5.43e-03  E 0.062404 Z 0.5545 ε 0.001109 max|ω| 54.201 (interp 54.536) ⟨ωSω⟩ 0.5128 (phys 0.5128) kmaxη 5.12 S -1.458 align 0.52/0.50/0.43 zgap 3.23  health FAIL (end FAIL)  ebal 3.0e-07 zbal 2.9e-07  0.38 h, ETA 0.30 h
[2026-08-24 22:16:21] t 9.504 step 1967 dt 5.73e-03  E 0.061864 Z 0.5138 ε 0.001028 max|ω| 45.964 (interp 48.401) ⟨ωSω⟩ 0.3832 (phys 0.3832) kmaxη 5.22 S -1.221 align 0.51/0.52/0.43 zgap 2.88  health FAIL (end FAIL)  ebal 3.0e-07 zbal 2.9e-07  0.40 h, ETA 0.27 h
[2026-08-24 22:17:18] t 10.005 step 2056 dt 5.50e-03  E 0.061383 Z 0.4556 ε 0.000911 max|ω| 35.190 (interp 35.558) ⟨ωSω⟩ 0.2464 (phys 0.2464) kmaxη 5.38 S -0.940 align 0.49/0.55/0.42 zgap 2.57  health FAIL (end FAIL)  ebal 3.0e-07 zbal 2.9e-07  0.41 h, ETA 0.25 h
[2026-08-24 22:17:19] checkpoint written at t=10.0047
[2026-08-24 22:18:18] t 10.501 step 2146 dt 5.54e-03  E 0.060943 Z 0.4302 ε 0.000860 max|ω| 35.705 (interp 35.765) ⟨ωSω⟩ 0.2354 (phys 0.2354) kmaxη 5.46 S -0.979 align 0.48/0.57/0.42 zgap 2.38  health FAIL (end FAIL)  ebal 3.0e-07 zbal 2.9e-07  0.43 h, ETA 0.23 h
[2026-08-24 22:19:18] t 11.005 step 2239 dt 5.39e-03  E 0.060524 Z 0.4038 ε 0.000808 max|ω| 41.678 (interp 41.801) ⟨ωSω⟩ 0.1615 (phys 0.1615) kmaxη 5.55 S -0.739 align 0.46/0.58/0.42 zgap 2.42  health FAIL (end FAIL)  ebal 3.0e-07 zbal 2.9e-07  0.45 h, ETA 0.20 h
[2026-08-24 22:20:14] t 11.506 step 2327 dt 5.85e-03  E 0.060129 Z 0.3850 ε 0.000770 max|ω| 27.587 (interp 27.799) ⟨ωSω⟩ 0.1247 (phys 0.1247) kmaxη 5.61 S -0.613 align 0.45/0.59/0.42 zgap 2.25  health FAIL (end FAIL)  ebal 3.0e-07 zbal 2.9e-07  0.46 h, ETA 0.18 h
[2026-08-24 22:21:09] t 12.006 step 2412 dt 5.95e-03  E 0.059749 Z 0.3767 ε 0.000753 max|ω| 23.010 (interp 23.525) ⟨ωSω⟩ 0.1107 (phys 0.1107) kmaxη 5.64 S -0.562 align 0.43/0.60/0.41 zgap 2.01  health FAIL (end FAIL)  ebal 3.0e-07 zbal 2.9e-07  0.48 h, ETA 0.16 h
[2026-08-24 22:21:10] checkpoint written at t=12.0058
[2026-08-24 22:22:04] t 12.505 step 2495 dt 6.03e-03  E 0.059374 Z 0.3752 ε 0.000750 max|ω| 17.428 (interp 17.602) ⟨ωSω⟩ 0.1089 (phys 0.1089) kmaxη 5.65 S -0.556 align 0.43/0.60/0.41 zgap 2.07  health FAIL (end FAIL)  ebal 3.0e-07 zbal 2.9e-07  0.49 h, ETA 0.14 h
[2026-08-24 22:22:57] t 13.004 step 2577 dt 6.12e-03  E 0.058999 Z 0.3759 ε 0.000752 max|ω| 15.996 (interp 16.139) ⟨ωSω⟩ 0.1059 (phys 0.1059) kmaxη 5.65 S -0.539 align 0.42/0.60/0.41 zgap 2.29  health FAIL (end FAIL)  ebal 3.0e-07 zbal 2.9e-07  0.51 h, ETA 0.12 h
[2026-08-24 22:23:50] t 13.501 step 2657 dt 6.34e-03  E 0.058625 Z 0.3778 ε 0.000756 max|ω| 15.025 (interp 15.112) ⟨ωSω⟩ 0.1037 (phys 0.1037) kmaxη 5.64 S -0.524 align 0.43/0.60/0.40 zgap 2.40  health FAIL (end FAIL)  ebal 3.0e-07 zbal 2.9e-07  0.52 h, ETA 0.10 h
[2026-08-24 22:24:41] t 14.004 step 2736 dt 6.37e-03  E 0.058243 Z 0.3820 ε 0.000764 max|ω| 14.288 (interp 14.297) ⟨ωSω⟩ 0.1004 (phys 0.1004) kmaxη 5.62 S -0.499 align 0.44/0.60/0.40 zgap 2.49  health FAIL (end FAIL)  ebal 3.0e-07 zbal 2.9e-07  0.54 h, ETA 0.08 h
[2026-08-24 22:24:42] checkpoint written at t=14.0039
[2026-08-24 22:25:33] t 14.504 step 2813 dt 6.51e-03  E 0.057858 Z 0.3878 ε 0.000776 max|ω| 13.516 (interp 13.595) ⟨ωSω⟩ 0.0957 (phys 0.0957) kmaxη 5.60 S -0.465 align 0.46/0.60/0.40 zgap 2.40  health FAIL (end FAIL)  ebal 3.0e-07 zbal 2.9e-07  0.55 h, ETA 0.06 h
[2026-08-24 22:26:24] t 15.002 step 2889 dt 6.62e-03  E 0.057468 Z 0.3950 ε 0.000790 max|ω| 12.675 (interp 12.724) ⟨ωSω⟩ 0.0939 (phys 0.0939) kmaxη 5.58 S -0.444 align 0.47/0.60/0.39 zgap 2.23  health FAIL (end FAIL)  ebal 3.0e-07 zbal 2.9e-07  0.57 h, ETA 0.04 h
[2026-08-24 22:27:18] t 15.501 step 2964 dt 6.58e-03  E 0.057070 Z 0.4035 ε 0.000807 max|ω| 13.004 (interp 13.058) ⟨ωSω⟩ 0.0914 (phys 0.0914) kmaxη 5.55 S -0.418 align 0.48/0.60/0.38 zgap 2.16  health FAIL (end FAIL)  ebal 3.0e-07 zbal 2.9e-07  0.58 h, ETA 0.02 h
[2026-08-24 22:28:11] t 16.001 step 3043 dt 6.13e-03  E 0.056662 Z 0.4126 ε 0.000825 max|ω| 15.871 (interp 15.893) ⟨ωSω⟩ 0.0909 (phys 0.0909) kmaxη 5.52 S -0.403 align 0.49/0.60/0.38 zgap 2.05  health FAIL (end FAIL)  ebal 3.0e-07 zbal 3.2e-07  0.60 h, ETA -0.00 h
[2026-08-24 22:28:12] checkpoint written at t=16.0014
[2026-08-24 22:28:12] DONE: ε_max 0.001112 at t 8.896; max|ω| peak 55.411 at t 9.152; interpolated peak 55.373 at t 9.085; E(16) 0.056662; health FAIL; 0.60 h
