[2026-08-22 21:57:01] NSLab GPU 0.1.0 (app 0.5.0) — tgv N=256³ Re=1600 tEnd=16.0 cfl=0.4 dt=adaptive snap=0.5 ckpt=2.0  device NVIDIA GeForce RTX 3060 Laptop GPU  float64
[2026-08-22 21:57:02] solver ready in 1.4 s, device memory 4.76 GB, kc 85, E0 0.125, Z0 0.375
[2026-08-22 21:57:04] t 0.000 step 0 dt 0.00e+00  E 0.125000 Z 0.3750 ε 0.000469 max|ω| 2.000 ⟨ωSω⟩ -0.0000 (phys 0.0000) kmaxη 3.96 S 0.000 align 0.43/0.60/0.43  health PASS  ebal 0.0e+00 zbal 0.0e+00  0.00 h, ETA 847.57 h
[2026-08-22 21:58:39] t 0.503 step 51 dt 9.94e-03  E 0.124762 Z 0.3843 ε 0.000480 max|ω| 1.878 ⟨ωSω⟩ 0.0406 (phys 0.0406) kmaxη 3.93 S -0.200 align 0.54/0.57/0.32  health PASS  ebal 3.0e-15 zbal 9.2e-14  0.03 h, ETA 0.84 h
[2026-08-22 22:00:05] t 1.007 step 101 dt 1.02e-02  E 0.124512 Z 0.4156 ε 0.000520 max|ω| 1.571 ⟨ωSω⟩ 0.0892 (phys 0.0892) kmaxη 3.85 S -0.391 align 0.60/0.53/0.21  health PASS  ebal 8.3e-15 zbal 2.7e-13  0.05 h, ETA 0.76 h
[2026-08-22 22:01:27] t 1.504 step 149 dt 1.05e-02  E 0.124237 Z 0.4736 ε 0.000592 max|ω| 1.407 ⟨ωSω⟩ 0.1518 (phys 0.1518) kmaxη 3.73 S -0.547 align 0.62/0.49/0.20  health PASS  ebal 2.8e-14 zbal 5.9e-13  0.07 h, ETA 0.71 h
[2026-08-22 22:02:50] t 2.009 step 197 dt 1.05e-02  E 0.123910 Z 0.5682 ε 0.000710 max|ω| 1.871 ⟨ωSω⟩ 0.2364 (phys 0.2364) kmaxη 3.56 S -0.648 align 0.60/0.46/0.24  health PASS  ebal 4.1e-14 zbal 1.1e-12  0.10 h, ETA 0.67 h
[2026-08-22 22:02:50] checkpoint written at t=2.0094
[2026-08-22 22:04:15] t 2.502 step 244 dt 1.05e-02  E 0.123520 Z 0.7055 ε 0.000882 max|ω| 2.548 ⟨ωSω⟩ 0.3467 (phys 0.3467) kmaxη 3.38 S -0.687 align 0.51/0.52/0.30  health PASS  ebal 4.8e-14 zbal 2.1e-12  0.12 h, ETA 0.65 h
[2026-08-22 22:05:42] t 3.003 step 292 dt 1.04e-02  E 0.123021 Z 0.9025 ε 0.001128 max|ω| 3.613 ⟨ωSω⟩ 0.5016 (phys 0.5016) kmaxη 3.18 S -0.687 align 0.42/0.60/0.34  health PASS  ebal 4.8e-14 zbal 4.6e-12  0.14 h, ETA 0.63 h
[2026-08-22 22:07:11] t 3.507 step 341 dt 1.01e-02  E 0.122368 Z 1.1865 ε 0.001483 max|ω| 6.146 ⟨ωSω⟩ 0.7902 (phys 0.7902) kmaxη 2.97 S -0.718 align 0.36/0.66/0.37  health PASS  ebal 1.6e-13 zbal 6.4e-12  0.17 h, ETA 0.60 h
[2026-08-22 22:09:00] t 4.001 step 391 dt 9.75e-03  E 0.121506 Z 1.6546 ε 0.002068 max|ω| 13.809 ⟨ωSω⟩ 1.6625 (phys 1.6625) kmaxη 2.73 S -0.917 align 0.34/0.66/0.41  health PASS  ebal 2.2e-12 zbal 1.6e-10  0.20 h, ETA 0.60 h
[2026-08-22 22:09:01] checkpoint written at t=4.0013
[2026-08-22 22:11:10] t 4.507 step 448 dt 8.01e-03  E 0.120220 Z 2.4617 ε 0.003077 max|ω| 24.208 ⟨ωSω⟩ 3.1544 (phys 3.1544) kmaxη 2.47 S -0.959 align 0.38/0.63/0.43  health PASS  ebal 7.3e-12 zbal 5.5e-10  0.24 h, ETA 0.60 h
[2026-08-22 22:13:29] t 5.005 step 511 dt 8.54e-03  E 0.118414 Z 3.3115 ε 0.004139 max|ω| 20.455 ⟨ωSω⟩ 3.6529 (phys 3.6529) kmaxη 2.29 S -0.711 align 0.40/0.62/0.42  health PASS  ebal 7.3e-12 zbal 7.3e-10  0.27 h, ETA 0.60 h
[2026-08-22 22:15:25] t 5.502 step 565 dt 9.51e-03  E 0.116158 Z 3.9014 ε 0.004877 max|ω| 26.137 ⟨ωSω⟩ 3.6463 (phys 3.6463) kmaxη 2.20 S -0.555 align 0.38/0.65/0.40  health PASS  ebal 7.3e-12 zbal 7.3e-10  0.31 h, ETA 0.59 h
[2026-08-22 22:17:41] t 6.006 step 623 dt 8.15e-03  E 0.113543 Z 4.4345 ε 0.005543 max|ω| 28.005 ⟨ωSω⟩ 4.2620 (phys 4.2620) kmaxη 2.13 S -0.536 align 0.36/0.68/0.39  health PASS  ebal 7.3e-12 zbal 7.3e-10  0.34 h, ETA 0.57 h
[2026-08-22 22:17:42] checkpoint written at t=6.0063
[2026-08-22 22:19:53] t 6.506 step 682 dt 8.47e-03  E 0.110518 Z 5.3195 ε 0.006649 max|ω| 47.527 ⟨ωSω⟩ 6.9667 (phys 6.9667) kmaxη 2.04 S -0.666 align 0.37/0.66/0.39  health PASS  ebal 1.3e-11 zbal 7.3e-10  0.38 h, ETA 0.56 h
[2026-08-22 22:22:12] t 7.006 step 747 dt 7.04e-03  E 0.106974 Z 5.8963 ε 0.007370 max|ω| 36.920 ⟨ωSω⟩ 7.3801 (phys 7.3801) kmaxη 1.99 S -0.605 align 0.39/0.65/0.38  health PASS  ebal 1.8e-11 zbal 7.3e-10  0.42 h, ETA 0.54 h
[2026-08-22 22:24:59] t 7.506 step 819 dt 7.20e-03  E 0.102991 Z 6.9941 ε 0.008743 max|ω| 44.954 ⟨ωSω⟩ 10.7946 (phys 10.7946) kmaxη 1.90 S -0.685 align 0.40/0.65/0.38  health PASS  ebal 4.2e-11 zbal 1.9e-09  0.47 h, ETA 0.53 h
[2026-08-22 22:27:35] t 8.007 step 886 dt 6.73e-03  E 0.098212 Z 8.3526 ε 0.010441 max|ω| 52.397 ⟨ωSω⟩ 14.1893 (phys 14.1893) kmaxη 1.82 S -0.690 align 0.41/0.64/0.38  health PASS  ebal 4.2e-11 zbal 1.9e-09  0.51 h, ETA 0.51 h
[2026-08-22 22:27:38] checkpoint written at t=8.0066
[2026-08-22 22:30:38] t 8.504 step 961 dt 7.18e-03  E 0.092599 Z 9.6547 ε 0.012068 max|ω| 52.120 ⟨ωSω⟩ 17.7225 (phys 17.7225) kmaxη 1.76 S -0.693 align 0.43/0.63/0.37  health WARN  ebal 4.8e-10 zbal 3.7e-08  0.56 h, ETA 0.49 h
[2026-08-22 22:33:41] t 9.006 step 1034 dt 7.22e-03  E 0.086228 Z 10.2637 ε 0.012830 max|ω| 65.672 ⟨ωSω⟩ 19.7998 (phys 19.7998) kmaxη 1.73 S -0.707 align 0.42/0.64/0.37  health WARN  ebal 5.3e-10 zbal 4.1e-08  0.61 h, ETA 0.47 h
[2026-08-22 22:36:03] t 9.502 step 1095 dt 8.68e-03  E 0.080202 Z 9.2810 ε 0.011601 max|ω| 41.249 ⟨ωSω⟩ 15.3180 (phys 15.3180) kmaxη 1.77 S -0.636 align 0.43/0.64/0.37  health WARN  ebal 5.3e-10 zbal 4.1e-08  0.65 h, ETA 0.44 h
[2026-08-22 22:38:05] t 10.002 step 1151 dt 8.93e-03  E 0.074465 Z 9.1726 ε 0.011466 max|ω| 73.112 ⟨ωSω⟩ 15.5331 (phys 15.5331) kmaxη 1.78 S -0.656 align 0.43/0.64/0.36  health WARN  ebal 5.3e-10 zbal 4.1e-08  0.68 h, ETA 0.41 h
[2026-08-22 22:38:07] checkpoint written at t=10.0020
[2026-08-22 22:39:57] t 10.500 step 1201 dt 1.04e-02  E 0.068794 Z 8.8744 ε 0.011093 max|ω| 48.719 ⟨ωSω⟩ 13.3715 (phys 13.3715) kmaxη 1.79 S -0.594 align 0.43/0.65/0.36  health WARN  ebal 5.3e-10 zbal 4.1e-08  0.72 h, ETA 0.37 h
[2026-08-22 22:41:50] t 11.007 step 1252 dt 1.02e-02  E 0.063334 Z 8.4517 ε 0.010565 max|ω| 54.460 ⟨ωSω⟩ 13.4799 (phys 13.4799) kmaxη 1.82 S -0.644 align 0.45/0.65/0.35  health WARN  ebal 5.3e-10 zbal 4.1e-08  0.75 h, ETA 0.34 h
[2026-08-22 22:43:34] t 11.508 step 1301 dt 1.01e-02  E 0.058173 Z 7.9651 ε 0.009956 max|ω| 37.284 ⟨ωSω⟩ 12.1415 (phys 12.1415) kmaxη 1.84 S -0.634 align 0.46/0.65/0.33  health WARN  ebal 5.3e-10 zbal 4.1e-08  0.78 h, ETA 0.30 h
[2026-08-22 22:45:04] t 12.005 step 1348 dt 1.10e-02  E 0.053490 Z 7.0821 ε 0.008853 max|ω| 29.742 ⟨ωSω⟩ 9.6820 (phys 9.6820) kmaxη 1.90 S -0.603 align 0.47/0.65/0.32  health WARN  ebal 5.3e-10 zbal 4.1e-08  0.80 h, ETA 0.27 h
[2026-08-22 22:45:04] checkpoint written at t=12.0048
[2026-08-22 22:46:28] t 12.503 step 1394 dt 1.05e-02  E 0.049388 Z 6.0544 ε 0.007568 max|ω| 33.025 ⟨ωSω⟩ 7.3906 (phys 7.3906) kmaxη 1.97 S -0.582 align 0.48/0.65/0.32  health WARN  ebal 5.3e-10 zbal 4.1e-08  0.82 h, ETA 0.23 h
[2026-08-22 22:47:50] t 13.011 step 1438 dt 1.12e-02  E 0.045873 Z 5.1048 ε 0.006381 max|ω| 32.064 ⟨ωSω⟩ 5.8329 (phys 5.8329) kmaxη 2.06 S -0.594 align 0.48/0.64/0.32  health PASS  ebal 5.3e-10 zbal 4.1e-08  0.85 h, ETA 0.19 h
[2026-08-22 22:49:08] t 13.509 step 1479 dt 1.30e-02  E 0.042876 Z 4.5485 ε 0.005686 max|ω| 27.872 ⟨ωSω⟩ 4.8242 (phys 4.8242) kmaxη 2.12 S -0.584 align 0.48/0.64/0.33  health PASS  ebal 5.3e-10 zbal 4.1e-08  0.87 h, ETA 0.16 h
[2026-08-22 22:50:22] t 14.010 step 1515 dt 1.43e-02  E 0.040177 Z 4.0731 ε 0.005091 max|ω| 21.729 ⟨ωSω⟩ 4.0224 (phys 4.0224) kmaxη 2.18 S -0.574 align 0.48/0.63/0.34  health PASS  ebal 5.3e-10 zbal 4.1e-08  0.89 h, ETA 0.13 h
[2026-08-22 22:50:23] checkpoint written at t=14.0101
[2026-08-22 22:51:39] t 14.510 step 1551 dt 1.36e-02  E 0.037776 Z 3.6225 ε 0.004528 max|ω| 22.022 ⟨ωSω⟩ 3.3801 (phys 3.3801) kmaxη 2.24 S -0.575 align 0.48/0.63/0.34  health PASS  ebal 5.3e-10 zbal 4.1e-08  0.91 h, ETA 0.09 h
[2026-08-22 22:52:54] t 15.015 step 1586 dt 1.55e-02  E 0.035603 Z 3.2779 ε 0.004097 max|ω| 22.494 ⟨ωSω⟩ 3.0092 (phys 3.0092) kmaxη 2.30 S -0.595 align 0.48/0.64/0.34  health PASS  ebal 5.3e-10 zbal 4.1e-08  0.93 h, ETA 0.06 h
[2026-08-22 22:54:05] t 15.511 step 1619 dt 1.46e-02  E 0.033669 Z 2.9736 ε 0.003717 max|ω| 19.892 ⟨ωSω⟩ 2.5423 (phys 2.5423) kmaxη 2.36 S -0.582 align 0.47/0.64/0.33  health PASS  ebal 5.3e-10 zbal 4.1e-08  0.95 h, ETA 0.03 h
[2026-08-22 22:55:20] t 16.008 step 1654 dt 1.39e-02  E 0.031902 Z 2.7276 ε 0.003409 max|ω| 17.793 ⟨ωSω⟩ 2.1794 (phys 2.1794) kmaxη 2.41 S -0.568 align 0.48/0.64/0.33  health PASS  ebal 5.3e-10 zbal 4.1e-08  0.97 h, ETA -0.00 h
[2026-08-22 22:55:20] checkpoint written at t=16.0076
[2026-08-22 22:55:20] DONE: ε_max 0.012914 at t 8.881; max|ω| peak 74.283 at t 10.074; E(16) 0.031902; health PASS; 0.97 h
