[2026-08-25 17:31:28] NSLab GPU 0.1.2 (app 0.5.1) — tubes N=640³ Re=2000 tEnd=16.0 cfl=0.4 dt=adaptive snap=0.5 ckpt=2.0  device NVIDIA A100-SXM4-80GB  float32
[2026-08-25 17:31:28] solver ready in 1.0 s, device memory 40.67 GB, kc 213, E0 0.07031046599149704, Z0 0.40027016401290894
[2026-08-25 17:31:33] t 0.000 step 0 dt 0.00e+00  E 0.070310 Z 0.4003 ε 0.000400 max|ω| 8.036 (interp 8.037) ⟨ωSω⟩ -0.0000 (phys 0.0000) kmaxη 8.72 S 0.000 align 0.45/0.53/0.45 zgap 5.06  health WARN (end WARN)  ebal 0.0e+00 zbal 0.0e+00  0.00 h, ETA 1581.13 h
[2026-08-25 17:36:12] t 0.502 step 250 dt 2.13e-03  E 0.070110 Z 0.3981 ε 0.000398 max|ω| 7.971 (interp 7.972) ⟨ωSω⟩ 0.0030 (phys 0.0030) kmaxη 8.73 S -0.014 align 0.52/0.52/0.37 zgap 4.90  health FAIL (end FAIL)  ebal 2.8e-07 zbal 2.3e-07  0.08 h, ETA 2.44 h
[2026-08-25 17:40:21] t 1.002 step 473 dt 2.33e-03  E 0.069911 Z 0.4009 ε 0.000401 max|ω| 8.032 (interp 8.032) ⟨ωSω⟩ 0.0229 (phys 0.0229) kmaxη 8.72 S -0.106 align 0.56/0.51/0.33 zgap 4.55  health FAIL (end FAIL)  ebal 3.0e-07 zbal 2.3e-07  0.15 h, ETA 2.22 h
[2026-08-25 17:44:22] t 1.502 step 686 dt 2.33e-03  E 0.069707 Z 0.4137 ε 0.000414 max|ω| 8.270 (interp 8.272) ⟨ωSω⟩ 0.0431 (phys 0.0431) kmaxη 8.65 S -0.190 align 0.59/0.49/0.31 zgap 4.22  health FAIL (end FAIL)  ebal 3.0e-07 zbal 2.4e-07  0.22 h, ETA 2.08 h
[2026-08-25 17:48:28] t 2.001 step 903 dt 2.27e-03  E 0.069497 Z 0.4318 ε 0.000432 max|ω| 8.443 (interp 8.443) ⟨ωSω⟩ 0.0535 (phys 0.0535) kmaxη 8.56 S -0.221 align 0.61/0.48/0.30 zgap 3.97  health FAIL (end FAIL)  ebal 3.0e-07 zbal 2.4e-07  0.28 h, ETA 1.98 h
[2026-08-25 17:48:34] checkpoint written at t=2.0009
[2026-08-25 17:52:48] t 2.500 step 1125 dt 2.24e-03  E 0.069276 Z 0.4495 ε 0.000449 max|ω| 8.793 (interp 8.794) ⟨ωSω⟩ 0.0579 (phys 0.0579) kmaxη 8.47 S -0.225 align 0.62/0.47/0.31 zgap 3.84  health FAIL (end FAIL)  ebal 3.0e-07 zbal 2.4e-07  0.36 h, ETA 1.92 h
[2026-08-25 17:57:07] t 3.001 step 1349 dt 2.23e-03  E 0.069048 Z 0.4655 ε 0.000465 max|ω| 9.274 (interp 9.276) ⟨ωSω⟩ 0.0634 (phys 0.0634) kmaxη 8.40 S -0.234 align 0.62/0.46/0.32 zgap 3.80  health FAIL (end FAIL)  ebal 3.0e-07 zbal 2.4e-07  0.43 h, ETA 1.85 h
[2026-08-25 18:01:19] t 3.502 step 1575 dt 2.21e-03  E 0.068811 Z 0.4795 ε 0.000480 max|ω| 9.103 (interp 9.103) ⟨ωSω⟩ 0.0673 (phys 0.0673) kmaxη 8.34 S -0.238 align 0.63/0.45/0.34 zgap 3.68  health FAIL (end FAIL)  ebal 3.0e-07 zbal 2.4e-07  0.50 h, ETA 1.78 h
[2026-08-25 18:05:32] t 4.002 step 1803 dt 2.18e-03  E 0.068568 Z 0.4901 ε 0.000490 max|ω| 8.738 (interp 8.738) ⟨ωSω⟩ 0.0682 (phys 0.0682) kmaxη 8.29 S -0.233 align 0.63/0.44/0.36 zgap 3.58  health FAIL (end FAIL)  ebal 3.0e-07 zbal 2.4e-07  0.57 h, ETA 1.70 h
[2026-08-25 18:05:37] checkpoint written at t=4.0019
[2026-08-25 18:09:56] t 4.502 step 2035 dt 2.13e-03  E 0.068321 Z 0.4974 ε 0.000497 max|ω| 8.686 (interp 8.686) ⟨ωSω⟩ 0.0707 (phys 0.0707) kmaxη 8.26 S -0.237 align 0.63/0.44/0.37 zgap 3.51  health FAIL (end FAIL)  ebal 3.0e-07 zbal 2.4e-07  0.64 h, ETA 1.64 h
[2026-08-25 18:14:19] t 5.001 step 2272 dt 2.08e-03  E 0.068072 Z 0.5028 ε 0.000503 max|ω| 8.762 (interp 8.765) ⟨ωSω⟩ 0.0733 (phys 0.0733) kmaxη 8.24 S -0.241 align 0.62/0.43/0.39 zgap 3.44  health FAIL (end FAIL)  ebal 3.0e-07 zbal 2.4e-07  0.71 h, ETA 1.57 h
[2026-08-25 18:18:48] t 5.501 step 2515 dt 2.04e-03  E 0.067819 Z 0.5073 ε 0.000507 max|ω| 9.172 (interp 9.172) ⟨ωSω⟩ 0.0754 (phys 0.0754) kmaxη 8.22 S -0.245 align 0.61/0.43/0.40 zgap 3.29  health FAIL (end FAIL)  ebal 3.3e-07 zbal 2.4e-07  0.79 h, ETA 1.51 h
[2026-08-25 18:23:23] t 6.001 step 2762 dt 2.01e-03  E 0.067564 Z 0.5123 ε 0.000512 max|ω| 9.481 (interp 9.483) ⟨ωSω⟩ 0.0806 (phys 0.0806) kmaxη 8.20 S -0.258 align 0.60/0.44/0.41 zgap 3.20  health FAIL (end FAIL)  ebal 3.3e-07 zbal 2.9e-07  0.87 h, ETA 1.44 h
[2026-08-25 18:23:28] checkpoint written at t=6.0011
[2026-08-25 18:28:27] t 6.500 step 3015 dt 1.93e-03  E 0.067306 Z 0.5206 ε 0.000521 max|ω| 11.005 (interp 11.009) ⟨ωSω⟩ 0.0912 (phys 0.0912) kmaxη 8.17 S -0.285 align 0.59/0.45/0.41 zgap 3.07  health FAIL (end FAIL)  ebal 3.3e-07 zbal 3.0e-07  0.95 h, ETA 1.39 h
[2026-08-25 18:34:02] t 7.001 step 3282 dt 1.82e-03  E 0.067042 Z 0.5369 ε 0.000537 max|ω| 15.164 (interp 15.186) ⟨ωSω⟩ 0.1173 (phys 0.1173) kmaxη 8.10 S -0.350 align 0.58/0.46/0.42 zgap 2.95  health FAIL (end FAIL)  ebal 3.6e-07 zbal 3.0e-07  1.04 h, ETA 1.34 h
[2026-08-25 18:40:10] t 7.501 step 3561 dt 1.78e-03  E 0.066766 Z 0.5749 ε 0.000575 max|ω| 26.787 (interp 26.978) ⟨ωSω⟩ 0.2118 (phys 0.2118) kmaxη 7.97 S -0.570 align 0.57/0.47/0.42 zgap 2.85  health FAIL (end FAIL)  ebal 3.6e-07 zbal 3.0e-07  1.15 h, ETA 1.30 h
[2026-08-25 18:46:17] t 8.001 step 3834 dt 1.91e-03  E 0.066458 Z 0.6635 ε 0.000663 max|ω| 50.789 (interp 51.008) ⟨ωSω⟩ 0.5617 (phys 0.5617) kmaxη 7.69 S -1.220 align 0.55/0.47/0.43 zgap 2.76  health FAIL (end FAIL)  ebal 3.6e-07 zbal 3.0e-07  1.25 h, ETA 1.25 h
[2026-08-25 18:46:22] checkpoint written at t=8.0008
[2026-08-25 18:52:07] t 8.500 step 4081 dt 2.14e-03  E 0.066094 Z 0.7937 ε 0.000794 max|ω| 134.164 (interp 134.889) ⟨ωSω⟩ 1.3188 (phys 1.3188) kmaxη 7.35 S -2.189 align 0.54/0.48/0.43 zgap 3.34  health FAIL (end FAIL)  ebal 3.6e-07 zbal 3.0e-07  1.34 h, ETA 1.19 h
[2026-08-25 18:56:23] t 9.002 step 4305 dt 2.29e-03  E 0.065694 Z 0.7661 ε 0.000766 max|ω| 73.678 (interp 75.996) ⟨ωSω⟩ 0.9611 (phys 0.9611) kmaxη 7.41 S -1.682 align 0.53/0.50/0.43 zgap 3.05  health FAIL (end FAIL)  ebal 3.6e-07 zbal 3.0e-07  1.42 h, ETA 1.10 h
[2026-08-25 19:00:37] t 9.501 step 4535 dt 2.13e-03  E 0.065322 Z 0.7524 ε 0.000752 max|ω| 100.639 (interp 103.066) ⟨ωSω⟩ 1.1848 (phys 1.1848) kmaxη 7.45 S -2.131 align 0.51/0.52/0.43 zgap 3.22  health FAIL (end FAIL)  ebal 3.6e-07 zbal 3.0e-07  1.49 h, ETA 1.02 h
[2026-08-25 19:05:06] t 10.001 step 4776 dt 1.91e-03  E 0.064949 Z 0.7213 ε 0.000721 max|ω| 115.889 (interp 118.447) ⟨ωSω⟩ 1.0483 (phys 1.0483) kmaxη 7.53 S -2.008 align 0.49/0.55/0.43 zgap 3.06  health FAIL (end FAIL)  ebal 3.6e-07 zbal 3.0e-07  1.56 h, ETA 0.94 h
[2026-08-25 19:05:11] checkpoint written at t=10.0008
[2026-08-25 19:10:32] t 10.501 step 5060 dt 1.87e-03  E 0.064597 Z 0.6802 ε 0.000680 max|ω| 103.409 (interp 104.247) ⟨ωSω⟩ 0.8290 (phys 0.8290) kmaxη 7.64 S -1.735 align 0.48/0.57/0.43 zgap 2.93  health FAIL (end FAIL)  ebal 3.6e-07 zbal 3.0e-07  1.65 h, ETA 0.86 h
[2026-08-25 19:14:47] t 11.001 step 5291 dt 2.30e-03  E 0.064274 Z 0.6193 ε 0.000619 max|ω| 70.601 (interp 73.287) ⟨ωSω⟩ 0.5302 (phys 0.5302) kmaxη 7.82 S -1.277 align 0.46/0.58/0.42 zgap 2.57  health FAIL (end FAIL)  ebal 3.6e-07 zbal 3.0e-07  1.72 h, ETA 0.78 h
[2026-08-25 19:18:58] t 11.501 step 5516 dt 2.15e-03  E 0.063971 Z 0.5966 ε 0.000597 max|ω| 63.183 (interp 63.903) ⟨ωSω⟩ 0.4779 (phys 0.4779) kmaxη 7.89 S -1.217 align 0.45/0.59/0.42 zgap 2.17  health FAIL (end FAIL)  ebal 3.6e-07 zbal 3.0e-07  1.79 h, ETA 0.70 h
[2026-08-25 19:23:13] t 12.001 step 5748 dt 2.13e-03  E 0.063675 Z 0.5874 ε 0.000587 max|ω| 52.594 (interp 53.114) ⟨ωSω⟩ 0.4357 (phys 0.4357) kmaxη 7.92 S -1.136 align 0.44/0.59/0.42 zgap 1.98  health FAIL (end FAIL)  ebal 3.6e-07 zbal 3.0e-07  1.86 h, ETA 0.62 h
[2026-08-25 19:23:18] checkpoint written at t=12.0014
[2026-08-25 19:27:19] t 12.501 step 5966 dt 2.49e-03  E 0.063383 Z 0.5848 ε 0.000585 max|ω| 42.065 (interp 42.296) ⟨ωSω⟩ 0.3903 (phys 0.3903) kmaxη 7.93 S -1.024 align 0.44/0.59/0.41 zgap 1.88  health FAIL (end FAIL)  ebal 3.6e-07 zbal 3.0e-07  1.93 h, ETA 0.54 h
[2026-08-25 19:31:01] t 13.001 step 6167 dt 2.58e-03  E 0.063091 Z 0.5787 ε 0.000579 max|ω| 33.321 (interp 33.384) ⟨ωSω⟩ 0.2983 (phys 0.2983) kmaxη 7.95 S -0.795 align 0.44/0.60/0.41 zgap 1.90  health FAIL (end FAIL)  ebal 3.6e-07 zbal 3.0e-07  1.99 h, ETA 0.46 h
[2026-08-25 19:34:39] t 13.502 step 6364 dt 2.50e-03  E 0.062804 Z 0.5704 ε 0.000570 max|ω| 29.933 (interp 29.953) ⟨ωSω⟩ 0.2394 (phys 0.2394) kmaxη 7.98 S -0.652 align 0.45/0.59/0.41 zgap 1.86  health FAIL (end FAIL)  ebal 3.6e-07 zbal 3.0e-07  2.05 h, ETA 0.38 h
[2026-08-25 19:38:12] t 14.000 step 6554 dt 2.64e-03  E 0.062521 Z 0.5674 ε 0.000567 max|ω| 27.037 (interp 27.059) ⟨ωSω⟩ 0.2027 (phys 0.2027) kmaxη 7.99 S -0.557 align 0.46/0.59/0.40 zgap 1.81  health FAIL (end FAIL)  ebal 3.6e-07 zbal 3.0e-07  2.11 h, ETA 0.30 h
[2026-08-25 19:38:17] checkpoint written at t=14.0002
[2026-08-25 19:41:42] t 14.502 step 6738 dt 2.77e-03  E 0.062236 Z 0.5691 ε 0.000569 max|ω| 24.192 (interp 24.208) ⟨ωSω⟩ 0.1818 (phys 0.1818) kmaxη 7.99 S -0.497 align 0.47/0.59/0.39 zgap 1.65  health FAIL (end FAIL)  ebal 3.6e-07 zbal 3.0e-07  2.17 h, ETA 0.22 h
[2026-08-25 19:45:11] t 15.002 step 6925 dt 2.60e-03  E 0.061950 Z 0.5762 ε 0.000576 max|ω| 23.116 (interp 23.174) ⟨ωSω⟩ 0.1760 (phys 0.1760) kmaxη 7.96 S -0.472 align 0.48/0.59/0.39 zgap 1.48  health FAIL (end FAIL)  ebal 3.6e-07 zbal 3.0e-07  2.23 h, ETA 0.15 h
[2026-08-25 19:48:49] t 15.500 step 7121 dt 2.53e-03  E 0.061660 Z 0.5891 ε 0.000589 max|ω| 22.703 (interp 22.802) ⟨ωSω⟩ 0.1830 (phys 0.1830) kmaxη 7.92 S -0.475 align 0.50/0.59/0.38 zgap 1.42  health FAIL (end FAIL)  ebal 3.6e-07 zbal 3.0e-07  2.29 h, ETA 0.07 h
[2026-08-25 19:52:30] t 16.003 step 7317 dt 2.60e-03  E 0.061358 Z 0.6125 ε 0.000612 max|ω| 19.736 (interp 19.798) ⟨ωSω⟩ 0.1984 (phys 0.1984) kmaxη 7.84 S -0.486 align 0.51/0.58/0.38 zgap 1.44  health FAIL (end FAIL)  ebal 3.6e-07 zbal 3.0e-07  2.35 h, ETA -0.00 h
[2026-08-25 19:52:34] checkpoint written at t=16.0026
[2026-08-25 19:52:35] DONE: ε_max 0.000808 at t 8.664; max|ω| peak 160.052 at t 10.291; interpolated peak 158.520 at t 10.245; E(16) 0.061358; health FAIL; 2.35 h
