[2026-08-24 18:20:40] NSLab GPU 0.1.2 (app 0.5.1) — tubes N=160³ Re=1000 tEnd=16.0 cfl=0.4 dt=adaptive snap=0.5 ckpt=2.0  device NVIDIA GeForce RTX 3060 Laptop GPU  float32
[2026-08-24 18:20:41] solver ready in 0.9 s, device memory 1.72 GB, kc 53, E0 0.07031045854091644, Z0 0.40027010440826416
[2026-08-24 18:20:44] t 0.000 step 0 dt 0.00e+00  E 0.070310 Z 0.4003 ε 0.000801 max|ω| 8.036 (interp 8.037) ⟨ωSω⟩ -0.0000 (phys 0.0000) kmaxη 3.07 S 0.000 align 0.45/0.53/0.45 zgap 5.07  health WARN (end WARN)  ebal 0.0e+00 zbal 0.0e+00  0.00 h, ETA 1187.59 h
[2026-08-24 18:20:55] t 0.506 step 63 dt 8.52e-03  E 0.069908 Z 0.3954 ε 0.000791 max|ω| 7.912 (interp 7.920) ⟨ωSω⟩ 0.0029 (phys 0.0029) kmaxη 3.08 S -0.014 align 0.52/0.52/0.37 zgap 4.91  health FAIL (end FAIL)  ebal 2.4e-07 zbal 1.7e-07  0.00 h, ETA 0.13 h
[2026-08-24 18:21:04] t 1.001 step 118 dt 9.37e-03  E 0.069517 Z 0.3951 ε 0.000790 max|ω| 7.897 (interp 7.921) ⟨ωSω⟩ 0.0215 (phys 0.0215) kmaxη 3.08 S -0.102 align 0.56/0.51/0.33 zgap 4.56  health FAIL (end FAIL)  ebal 2.4e-07 zbal 2.0e-07  0.01 h, ETA 0.10 h
[2026-08-24 18:21:14] t 1.502 step 171 dt 9.41e-03  E 0.069118 Z 0.4033 ε 0.000807 max|ω| 8.085 (interp 8.089) ⟨ωSω⟩ 0.0394 (phys 0.0394) kmaxη 3.06 S -0.181 align 0.59/0.49/0.31 zgap 4.20  health FAIL (end FAIL)  ebal 2.4e-07 zbal 2.1e-07  0.01 h, ETA 0.09 h
[2026-08-24 18:21:25] t 2.004 step 225 dt 9.19e-03  E 0.068707 Z 0.4149 ε 0.000830 max|ω| 8.201 (interp 8.211) ⟨ωSω⟩ 0.0472 (phys 0.0472) kmaxη 3.04 S -0.207 align 0.61/0.48/0.30 zgap 4.01  health FAIL (end FAIL)  ebal 2.4e-07 zbal 2.1e-07  0.01 h, ETA 0.09 h
[2026-08-24 18:21:25] checkpoint written at t=2.0035
[2026-08-24 18:21:37] t 2.505 step 280 dt 9.07e-03  E 0.068287 Z 0.4240 ε 0.000848 max|ω| 8.425 (interp 8.444) ⟨ωSω⟩ 0.0482 (phys 0.0482) kmaxη 3.03 S -0.205 align 0.62/0.47/0.31 zgap 3.81  health FAIL (end FAIL)  ebal 2.7e-07 zbal 2.1e-07  0.02 h, ETA 0.09 h
[2026-08-24 18:21:53] t 3.003 step 335 dt 9.04e-03  E 0.067861 Z 0.4300 ε 0.000860 max|ω| 8.837 (interp 8.845) ⟨ωSω⟩ 0.0501 (phys 0.0501) kmaxη 3.01 S -0.209 align 0.62/0.46/0.32 zgap 3.77  health FAIL (end FAIL)  ebal 2.7e-07 zbal 2.1e-07  0.02 h, ETA 0.09 h
[2026-08-24 18:22:02] t 3.507 step 391 dt 8.98e-03  E 0.067425 Z 0.4335 ε 0.000867 max|ω| 8.792 (interp 8.794) ⟨ωSω⟩ 0.0509 (phys 0.0509) kmaxη 3.01 S -0.209 align 0.62/0.45/0.34 zgap 3.69  health FAIL (end FAIL)  ebal 3.2e-07 zbal 2.1e-07  0.02 h, ETA 0.08 h
[2026-08-24 18:22:12] t 4.007 step 447 dt 8.88e-03  E 0.066991 Z 0.4343 ε 0.000869 max|ω| 8.243 (interp 8.269) ⟨ωSω⟩ 0.0494 (phys 0.0494) kmaxη 3.01 S -0.203 align 0.61/0.45/0.36 zgap 3.57  health FAIL (end FAIL)  ebal 3.4e-07 zbal 2.5e-07  0.03 h, ETA 0.08 h
[2026-08-24 18:22:12] checkpoint written at t=4.0070
[2026-08-24 18:22:22] t 4.500 step 503 dt 8.74e-03  E 0.066563 Z 0.4331 ε 0.000866 max|ω| 8.099 (interp 8.104) ⟨ωSω⟩ 0.0492 (phys 0.0492) kmaxη 3.01 S -0.203 align 0.61/0.44/0.38 zgap 3.50  health FAIL (end FAIL)  ebal 3.4e-07 zbal 2.5e-07  0.03 h, ETA 0.07 h
[2026-08-24 18:22:32] t 5.002 step 561 dt 8.58e-03  E 0.066129 Z 0.4318 ε 0.000864 max|ω| 8.057 (interp 8.111) ⟨ωSω⟩ 0.0501 (phys 0.0501) kmaxη 3.01 S -0.207 align 0.60/0.44/0.39 zgap 3.42  health FAIL (end FAIL)  ebal 3.4e-07 zbal 2.5e-07  0.03 h, ETA 0.07 h
[2026-08-24 18:22:41] t 5.505 step 620 dt 8.44e-03  E 0.065696 Z 0.4313 ε 0.000863 max|ω| 8.158 (interp 8.169) ⟨ωSω⟩ 0.0515 (phys 0.0515) kmaxη 3.01 S -0.213 align 0.59/0.43/0.41 zgap 3.30  health FAIL (end FAIL)  ebal 3.4e-07 zbal 2.5e-07  0.03 h, ETA 0.06 h
[2026-08-24 18:22:52] t 6.008 step 680 dt 8.36e-03  E 0.065261 Z 0.4321 ε 0.000864 max|ω| 8.429 (interp 8.436) ⟨ωSω⟩ 0.0544 (phys 0.0544) kmaxη 3.01 S -0.225 align 0.58/0.44/0.42 zgap 3.18  health FAIL (end FAIL)  ebal 3.4e-07 zbal 2.5e-07  0.04 h, ETA 0.06 h
[2026-08-24 18:22:52] checkpoint written at t=6.0083
[2026-08-24 18:23:04] t 6.506 step 740 dt 8.21e-03  E 0.064829 Z 0.4356 ε 0.000871 max|ω| 9.012 (interp 9.016) ⟨ωSω⟩ 0.0612 (phys 0.0612) kmaxη 3.00 S -0.250 align 0.57/0.44/0.43 zgap 3.10  health FAIL (end FAIL)  ebal 3.4e-07 zbal 2.7e-07  0.04 h, ETA 0.06 h
[2026-08-24 18:23:30] t 7.006 step 802 dt 7.90e-03  E 0.064391 Z 0.4439 ε 0.000888 max|ω| 11.854 (interp 11.872) ⟨ωSω⟩ 0.0757 (phys 0.0757) kmaxη 2.99 S -0.301 align 0.56/0.44/0.43 zgap 2.98  health FAIL (end FAIL)  ebal 3.4e-07 zbal 2.7e-07  0.05 h, ETA 0.06 h
[2026-08-24 18:23:57] t 7.503 step 866 dt 7.71e-03  E 0.063941 Z 0.4612 ε 0.000922 max|ω| 17.140 (interp 17.425) ⟨ωSω⟩ 0.1123 (phys 0.1123) kmaxη 2.96 S -0.421 align 0.55/0.45/0.44 zgap 2.87  health FAIL (end FAIL)  ebal 3.4e-07 zbal 2.7e-07  0.05 h, ETA 0.06 h
[2026-08-24 18:24:22] t 8.000 step 929 dt 8.12e-03  E 0.063468 Z 0.4925 ε 0.000985 max|ω| 26.896 (interp 27.987) ⟨ωSω⟩ 0.1976 (phys 0.1976) kmaxη 2.91 S -0.671 align 0.54/0.45/0.45 zgap 2.79  health FAIL (end FAIL)  ebal 3.4e-07 zbal 2.7e-07  0.06 h, ETA 0.06 h
[2026-08-24 18:24:22] checkpoint written at t=8.0002
[2026-08-24 18:24:40] t 8.506 step 989 dt 8.80e-03  E 0.062950 Z 0.5321 ε 0.001064 max|ω| 33.017 (interp 33.787) ⟨ωSω⟩ 0.3473 (phys 0.3473) kmaxη 2.86 S -1.050 align 0.52/0.47/0.45 zgap 2.79  health FAIL (end FAIL)  ebal 3.4e-07 zbal 2.7e-07  0.07 h, ETA 0.06 h
[2026-08-24 18:25:01] t 9.004 step 1043 dt 9.63e-03  E 0.062405 Z 0.5528 ε 0.001106 max|ω| 47.738 (interp 49.375) ⟨ωSω⟩ 0.4040 (phys 0.4040) kmaxη 2.83 S -1.154 align 0.50/0.49/0.45 zgap 3.10  health FAIL (end FAIL)  ebal 3.4e-07 zbal 2.7e-07  0.07 h, ETA 0.06 h
[2026-08-24 18:25:12] t 9.506 step 1095 dt 9.33e-03  E 0.061862 Z 0.5226 ε 0.001045 max|ω| 47.729 (interp 49.379) ⟨ωSω⟩ 0.3298 (phys 0.3298) kmaxη 2.87 S -1.025 align 0.49/0.51/0.45 zgap 2.91  health FAIL (end FAIL)  ebal 3.4e-07 zbal 2.7e-07  0.08 h, ETA 0.05 h
[2026-08-24 18:25:19] t 10.007 step 1148 dt 9.73e-03  E 0.061365 Z 0.4717 ε 0.000943 max|ω| 32.286 (interp 34.237) ⟨ωSω⟩ 0.2417 (phys 0.2417) kmaxη 2.95 S -0.876 align 0.47/0.53/0.45 zgap 2.67  health FAIL (end FAIL)  ebal 3.4e-07 zbal 3.5e-07  0.08 h, ETA 0.05 h
[2026-08-24 18:25:19] checkpoint written at t=10.0075
[2026-08-24 18:25:26] t 10.503 step 1198 dt 9.76e-03  E 0.060914 Z 0.4428 ε 0.000886 max|ω| 35.474 (interp 38.207) ⟨ωSω⟩ 0.2233 (phys 0.2233) kmaxη 2.99 S -0.890 align 0.46/0.55/0.45 zgap 2.51  health FAIL (end FAIL)  ebal 3.4e-07 zbal 3.5e-07  0.08 h, ETA 0.04 h
[2026-08-24 18:25:34] t 11.010 step 1251 dt 9.83e-03  E 0.060478 Z 0.4157 ε 0.000831 max|ω| 31.877 (interp 32.501) ⟨ωSω⟩ 0.1563 (phys 0.1563) kmaxη 3.04 S -0.684 align 0.45/0.57/0.44 zgap 2.40  health FAIL (end FAIL)  ebal 3.4e-07 zbal 3.5e-07  0.08 h, ETA 0.04 h
[2026-08-24 18:25:41] t 11.500 step 1299 dt 1.01e-02  E 0.060083 Z 0.3932 ε 0.000786 max|ω| 21.791 (interp 22.135) ⟨ωSω⟩ 0.1291 (phys 0.1291) kmaxη 3.08 S -0.615 align 0.44/0.58/0.44 zgap 2.20  health FAIL (end FAIL)  ebal 3.4e-07 zbal 3.5e-07  0.08 h, ETA 0.03 h
[2026-08-24 18:25:48] t 12.001 step 1347 dt 1.08e-02  E 0.059694 Z 0.3830 ε 0.000766 max|ω| 21.127 (interp 22.356) ⟨ωSω⟩ 0.1188 (phys 0.1188) kmaxη 3.10 S -0.589 align 0.43/0.59/0.43 zgap 2.00  health FAIL (end FAIL)  ebal 3.4e-07 zbal 3.5e-07  0.09 h, ETA 0.03 h
[2026-08-24 18:25:48] checkpoint written at t=12.0011
[2026-08-24 18:25:55] t 12.507 step 1394 dt 1.06e-02  E 0.059309 Z 0.3791 ε 0.000758 max|ω| 17.351 (interp 18.138) ⟨ωSω⟩ 0.1172 (phys 0.1172) kmaxη 3.11 S -0.589 align 0.42/0.60/0.42 zgap 2.08  health FAIL (end FAIL)  ebal 3.4e-07 zbal 3.5e-07  0.09 h, ETA 0.02 h
[2026-08-24 18:26:04] t 13.004 step 1440 dt 1.12e-02  E 0.058933 Z 0.3792 ε 0.000758 max|ω| 14.785 (interp 15.245) ⟨ωSω⟩ 0.1127 (phys 0.1127) kmaxη 3.11 S -0.566 align 0.42/0.60/0.42 zgap 2.28  health FAIL (end FAIL)  ebal 3.4e-07 zbal 3.5e-07  0.09 h, ETA 0.02 h
[2026-08-24 18:26:11] t 13.510 step 1485 dt 1.11e-02  E 0.058549 Z 0.3783 ε 0.000757 max|ω| 15.142 (interp 15.197) ⟨ωSω⟩ 0.1048 (phys 0.1048) kmaxη 3.11 S -0.529 align 0.42/0.60/0.41 zgap 2.43  health FAIL (end FAIL)  ebal 3.4e-07 zbal 3.5e-07  0.09 h, ETA 0.02 h
[2026-08-24 18:26:22] t 14.008 step 1529 dt 1.16e-02  E 0.058171 Z 0.3816 ε 0.000763 max|ω| 13.855 (interp 14.095) ⟨ωSω⟩ 0.1036 (phys 0.1036) kmaxη 3.11 S -0.516 align 0.44/0.60/0.41 zgap 2.47  health FAIL (end FAIL)  ebal 3.4e-07 zbal 3.5e-07  0.10 h, ETA 0.01 h
[2026-08-24 18:26:22] checkpoint written at t=14.0078
[2026-08-24 18:26:31] t 14.502 step 1571 dt 1.18e-02  E 0.057792 Z 0.3853 ε 0.000771 max|ω| 13.661 (interp 13.733) ⟨ωSω⟩ 0.0946 (phys 0.0946) kmaxη 3.10 S -0.464 align 0.46/0.60/0.40 zgap 2.36  health FAIL (end FAIL)  ebal 3.4e-07 zbal 3.5e-07  0.10 h, ETA 0.01 h
[2026-08-24 18:26:38] t 15.009 step 1614 dt 1.18e-02  E 0.057399 Z 0.3907 ε 0.000781 max|ω| 12.869 (interp 12.991) ⟨ωSω⟩ 0.0921 (phys 0.0921) kmaxη 3.09 S -0.443 align 0.47/0.60/0.40 zgap 2.20  health FAIL (end FAIL)  ebal 3.4e-07 zbal 3.5e-07  0.10 h, ETA 0.01 h
[2026-08-24 18:26:47] t 15.510 step 1656 dt 1.19e-02  E 0.057004 Z 0.3981 ε 0.000796 max|ω| 12.887 (interp 12.954) ⟨ωSω⟩ 0.0878 (phys 0.0878) kmaxη 3.07 S -0.410 align 0.48/0.60/0.39 zgap 2.12  health FAIL (end FAIL)  ebal 3.4e-07 zbal 3.5e-07  0.10 h, ETA 0.00 h
[2026-08-24 18:26:54] t 16.003 step 1699 dt 1.11e-02  E 0.056607 Z 0.4064 ε 0.000813 max|ω| 15.771 (interp 15.795) ⟨ωSω⟩ 0.0874 (phys 0.0874) kmaxη 3.06 S -0.396 align 0.49/0.59/0.38 zgap 2.04  health FAIL (end FAIL)  ebal 3.4e-07 zbal 3.5e-07  0.10 h, ETA -0.00 h
[2026-08-24 18:26:54] checkpoint written at t=16.0029
[2026-08-24 18:26:54] DONE: ε_max 0.001107 at t 8.909; max|ω| peak 53.872 at t 9.279; interpolated peak 55.964 at t 9.200; E(16) 0.056607; health FAIL; 0.10 h
