[2026-08-24 19:33:33] NSLab GPU 0.1.2 (app 0.5.1) — tubes N=224³ Re=707 tEnd=16.0 cfl=0.4 dt=adaptive snap=0.5 ckpt=2.0  device NVIDIA GeForce RTX 3060 Laptop GPU  float32
[2026-08-24 19:33:34] solver ready in 0.7 s, device memory 2.84 GB, kc 74, E0 0.07031045854091644, Z0 0.4002700746059418
[2026-08-24 19:33:36] t 0.000 step 0 dt 0.00e+00  E 0.070310 Z 0.4003 ε 0.001132 max|ω| 8.037 (interp 8.037) ⟨ωSω⟩ -0.0000 (phys 0.0000) kmaxη 5.10 S 0.000 align 0.45/0.53/0.45 zgap 5.08  health WARN (end WARN)  ebal 0.0e+00 zbal 0.0e+00  0.00 h, ETA 935.54 h
[2026-08-24 19:34:07] t 0.505 step 88 dt 6.09e-03  E 0.069743 Z 0.3932 ε 0.001112 max|ω| 7.865 (interp 7.878) ⟨ωSω⟩ 0.0028 (phys 0.0028) kmaxη 5.12 S -0.013 align 0.52/0.52/0.37 zgap 4.88  health FAIL (end FAIL)  ebal 3.4e-07 zbal 1.6e-07  0.01 h, ETA 0.29 h
[2026-08-24 19:34:33] t 1.001 step 165 dt 6.71e-03  E 0.069195 Z 0.3905 ε 0.001105 max|ω| 7.832 (interp 7.833) ⟨ωSω⟩ 0.0205 (phys 0.0205) kmaxη 5.13 S -0.099 align 0.56/0.51/0.33 zgap 4.54  health FAIL (end FAIL)  ebal 3.4e-07 zbal 2.0e-07  0.02 h, ETA 0.25 h
[2026-08-24 19:35:00] t 1.503 step 239 dt 6.77e-03  E 0.068638 Z 0.3953 ε 0.001118 max|ω| 7.938 (interp 7.949) ⟨ωSω⟩ 0.0369 (phys 0.0369) kmaxη 5.11 S -0.174 align 0.59/0.49/0.31 zgap 4.21  health FAIL (end FAIL)  ebal 3.4e-07 zbal 2.4e-07  0.02 h, ETA 0.23 h
[2026-08-24 19:35:26] t 2.005 step 314 dt 6.62e-03  E 0.068071 Z 0.4024 ε 0.001138 max|ω| 8.018 (interp 8.025) ⟨ωSω⟩ 0.0432 (phys 0.0432) kmaxη 5.09 S -0.199 align 0.61/0.48/0.30 zgap 3.96  health FAIL (end FAIL)  ebal 3.4e-07 zbal 2.4e-07  0.03 h, ETA 0.22 h
[2026-08-24 19:35:26] checkpoint written at t=2.0047
[2026-08-24 19:35:53] t 2.504 step 390 dt 6.54e-03  E 0.067499 Z 0.4067 ε 0.001150 max|ω| 8.157 (interp 8.159) ⟨ωSω⟩ 0.0427 (phys 0.0427) kmaxη 5.08 S -0.193 align 0.62/0.47/0.31 zgap 3.84  health FAIL (end FAIL)  ebal 3.4e-07 zbal 2.4e-07  0.04 h, ETA 0.21 h
[2026-08-24 19:36:21] t 3.001 step 466 dt 6.52e-03  E 0.066927 Z 0.4076 ε 0.001153 max|ω| 8.475 (interp 8.481) ⟨ωSω⟩ 0.0430 (phys 0.0430) kmaxη 5.07 S -0.194 align 0.62/0.46/0.32 zgap 3.76  health FAIL (end FAIL)  ebal 3.4e-07 zbal 2.4e-07  0.05 h, ETA 0.20 h
[2026-08-24 19:36:50] t 3.502 step 543 dt 6.49e-03  E 0.066350 Z 0.4064 ε 0.001150 max|ω| 8.503 (interp 8.518) ⟨ωSω⟩ 0.0428 (phys 0.0428) kmaxη 5.08 S -0.194 align 0.62/0.46/0.33 zgap 3.67  health FAIL (end FAIL)  ebal 3.4e-07 zbal 2.4e-07  0.05 h, ETA 0.19 h
[2026-08-24 19:37:16] t 4.006 step 621 dt 6.44e-03  E 0.065772 Z 0.4035 ε 0.001141 max|ω| 8.025 (interp 8.028) ⟨ωSω⟩ 0.0411 (phys 0.0411) kmaxη 5.09 S -0.188 align 0.62/0.45/0.35 zgap 3.53  health FAIL (end FAIL)  ebal 3.4e-07 zbal 2.4e-07  0.06 h, ETA 0.19 h
[2026-08-24 19:37:17] checkpoint written at t=4.0064
[2026-08-24 19:37:42] t 4.506 step 699 dt 6.37e-03  E 0.065204 Z 0.3995 ε 0.001130 max|ω| 7.662 (interp 7.667) ⟨ωSω⟩ 0.0401 (phys 0.0401) kmaxη 5.10 S -0.186 align 0.62/0.44/0.36 zgap 3.48  health FAIL (end FAIL)  ebal 3.4e-07 zbal 2.4e-07  0.07 h, ETA 0.18 h
[2026-08-24 19:38:09] t 5.005 step 778 dt 6.28e-03  E 0.064642 Z 0.3960 ε 0.001120 max|ω| 7.533 (interp 7.538) ⟨ωSω⟩ 0.0407 (phys 0.0407) kmaxη 5.11 S -0.192 align 0.61/0.44/0.38 zgap 3.39  health FAIL (end FAIL)  ebal 3.4e-07 zbal 2.4e-07  0.08 h, ETA 0.17 h
[2026-08-24 19:38:36] t 5.504 step 858 dt 6.20e-03  E 0.064086 Z 0.3935 ε 0.001113 max|ω| 7.557 (interp 7.573) ⟨ωSω⟩ 0.0418 (phys 0.0418) kmaxη 5.12 S -0.199 align 0.60/0.44/0.39 zgap 3.31  health FAIL (end FAIL)  ebal 3.4e-07 zbal 2.4e-07  0.08 h, ETA 0.16 h
[2026-08-24 19:39:02] t 6.004 step 939 dt 6.15e-03  E 0.063530 Z 0.3922 ε 0.001110 max|ω| 7.710 (interp 7.719) ⟨ωSω⟩ 0.0436 (phys 0.0436) kmaxη 5.12 S -0.209 align 0.59/0.45/0.40 zgap 3.20  health FAIL (end FAIL)  ebal 3.4e-07 zbal 2.4e-07  0.09 h, ETA 0.15 h
[2026-08-24 19:39:02] checkpoint written at t=6.0042
[2026-08-24 19:39:30] t 6.501 step 1020 dt 6.11e-03  E 0.062979 Z 0.3927 ε 0.001111 max|ω| 8.211 (interp 8.213) ⟨ωSω⟩ 0.0481 (phys 0.0481) kmaxη 5.12 S -0.229 align 0.58/0.45/0.40 zgap 3.09  health FAIL (end FAIL)  ebal 3.4e-07 zbal 2.4e-07  0.10 h, ETA 0.14 h
[2026-08-24 19:40:04] t 7.004 step 1103 dt 5.99e-03  E 0.062418 Z 0.3963 ε 0.001121 max|ω| 9.961 (interp 9.967) ⟨ωSω⟩ 0.0573 (phys 0.0573) kmaxη 5.11 S -0.270 align 0.57/0.46/0.41 zgap 3.00  health FAIL (end FAIL)  ebal 3.4e-07 zbal 2.4e-07  0.11 h, ETA 0.14 h
[2026-08-24 19:40:47] t 7.500 step 1187 dt 5.85e-03  E 0.061857 Z 0.4049 ε 0.001145 max|ω| 13.165 (interp 13.205) ⟨ωSω⟩ 0.0768 (phys 0.0768) kmaxη 5.08 S -0.350 align 0.56/0.47/0.41 zgap 2.92  health FAIL (end FAIL)  ebal 3.4e-07 zbal 2.5e-07  0.12 h, ETA 0.14 h
[2026-08-24 19:41:30] t 8.001 step 1272 dt 6.00e-03  E 0.061273 Z 0.4204 ε 0.001189 max|ω| 18.495 (interp 18.520) ⟨ωSω⟩ 0.1185 (phys 0.1185) kmaxη 5.03 S -0.510 align 0.55/0.47/0.42 zgap 2.83  health FAIL (end FAIL)  ebal 3.4e-07 zbal 2.6e-07  0.13 h, ETA 0.13 h
[2026-08-24 19:41:30] checkpoint written at t=8.0007
[2026-08-24 19:42:06] t 8.503 step 1353 dt 6.41e-03  E 0.060663 Z 0.4383 ε 0.001240 max|ω| 24.530 (interp 25.068) ⟨ωSω⟩ 0.1888 (phys 0.1888) kmaxη 4.98 S -0.764 align 0.54/0.48/0.43 zgap 2.80  health FAIL (end FAIL)  ebal 3.4e-07 zbal 2.6e-07  0.14 h, ETA 0.13 h
[2026-08-24 19:42:39] t 9.004 step 1428 dt 7.00e-03  E 0.060029 Z 0.4547 ε 0.001286 max|ω| 29.432 (interp 29.781) ⟨ωSω⟩ 0.2994 (phys 0.2994) kmaxη 4.94 S -1.146 align 0.52/0.50/0.43 zgap 2.80  health FAIL (end FAIL)  ebal 3.4e-07 zbal 2.6e-07  0.15 h, ETA 0.12 h
[2026-08-24 19:43:10] t 9.504 step 1496 dt 7.67e-03  E 0.059392 Z 0.4402 ε 0.001245 max|ω| 37.955 (interp 39.871) ⟨ωSω⟩ 0.2917 (phys 0.2917) kmaxη 4.98 S -1.172 align 0.51/0.52/0.42 zgap 3.37  health FAIL (end FAIL)  ebal 3.4e-07 zbal 2.6e-07  0.16 h, ETA 0.11 h
[2026-08-24 19:43:33] t 10.001 step 1560 dt 7.61e-03  E 0.058797 Z 0.4021 ε 0.001137 max|ω| 31.487 (interp 31.836) ⟨ωSω⟩ 0.2071 (phys 0.2071) kmaxη 5.09 S -0.953 align 0.50/0.54/0.42 zgap 3.14  health FAIL (end FAIL)  ebal 3.4e-07 zbal 2.6e-07  0.17 h, ETA 0.10 h
[2026-08-24 19:43:33] checkpoint written at t=10.0015
[2026-08-24 19:43:54] t 10.502 step 1625 dt 7.85e-03  E 0.058259 Z 0.3610 ε 0.001021 max|ω| 24.538 (interp 25.214) ⟨ωSω⟩ 0.1292 (phys 0.1292) kmaxη 5.23 S -0.699 align 0.48/0.56/0.42 zgap 2.58  health FAIL (end FAIL)  ebal 3.4e-07 zbal 2.6e-07  0.17 h, ETA 0.09 h
[2026-08-24 19:44:18] t 11.007 step 1690 dt 7.71e-03  E 0.057760 Z 0.3388 ε 0.000958 max|ω| 22.598 (interp 22.894) ⟨ωSω⟩ 0.1042 (phys 0.1042) kmaxη 5.31 S -0.620 align 0.46/0.58/0.42 zgap 2.36  health FAIL (end FAIL)  ebal 3.4e-07 zbal 2.6e-07  0.18 h, ETA 0.08 h
[2026-08-24 19:44:39] t 11.502 step 1754 dt 7.78e-03  E 0.057296 Z 0.3250 ε 0.000919 max|ω| 21.842 (interp 22.112) ⟨ωSω⟩ 0.0862 (phys 0.0862) kmaxη 5.37 S -0.546 align 0.45/0.59/0.41 zgap 2.30  health FAIL (end FAIL)  ebal 3.4e-07 zbal 2.7e-07  0.19 h, ETA 0.07 h
[2026-08-24 19:45:00] t 12.005 step 1818 dt 7.93e-03  E 0.056842 Z 0.3141 ε 0.000888 max|ω| 17.644 (interp 17.988) ⟨ωSω⟩ 0.0711 (phys 0.0711) kmaxη 5.41 S -0.474 align 0.43/0.60/0.41 zgap 2.02  health FAIL (end FAIL)  ebal 3.4e-07 zbal 2.7e-07  0.19 h, ETA 0.06 h
[2026-08-24 19:45:00] checkpoint written at t=12.0054
[2026-08-24 19:45:21] t 12.507 step 1880 dt 8.22e-03  E 0.056401 Z 0.3078 ε 0.000871 max|ω| 13.634 (interp 13.641) ⟨ωSω⟩ 0.0671 (phys 0.0671) kmaxη 5.44 S -0.461 align 0.42/0.61/0.41 zgap 2.02  health FAIL (end FAIL)  ebal 3.4e-07 zbal 2.7e-07  0.20 h, ETA 0.05 h
[2026-08-24 19:45:42] t 13.008 step 1940 dt 8.46e-03  E 0.055967 Z 0.3049 ε 0.000863 max|ω| 11.315 (interp 11.394) ⟨ωSω⟩ 0.0650 (phys 0.0650) kmaxη 5.45 S -0.453 align 0.41/0.61/0.40 zgap 2.58  health FAIL (end FAIL)  ebal 3.4e-07 zbal 2.7e-07  0.20 h, ETA 0.05 h
[2026-08-24 19:46:01] t 13.503 step 1998 dt 8.58e-03  E 0.055542 Z 0.3034 ε 0.000858 max|ω| 10.162 (interp 10.260) ⟨ωSω⟩ 0.0623 (phys 0.0623) kmaxη 5.46 S -0.438 align 0.41/0.61/0.40 zgap 2.75  health FAIL (end FAIL)  ebal 3.4e-07 zbal 2.7e-07  0.21 h, ETA 0.04 h
[2026-08-24 19:46:22] t 14.003 step 2056 dt 8.69e-03  E 0.055113 Z 0.3032 ε 0.000858 max|ω| 9.839 (interp 9.900) ⟨ωSω⟩ 0.0609 (phys 0.0609) kmaxη 5.46 S -0.429 align 0.42/0.61/0.40 zgap 2.92  health FAIL (end FAIL)  ebal 3.4e-07 zbal 2.7e-07  0.21 h, ETA 0.03 h
[2026-08-24 19:46:22] checkpoint written at t=14.0030
[2026-08-24 19:46:41] t 14.501 step 2113 dt 8.78e-03  E 0.054685 Z 0.3048 ε 0.000862 max|ω| 9.600 (interp 9.627) ⟨ωSω⟩ 0.0612 (phys 0.0612) kmaxη 5.46 S -0.427 align 0.44/0.61/0.39 zgap 2.86  health FAIL (end FAIL)  ebal 3.4e-07 zbal 2.7e-07  0.22 h, ETA 0.02 h
[2026-08-24 19:47:01] t 15.005 step 2170 dt 8.93e-03  E 0.054247 Z 0.3089 ε 0.000874 max|ω| 9.282 (interp 9.296) ⟨ωSω⟩ 0.0623 (phys 0.0623) kmaxη 5.44 S -0.426 align 0.46/0.60/0.39 zgap 2.78  health FAIL (end FAIL)  ebal 3.4e-07 zbal 2.7e-07  0.22 h, ETA 0.01 h
[2026-08-24 19:47:21] t 15.500 step 2225 dt 9.08e-03  E 0.053811 Z 0.3148 ε 0.000891 max|ω| 8.832 (interp 8.862) ⟨ωSω⟩ 0.0638 (phys 0.0638) kmaxη 5.41 S -0.424 align 0.47/0.60/0.38 zgap 2.66  health FAIL (end FAIL)  ebal 3.4e-07 zbal 2.7e-07  0.23 h, ETA 0.01 h
[2026-08-24 19:47:43] t 16.002 step 2280 dt 9.17e-03  E 0.053358 Z 0.3223 ε 0.000912 max|ω| 9.911 (interp 9.921) ⟨ωSω⟩ 0.0645 (phys 0.0645) kmaxη 5.38 S -0.414 align 0.49/0.60/0.37 zgap 2.52  health FAIL (end FAIL)  ebal 3.4e-07 zbal 2.7e-07  0.24 h, ETA -0.00 h
[2026-08-24 19:47:43] checkpoint written at t=16.0023
[2026-08-24 19:47:43] DONE: ε_max 0.001289 at t 9.096; max|ω| peak 39.100 at t 9.382; interpolated peak 39.871 at t 9.504; E(16) 0.053358; health FAIL; 0.24 h
