[2026-08-22 23:47:27] NSLab GPU 0.1.0 (app 0.5.0) — tubes N=256³ Re=4000 tEnd=16.0 cfl=0.4 dt=adaptive snap=0.5 ckpt=2.0  device NVIDIA GeForce RTX 3060 Laptop GPU  float64
[2026-08-22 23:47:28] solver ready in 1.7 s, device memory 6.25 GB, kc 85, E0 0.07031047701250989, Z0 0.40027018782525137
[2026-08-22 23:47:30] t 0.000 step 0 dt 0.00e+00  E 0.070310 Z 0.4003 ε 0.000200 max|ω| 8.034 ⟨ωSω⟩ 0.0000 (phys -0.0000) kmaxη 2.46 S -0.000 align 0.45/0.53/0.45  health PASS  ebal 0.0e+00 zbal 0.0e+00  0.00 h, ETA 962.89 h
[2026-08-22 23:50:57] t 0.501 step 100 dt 5.31e-03  E 0.070210 Z 0.3994 ε 0.000200 max|ω| 7.995 ⟨ωSω⟩ 0.0030 (phys 0.0030) kmaxη 2.46 S -0.014 align 0.52/0.52/0.37  health PASS  ebal 1.0e-13 zbal 2.8e-12  0.06 h, ETA 1.81 h
[2026-08-22 23:54:04] t 1.006 step 190 dt 5.83e-03  E 0.070109 Z 0.4039 ε 0.000202 max|ω| 8.078 ⟨ωSω⟩ 0.0238 (phys 0.0238) kmaxη 2.46 S -0.109 align 0.56/0.51/0.33  health PASS  ebal 1.0e-13 zbal 6.2e-11  0.11 h, ETA 1.64 h
[2026-08-22 23:57:00] t 1.503 step 275 dt 5.81e-03  E 0.070007 Z 0.4193 ε 0.000210 max|ω| 8.358 ⟨ωSω⟩ 0.0452 (phys 0.0452) kmaxη 2.43 S -0.195 align 0.59/0.49/0.31  health PASS  ebal 2.5e-13 zbal 2.4e-10  0.16 h, ETA 1.53 h
[2026-08-23 00:00:00] t 2.000 step 362 dt 5.64e-03  E 0.069900 Z 0.4417 ε 0.000221 max|ω| 8.561 ⟨ωSω⟩ 0.0577 (phys 0.0577) kmaxη 2.40 S -0.231 align 0.61/0.48/0.30  health PASS  ebal 2.5e-13 zbal 2.8e-10  0.21 h, ETA 1.46 h
[2026-08-23 00:00:00] checkpoint written at t=2.0005
[2026-08-23 00:03:06] t 2.504 step 452 dt 5.56e-03  E 0.069786 Z 0.4659 ε 0.000233 max|ω| 8.979 ⟨ωSω⟩ 0.0653 (phys 0.0653) kmaxη 2.37 S -0.241 align 0.62/0.47/0.31  health PASS  ebal 2.5e-13 zbal 2.8e-10  0.26 h, ETA 1.41 h
[2026-08-23 00:06:12] t 3.003 step 542 dt 5.53e-03  E 0.069667 Z 0.4904 ε 0.000245 max|ω| 9.483 ⟨ωSω⟩ 0.0744 (phys 0.0744) kmaxη 2.34 S -0.254 align 0.62/0.46/0.33  health PASS  ebal 2.5e-13 zbal 2.8e-10  0.31 h, ETA 1.35 h
[2026-08-23 00:09:09] t 3.504 step 633 dt 5.48e-03  E 0.069541 Z 0.5149 ε 0.000257 max|ω| 9.259 ⟨ωSω⟩ 0.0820 (phys 0.0820) kmaxη 2.31 S -0.261 align 0.62/0.45/0.35  health PASS  ebal 2.5e-13 zbal 2.8e-10  0.36 h, ETA 1.29 h
[2026-08-23 00:12:01] t 4.004 step 725 dt 5.39e-03  E 0.069409 Z 0.5372 ε 0.000269 max|ω| 9.040 ⟨ωSω⟩ 0.0871 (phys 0.0871) kmaxη 2.29 S -0.260 align 0.62/0.44/0.37  health PASS  ebal 2.5e-13 zbal 2.8e-10  0.41 h, ETA 1.23 h
[2026-08-23 00:12:01] checkpoint written at t=4.0037
[2026-08-23 00:14:57] t 4.504 step 819 dt 5.26e-03  E 0.069272 Z 0.5567 ε 0.000278 max|ω| 9.158 ⟨ωSω⟩ 0.0934 (phys 0.0934) kmaxη 2.27 S -0.264 align 0.62/0.43/0.39  health PASS  ebal 2.5e-13 zbal 2.8e-10  0.46 h, ETA 1.17 h
[2026-08-23 00:17:56] t 5.002 step 915 dt 5.11e-03  E 0.069131 Z 0.5736 ε 0.000287 max|ω| 9.363 ⟨ωSω⟩ 0.0992 (phys 0.0992) kmaxη 2.25 S -0.268 align 0.61/0.42/0.41  health PASS  ebal 2.5e-13 zbal 2.8e-10  0.51 h, ETA 1.12 h
[2026-08-23 00:21:00] t 5.503 step 1014 dt 5.03e-03  E 0.068986 Z 0.5882 ε 0.000294 max|ω| 9.881 ⟨ωSω⟩ 0.1040 (phys 0.1040) kmaxη 2.24 S -0.271 align 0.60/0.42/0.42  health PASS  ebal 2.5e-13 zbal 2.8e-10  0.56 h, ETA 1.07 h
[2026-08-23 00:24:07] t 6.001 step 1114 dt 4.90e-03  E 0.068838 Z 0.6018 ε 0.000301 max|ω| 10.132 ⟨ωSω⟩ 0.1118 (phys 0.1118) kmaxη 2.22 S -0.281 align 0.59/0.42/0.43  health PASS  ebal 2.5e-13 zbal 2.8e-10  0.61 h, ETA 1.02 h
[2026-08-23 00:24:07] checkpoint written at t=6.0012
[2026-08-23 00:27:23] t 6.504 step 1219 dt 4.67e-03  E 0.068684 Z 0.6178 ε 0.000309 max|ω| 12.593 ⟨ωSω⟩ 0.1264 (phys 0.1264) kmaxη 2.21 S -0.305 align 0.58/0.43/0.44  health PASS  ebal 2.5e-13 zbal 2.8e-10  0.67 h, ETA 0.97 h
[2026-08-23 00:30:48] t 7.000 step 1329 dt 4.37e-03  E 0.068528 Z 0.6423 ε 0.000321 max|ω| 17.325 ⟨ωSω⟩ 0.1642 (phys 0.1642) kmaxη 2.19 S -0.375 align 0.57/0.44/0.44  health PASS  ebal 2.5e-13 zbal 2.8e-10  0.72 h, ETA 0.93 h
[2026-08-23 00:34:26] t 7.501 step 1446 dt 4.25e-03  E 0.068361 Z 0.7041 ε 0.000352 max|ω| 38.406 ⟨ωSω⟩ 0.3453 (phys 0.3453) kmaxη 2.14 S -0.686 align 0.56/0.44/0.45  health PASS  ebal 2.5e-13 zbal 2.8e-10  0.78 h, ETA 0.89 h
[2026-08-23 00:37:58] t 8.003 step 1560 dt 4.57e-03  E 0.068165 Z 0.8842 ε 0.000442 max|ω| 71.651 ⟨ωSω⟩ 0.9517 (phys 0.9517) kmaxη 2.02 S -1.343 align 0.54/0.45/0.46  health PASS  ebal 6.4e-13 zbal 2.1e-09  0.84 h, ETA 0.84 h
[2026-08-23 00:37:59] checkpoint written at t=8.0027
[2026-08-23 00:41:14] t 8.500 step 1665 dt 4.89e-03  E 0.067911 Z 1.1426 ε 0.000571 max|ω| 127.555 ⟨ωSω⟩ 1.5957 (phys 1.5957) kmaxη 1.89 S -1.533 align 0.52/0.47/0.47  health WARN  ebal 5.1e-10 zbal 2.9e-07  0.90 h, ETA 0.79 h
[2026-08-23 00:44:37] t 9.003 step 1774 dt 3.96e-03  E 0.067612 Z 1.2572 ε 0.000629 max|ω| 111.704 ⟨ωSω⟩ 2.0577 (phys 2.0577) kmaxη 1.85 S -1.713 align 0.50/0.49/0.48  health WARN  ebal 3.4e-09 zbal 1.6e-06  0.95 h, ETA 0.74 h
[2026-08-23 00:48:21] t 9.502 step 1894 dt 4.16e-03  E 0.067280 Z 1.3687 ε 0.000684 max|ω| 113.538 ⟨ωSω⟩ 2.3914 (phys 2.3914) kmaxη 1.81 S -1.753 align 0.48/0.51/0.48  health PASS  ebal 6.0e-09 zbal 3.0e-06  1.02 h, ETA 0.69 h
[2026-08-23 00:51:42] t 10.000 step 2002 dt 4.52e-03  E 0.066946 Z 1.2953 ε 0.000648 max|ω| 94.264 ⟨ωSω⟩ 1.9275 (phys 1.9275) kmaxη 1.83 S -1.535 align 0.47/0.53/0.48  health PASS  ebal 1.9e-08 zbal 8.9e-06  1.07 h, ETA 0.64 h
[2026-08-23 00:51:43] checkpoint written at t=10.0003
[2026-08-23 00:55:13] t 10.503 step 2115 dt 4.05e-03  E 0.066638 Z 1.1532 ε 0.000577 max|ω| 70.753 ⟨ωSω⟩ 1.5051 (phys 1.5051) kmaxη 1.89 S -1.426 align 0.45/0.55/0.47  health PASS  ebal 1.9e-08 zbal 8.9e-06  1.13 h, ETA 0.59 h
[2026-08-23 00:58:46] t 11.004 step 2229 dt 4.53e-03  E 0.066365 Z 1.0397 ε 0.000520 max|ω| 80.143 ⟨ωSω⟩ 1.2595 (phys 1.2595) kmaxη 1.94 S -1.394 align 0.44/0.56/0.47  health PASS  ebal 1.9e-08 zbal 8.9e-06  1.19 h, ETA 0.54 h
[2026-08-23 01:02:03] t 11.501 step 2335 dt 4.47e-03  E 0.066115 Z 0.9853 ε 0.000493 max|ω| 69.358 ⟨ωSω⟩ 1.0908 (phys 1.0908) kmaxη 1.96 S -1.309 align 0.43/0.57/0.46  health PASS  ebal 1.9e-08 zbal 8.9e-06  1.24 h, ETA 0.49 h
[2026-08-23 01:05:17] t 12.001 step 2439 dt 4.90e-03  E 0.065870 Z 0.9727 ε 0.000486 max|ω| 61.793 ⟨ωSω⟩ 0.9999 (phys 0.9999) kmaxη 1.97 S -1.223 align 0.42/0.58/0.46  health PASS  ebal 1.9e-08 zbal 8.9e-06  1.30 h, ETA 0.43 h
[2026-08-23 01:05:18] checkpoint written at t=12.0010
[2026-08-23 01:08:22] t 12.504 step 2538 dt 5.38e-03  E 0.065627 Z 0.9566 ε 0.000478 max|ω| 54.182 ⟨ωSω⟩ 0.8414 (phys 0.8414) kmaxη 1.98 S -1.055 align 0.42/0.59/0.45  health PASS  ebal 1.9e-08 zbal 8.9e-06  1.35 h, ETA 0.38 h
[2026-08-23 01:11:33] t 13.002 step 2640 dt 4.47e-03  E 0.065391 Z 0.9364 ε 0.000468 max|ω| 58.787 ⟨ωSω⟩ 0.7566 (phys 0.7566) kmaxη 1.99 S -0.980 align 0.43/0.59/0.45  health PASS  ebal 1.9e-08 zbal 8.9e-06  1.40 h, ETA 0.32 h
[2026-08-23 01:14:53] t 13.500 step 2747 dt 4.68e-03  E 0.065160 Z 0.9205 ε 0.000460 max|ω| 56.281 ⟨ωSω⟩ 0.6719 (phys 0.6719) kmaxη 2.00 S -0.893 align 0.44/0.59/0.44  health PASS  ebal 1.9e-08 zbal 8.9e-06  1.46 h, ETA 0.27 h
[2026-08-23 01:17:52] t 14.003 step 2843 dt 6.14e-03  E 0.064932 Z 0.8946 ε 0.000447 max|ω| 44.675 ⟨ωSω⟩ 0.5568 (phys 0.5568) kmaxη 2.01 S -0.772 align 0.45/0.59/0.43  health PASS  ebal 1.9e-08 zbal 8.9e-06  1.51 h, ETA 0.21 h
[2026-08-23 01:17:52] checkpoint written at t=14.0029
[2026-08-23 01:20:24] t 14.502 step 2924 dt 6.02e-03  E 0.064710 Z 0.8849 ε 0.000442 max|ω| 37.053 ⟨ωSω⟩ 0.5200 (phys 0.5200) kmaxη 2.02 S -0.733 align 0.46/0.58/0.43  health PASS  ebal 1.9e-08 zbal 8.9e-06  1.55 h, ETA 0.16 h
[2026-08-23 01:23:01] t 15.006 step 3008 dt 6.17e-03  E 0.064488 Z 0.8866 ε 0.000443 max|ω| 33.640 ⟨ωSω⟩ 0.4662 (phys 0.4662) kmaxη 2.02 S -0.655 align 0.47/0.58/0.43  health PASS  ebal 1.9e-08 zbal 8.9e-06  1.59 h, ETA 0.11 h
[2026-08-23 01:25:32] t 15.506 step 3089 dt 6.23e-03  E 0.064263 Z 0.9091 ε 0.000455 max|ω| 39.377 ⟨ωSω⟩ 0.4956 (phys 0.4956) kmaxη 2.00 S -0.671 align 0.48/0.57/0.42  health PASS  ebal 1.9e-08 zbal 8.9e-06  1.63 h, ETA 0.05 h
[2026-08-23 01:28:01] t 16.002 step 3169 dt 6.13e-03  E 0.064034 Z 0.9413 ε 0.000471 max|ω| 37.923 ⟨ωSω⟩ 0.5218 (phys 0.5218) kmaxη 1.99 S -0.671 align 0.48/0.57/0.42  health PASS  ebal 1.9e-08 zbal 8.9e-06  1.68 h, ETA -0.00 h
[2026-08-23 01:28:02] checkpoint written at t=16.0022
[2026-08-23 01:28:02] DONE: ε_max 0.000684 at t 9.498; max|ω| peak 138.819 at t 8.246; E(16) 0.064034; health PASS; 1.68 h
