[2026-08-24 18:36:15] NSLab GPU 0.1.2 (app 0.5.1) — tubes N=128³ Re=707 tEnd=16.0 cfl=0.4 dt=adaptive snap=0.5 ckpt=2.0  device NVIDIA GeForce RTX 3060 Laptop GPU  float32
[2026-08-24 18:36:16] solver ready in 0.8 s, device memory 1.45 GB, kc 42, E0 0.07031045854091644, Z0 0.40027013421058655
[2026-08-24 18:36:19] t 0.000 step 0 dt 0.00e+00  E 0.070310 Z 0.4003 ε 0.001132 max|ω| 8.023 (interp 8.037) ⟨ωSω⟩ -0.0000 (phys 0.0000) kmaxη 2.89 S 0.000 align 0.45/0.53/0.45 zgap 5.06  health WARN (end WARN)  ebal 0.0e+00 zbal 0.0e+00  0.00 h, ETA 1128.68 h
[2026-08-24 18:36:28] t 0.502 step 50 dt 1.06e-02  E 0.069747 Z 0.3933 ε 0.001113 max|ω| 7.864 (interp 7.878) ⟨ωSω⟩ 0.0028 (phys 0.0028) kmaxη 2.91 S -0.013 align 0.52/0.52/0.37 zgap 4.91  health WARN (end WARN)  ebal 2.5e-07 zbal 2.9e-07  0.00 h, ETA 0.11 h
[2026-08-24 18:36:36] t 1.009 step 95 dt 1.17e-02  E 0.069186 Z 0.3905 ε 0.001105 max|ω| 7.826 (interp 7.832) ⟨ωSω⟩ 0.0209 (phys 0.0209) kmaxη 2.91 S -0.100 align 0.56/0.51/0.33 zgap 4.52  health FAIL (end FAIL)  ebal 3.2e-07 zbal 2.9e-07  0.01 h, ETA 0.09 h
[2026-08-24 18:36:42] t 1.508 step 137 dt 1.18e-02  E 0.068632 Z 0.3954 ε 0.001119 max|ω| 7.914 (interp 7.951) ⟨ωSω⟩ 0.0370 (phys 0.0370) kmaxη 2.90 S -0.175 align 0.59/0.49/0.31 zgap 4.22  health FAIL (end FAIL)  ebal 3.2e-07 zbal 2.9e-07  0.01 h, ETA 0.07 h
[2026-08-24 18:36:50] t 2.011 step 180 dt 1.16e-02  E 0.068064 Z 0.4025 ε 0.001139 max|ω| 8.014 (interp 8.030) ⟨ωSω⟩ 0.0432 (phys 0.0432) kmaxη 2.89 S -0.199 align 0.61/0.48/0.30 zgap 3.93  health FAIL (end FAIL)  ebal 3.3e-07 zbal 2.9e-07  0.01 h, ETA 0.07 h
[2026-08-24 18:36:50] checkpoint written at t=2.0114
[2026-08-24 18:37:00] t 2.506 step 223 dt 1.15e-02  E 0.067497 Z 0.4067 ε 0.001150 max|ω| 8.129 (interp 8.157) ⟨ωSω⟩ 0.0426 (phys 0.0426) kmaxη 2.88 S -0.193 align 0.61/0.47/0.31 zgap 3.83  health FAIL (end FAIL)  ebal 3.3e-07 zbal 2.9e-07  0.01 h, ETA 0.07 h
[2026-08-24 18:37:09] t 3.009 step 267 dt 1.14e-02  E 0.066917 Z 0.4076 ε 0.001153 max|ω| 8.445 (interp 8.479) ⟨ωSω⟩ 0.0430 (phys 0.0430) kmaxη 2.88 S -0.194 align 0.62/0.46/0.32 zgap 3.78  health FAIL (end FAIL)  ebal 3.3e-07 zbal 2.9e-07  0.02 h, ETA 0.06 h
[2026-08-24 18:37:18] t 3.511 step 311 dt 1.14e-02  E 0.066340 Z 0.4063 ε 0.001149 max|ω| 8.478 (interp 8.513) ⟨ωSω⟩ 0.0427 (phys 0.0427) kmaxη 2.88 S -0.194 align 0.61/0.45/0.34 zgap 3.68  health FAIL (end FAIL)  ebal 3.3e-07 zbal 3.0e-07  0.02 h, ETA 0.06 h
[2026-08-24 18:37:24] t 4.009 step 355 dt 1.13e-02  E 0.065769 Z 0.4035 ε 0.001141 max|ω| 8.040 (interp 8.114) ⟨ωSω⟩ 0.0410 (phys 0.0410) kmaxη 2.89 S -0.188 align 0.61/0.45/0.36 zgap 3.58  health FAIL (end FAIL)  ebal 3.3e-07 zbal 3.0e-07  0.02 h, ETA 0.06 h
[2026-08-24 18:37:24] checkpoint written at t=4.0088
[2026-08-24 18:37:30] t 4.501 step 399 dt 1.11e-02  E 0.065209 Z 0.3996 ε 0.001130 max|ω| 7.742 (interp 7.746) ⟨ωSω⟩ 0.0400 (phys 0.0400) kmaxη 2.89 S -0.186 align 0.60/0.44/0.38 zgap 3.49  health FAIL (end FAIL)  ebal 3.3e-07 zbal 3.0e-07  0.02 h, ETA 0.05 h
[2026-08-24 18:37:37] t 5.000 step 444 dt 1.10e-02  E 0.064648 Z 0.3960 ε 0.001120 max|ω| 7.494 (interp 7.528) ⟨ωSω⟩ 0.0405 (phys 0.0405) kmaxη 2.90 S -0.191 align 0.60/0.44/0.39 zgap 3.39  health FAIL (end FAIL)  ebal 3.3e-07 zbal 3.0e-07  0.02 h, ETA 0.05 h
[2026-08-24 18:37:42] t 5.503 step 490 dt 1.08e-02  E 0.064087 Z 0.3935 ε 0.001113 max|ω| 7.496 (interp 7.547) ⟨ωSω⟩ 0.0416 (phys 0.0416) kmaxη 2.90 S -0.198 align 0.59/0.43/0.40 zgap 3.29  health FAIL (end FAIL)  ebal 3.3e-07 zbal 3.0e-07  0.02 h, ETA 0.05 h
[2026-08-24 18:37:48] t 6.010 step 537 dt 1.08e-02  E 0.063523 Z 0.3922 ε 0.001110 max|ω| 7.704 (interp 7.721) ⟨ωSω⟩ 0.0435 (phys 0.0435) kmaxη 2.91 S -0.208 align 0.58/0.43/0.41 zgap 3.19  health FAIL (end FAIL)  ebal 3.3e-07 zbal 3.0e-07  0.03 h, ETA 0.04 h
[2026-08-24 18:37:48] checkpoint written at t=6.0103
[2026-08-24 18:37:53] t 6.504 step 583 dt 1.07e-02  E 0.062975 Z 0.3927 ε 0.001111 max|ω| 8.192 (interp 8.272) ⟨ωSω⟩ 0.0480 (phys 0.0480) kmaxη 2.91 S -0.229 align 0.57/0.44/0.42 zgap 3.09  health FAIL (end FAIL)  ebal 3.3e-07 zbal 3.0e-07  0.03 h, ETA 0.04 h
[2026-08-24 18:38:06] t 7.002 step 630 dt 1.05e-02  E 0.062420 Z 0.3963 ε 0.001121 max|ω| 9.958 (interp 9.998) ⟨ωSω⟩ 0.0571 (phys 0.0571) kmaxη 2.90 S -0.269 align 0.56/0.44/0.43 zgap 2.99  health FAIL (end FAIL)  ebal 3.3e-07 zbal 3.0e-07  0.03 h, ETA 0.04 h
[2026-08-24 18:38:24] t 7.509 step 679 dt 1.03e-02  E 0.061846 Z 0.4052 ε 0.001146 max|ω| 13.366 (interp 13.464) ⟨ωSω⟩ 0.0772 (phys 0.0772) kmaxη 2.88 S -0.351 align 0.55/0.45/0.44 zgap 2.95  health FAIL (end FAIL)  ebal 3.3e-07 zbal 3.0e-07  0.04 h, ETA 0.04 h
[2026-08-24 18:38:39] t 8.007 step 727 dt 1.06e-02  E 0.061265 Z 0.4206 ε 0.001190 max|ω| 18.291 (interp 19.497) ⟨ωSω⟩ 0.1172 (phys 0.1172) kmaxη 2.86 S -0.504 align 0.54/0.45/0.45 zgap 2.85  health FAIL (end FAIL)  ebal 3.3e-07 zbal 3.0e-07  0.04 h, ETA 0.04 h
[2026-08-24 18:38:39] checkpoint written at t=8.0074
[2026-08-24 18:38:54] t 8.510 step 773 dt 1.13e-02  E 0.060654 Z 0.4382 ε 0.001239 max|ω| 24.568 (interp 25.006) ⟨ωSω⟩ 0.1763 (phys 0.1763) kmaxη 2.83 S -0.713 align 0.52/0.46/0.46 zgap 2.80  health FAIL (end FAIL)  ebal 3.3e-07 zbal 3.0e-07  0.04 h, ETA 0.04 h
[2026-08-24 18:39:00] t 9.002 step 815 dt 1.22e-02  E 0.060032 Z 0.4542 ε 0.001285 max|ω| 24.927 (interp 27.889) ⟨ωSω⟩ 0.2565 (phys 0.2565) kmaxη 2.80 S -0.983 align 0.50/0.48/0.46 zgap 2.75  health FAIL (end FAIL)  ebal 3.3e-07 zbal 3.0e-07  0.05 h, ETA 0.04 h
[2026-08-24 18:39:18] t 9.510 step 855 dt 1.32e-02  E 0.059384 Z 0.4425 ε 0.001252 max|ω| 36.952 (interp 38.164) ⟨ωSω⟩ 0.2467 (phys 0.2467) kmaxη 2.82 S -0.984 align 0.49/0.51/0.45 zgap 3.34  health FAIL (end FAIL)  ebal 3.3e-07 zbal 3.0e-07  0.05 h, ETA 0.03 h
[2026-08-24 18:39:22] t 10.002 step 893 dt 1.23e-02  E 0.058787 Z 0.4119 ε 0.001165 max|ω| 30.995 (interp 32.057) ⟨ωSω⟩ 0.1968 (phys 0.1968) kmaxη 2.87 S -0.874 align 0.48/0.53/0.45 zgap 3.49  health FAIL (end FAIL)  ebal 3.3e-07 zbal 3.0e-07  0.05 h, ETA 0.03 h
[2026-08-24 18:39:22] checkpoint written at t=10.0021
[2026-08-24 18:39:27] t 10.502 step 932 dt 1.34e-02  E 0.058235 Z 0.3711 ε 0.001050 max|ω| 24.969 (interp 26.359) ⟨ωSω⟩ 0.1366 (phys 0.1366) kmaxη 2.95 S -0.709 align 0.46/0.55/0.45 zgap 2.95  health FAIL (end FAIL)  ebal 3.3e-07 zbal 3.0e-07  0.05 h, ETA 0.03 h
[2026-08-24 18:39:32] t 11.007 step 969 dt 1.34e-02  E 0.057727 Z 0.3425 ε 0.000969 max|ω| 17.650 (interp 19.027) ⟨ωSω⟩ 0.0939 (phys 0.0939) kmaxη 3.01 S -0.550 align 0.45/0.56/0.44 zgap 2.50  health FAIL (end FAIL)  ebal 3.3e-07 zbal 3.5e-07  0.05 h, ETA 0.02 h
[2026-08-24 18:39:36] t 11.513 step 1006 dt 1.39e-02  E 0.057248 Z 0.3279 ε 0.000928 max|ω| 20.571 (interp 20.968) ⟨ωSω⟩ 0.0844 (phys 0.0844) kmaxη 3.04 S -0.527 align 0.44/0.58/0.43 zgap 2.36  health FAIL (end FAIL)  ebal 3.3e-07 zbal 3.5e-07  0.06 h, ETA 0.02 h
[2026-08-24 18:39:40] t 12.003 step 1042 dt 1.38e-02  E 0.056801 Z 0.3178 ε 0.000899 max|ω| 17.029 (interp 17.076) ⟨ωSω⟩ 0.0750 (phys 0.0750) kmaxη 3.06 S -0.491 align 0.42/0.59/0.43 zgap 2.01  health FAIL (end FAIL)  ebal 3.3e-07 zbal 3.5e-07  0.06 h, ETA 0.02 h
[2026-08-24 18:39:40] checkpoint written at t=12.0031
[2026-08-24 18:39:45] t 12.514 step 1078 dt 1.45e-02  E 0.056347 Z 0.3103 ε 0.000878 max|ω| 12.459 (interp 12.661) ⟨ωSω⟩ 0.0693 (phys 0.0693) kmaxη 3.08 S -0.471 align 0.41/0.60/0.42 zgap 2.01  health FAIL (end FAIL)  ebal 3.3e-07 zbal 3.5e-07  0.06 h, ETA 0.02 h
[2026-08-24 18:39:49] t 13.010 step 1112 dt 1.46e-02  E 0.055915 Z 0.3066 ε 0.000867 max|ω| 11.865 (interp 11.909) ⟨ωSω⟩ 0.0677 (phys 0.0677) kmaxη 3.09 S -0.468 align 0.41/0.61/0.42 zgap 2.60  health FAIL (end FAIL)  ebal 3.3e-07 zbal 3.5e-07  0.06 h, ETA 0.01 h
[2026-08-24 18:39:53] t 13.513 step 1146 dt 1.51e-02  E 0.055480 Z 0.3042 ε 0.000861 max|ω| 10.123 (interp 10.429) ⟨ωSω⟩ 0.0628 (phys 0.0628) kmaxη 3.10 S -0.439 align 0.41/0.61/0.41 zgap 2.65  health FAIL (end FAIL)  ebal 3.3e-07 zbal 3.5e-07  0.06 h, ETA 0.01 h
[2026-08-24 18:40:01] t 14.003 step 1178 dt 1.54e-02  E 0.055060 Z 0.3026 ε 0.000856 max|ω| 10.088 (interp 10.148) ⟨ωSω⟩ 0.0596 (phys 0.0596) kmaxη 3.10 S -0.421 align 0.42/0.61/0.41 zgap 2.85  health FAIL (end FAIL)  ebal 3.3e-07 zbal 3.5e-07  0.06 h, ETA 0.01 h
[2026-08-24 18:40:01] checkpoint written at t=14.0029
[2026-08-24 18:40:06] t 14.510 step 1211 dt 1.54e-02  E 0.054625 Z 0.3040 ε 0.000860 max|ω| 9.962 (interp 10.042) ⟨ωSω⟩ 0.0616 (phys 0.0616) kmaxη 3.10 S -0.431 align 0.44/0.60/0.40 zgap 2.90  health FAIL (end FAIL)  ebal 3.3e-07 zbal 3.5e-07  0.06 h, ETA 0.01 h
[2026-08-24 18:40:11] t 15.007 step 1243 dt 1.57e-02  E 0.054195 Z 0.3080 ε 0.000871 max|ω| 9.187 (interp 9.334) ⟨ωSω⟩ 0.0626 (phys 0.0626) kmaxη 3.09 S -0.430 align 0.46/0.60/0.39 zgap 2.75  health FAIL (end FAIL)  ebal 3.3e-07 zbal 3.5e-07  0.07 h, ETA 0.00 h
[2026-08-24 18:40:15] t 15.516 step 1275 dt 1.62e-02  E 0.053748 Z 0.3138 ε 0.000888 max|ω| 8.791 (interp 8.854) ⟨ωSω⟩ 0.0634 (phys 0.0634) kmaxη 3.07 S -0.423 align 0.47/0.60/0.38 zgap 2.60  health FAIL (end FAIL)  ebal 3.3e-07 zbal 3.5e-07  0.07 h, ETA 0.00 h
[2026-08-24 18:40:28] t 16.014 step 1306 dt 1.60e-02  E 0.053301 Z 0.3209 ε 0.000908 max|ω| 9.914 (interp 9.959) ⟨ωSω⟩ 0.0640 (phys 0.0640) kmaxη 3.06 S -0.413 align 0.48/0.60/0.38 zgap 2.55  health FAIL (end FAIL)  ebal 3.3e-07 zbal 3.5e-07  0.07 h, ETA -0.00 h
[2026-08-24 18:40:28] checkpoint written at t=16.0140
[2026-08-24 18:40:28] DONE: ε_max 0.001287 at t 9.100; max|ω| peak 37.159 at t 9.550; interpolated peak 38.164 at t 9.510; E(16) 0.053301; health FAIL; 0.07 h
