[2026-08-25 16:25:50] NSLab GPU 0.1.2 (app 0.5.1) — tubes N=384³ Re=1414 tEnd=16.0 cfl=0.4 dt=adaptive snap=0.5 ckpt=2.0  device NVIDIA A100-SXM4-80GB  float64
[2026-08-25 16:25:51] solver ready in 0.5 s, device memory 17.82 GB, kc 128, E0 0.07031047701250986, Z0 0.40027018782525114
[2026-08-25 16:25:52] t 0.000 step 0 dt 0.00e+00  E 0.070310 Z 0.4003 ε 0.000566 max|ω| 8.037 (interp 8.037) ⟨ωSω⟩ -0.0000 (phys 0.0000) kmaxη 6.23 S 0.000 align 0.45/0.53/0.45 zgap 5.06  health PASS (end PASS)  ebal 0.0e+00 zbal 0.0e+00  0.00 h, ETA 473.53 h
[2026-08-25 16:27:00] t 0.502 step 150 dt 3.55e-03  E 0.070028 Z 0.3970 ε 0.000562 max|ω| 7.949 (interp 7.950) ⟨ωSω⟩ 0.0029 (phys 0.0029) kmaxη 6.25 S -0.014 align 0.52/0.52/0.37 zgap 4.91  health PASS (end PASS)  ebal 1.6e-14 zbal 2.7e-13  0.02 h, ETA 0.60 h
[2026-08-25 16:28:00] t 1.004 step 284 dt 3.90e-03  E 0.069746 Z 0.3985 ε 0.000564 max|ω| 7.981 (interp 7.986) ⟨ωSω⟩ 0.0224 (phys 0.0224) kmaxη 6.24 S -0.104 align 0.56/0.51/0.33 zgap 4.53  health PASS (end PASS)  ebal 1.6e-14 zbal 3.3e-12  0.04 h, ETA 0.54 h
[2026-08-25 16:29:01] t 1.502 step 411 dt 3.90e-03  E 0.069462 Z 0.4093 ε 0.000579 max|ω| 8.192 (interp 8.196) ⟨ωSω⟩ 0.0415 (phys 0.0415) kmaxη 6.20 S -0.186 align 0.59/0.49/0.31 zgap 4.22  health PASS (end PASS)  ebal 1.7e-14 zbal 4.6e-12  0.05 h, ETA 0.51 h
[2026-08-25 16:30:00] t 2.002 step 541 dt 3.80e-03  E 0.069167 Z 0.4245 ε 0.000600 max|ω| 8.341 (interp 8.344) ⟨ωSω⟩ 0.0507 (phys 0.0507) kmaxη 6.14 S -0.215 align 0.61/0.48/0.30 zgap 3.98  health PASS (end PASS)  ebal 2.6e-14 zbal 4.6e-12  0.07 h, ETA 0.48 h
[2026-08-25 16:30:02] checkpoint written at t=2.0018
[2026-08-25 16:31:02] t 2.503 step 674 dt 3.75e-03  E 0.068861 Z 0.4382 ε 0.000620 max|ω| 8.635 (interp 8.641) ⟨ωSω⟩ 0.0533 (phys 0.0533) kmaxη 6.09 S -0.216 align 0.62/0.47/0.31 zgap 3.83  health PASS (end PASS)  ebal 2.9e-14 zbal 4.6e-12  0.09 h, ETA 0.47 h
[2026-08-25 16:32:03] t 3.001 step 807 dt 3.73e-03  E 0.068548 Z 0.4492 ε 0.000635 max|ω| 9.080 (interp 9.088) ⟨ωSω⟩ 0.0570 (phys 0.0570) kmaxη 6.06 S -0.222 align 0.62/0.46/0.32 zgap 3.80  health PASS (end PASS)  ebal 2.9e-14 zbal 4.6e-12  0.10 h, ETA 0.45 h
[2026-08-25 16:33:03] t 3.503 step 942 dt 3.70e-03  E 0.068226 Z 0.4579 ε 0.000648 max|ω| 8.980 (interp 8.980) ⟨ωSω⟩ 0.0592 (phys 0.0592) kmaxη 6.03 S -0.224 align 0.63/0.45/0.34 zgap 3.68  health PASS (end PASS)  ebal 2.9e-14 zbal 4.6e-12  0.12 h, ETA 0.43 h
[2026-08-25 16:34:04] t 4.000 step 1077 dt 3.66e-03  E 0.067902 Z 0.4631 ε 0.000655 max|ω| 8.534 (interp 8.537) ⟨ωSω⟩ 0.0586 (phys 0.0586) kmaxη 6.01 S -0.218 align 0.63/0.44/0.35 zgap 3.58  health PASS (end PASS)  ebal 2.9e-14 zbal 4.6e-12  0.14 h, ETA 0.41 h
[2026-08-25 16:34:06] checkpoint written at t=4.0000
[2026-08-25 16:35:08] t 4.500 step 1215 dt 3.59e-03  E 0.067574 Z 0.4657 ε 0.000659 max|ω| 8.400 (interp 8.402) ⟨ωSω⟩ 0.0596 (phys 0.0596) kmaxη 6.00 S -0.220 align 0.62/0.44/0.37 zgap 3.50  health PASS (end PASS)  ebal 2.9e-14 zbal 4.6e-12  0.16 h, ETA 0.40 h
[2026-08-25 16:36:12] t 5.001 step 1356 dt 3.51e-03  E 0.067243 Z 0.4672 ε 0.000661 max|ω| 8.407 (interp 8.409) ⟨ωSω⟩ 0.0612 (phys 0.0612) kmaxη 6.00 S -0.225 align 0.62/0.44/0.38 zgap 3.42  health PASS (end PASS)  ebal 2.9e-14 zbal 4.6e-12  0.17 h, ETA 0.38 h
[2026-08-25 16:37:16] t 5.501 step 1500 dt 3.45e-03  E 0.066912 Z 0.4688 ε 0.000663 max|ω| 8.719 (interp 8.720) ⟨ωSω⟩ 0.0627 (phys 0.0627) kmaxη 5.99 S -0.229 align 0.61/0.44/0.40 zgap 3.29  health PASS (end PASS)  ebal 2.9e-14 zbal 4.6e-12  0.19 h, ETA 0.36 h
[2026-08-25 16:38:22] t 6.002 step 1646 dt 3.40e-03  E 0.066579 Z 0.4715 ε 0.000667 max|ω| 9.014 (interp 9.016) ⟨ωSω⟩ 0.0667 (phys 0.0667) kmaxη 5.98 S -0.242 align 0.60/0.44/0.40 zgap 3.21  health PASS (end PASS)  ebal 2.9e-14 zbal 4.6e-12  0.21 h, ETA 0.35 h
[2026-08-25 16:38:24] checkpoint written at t=6.0016
[2026-08-25 16:39:31] t 6.502 step 1795 dt 3.30e-03  E 0.066244 Z 0.4775 ε 0.000675 max|ω| 10.001 (interp 10.001) ⟨ωSω⟩ 0.0755 (phys 0.0755) kmaxη 5.96 S -0.269 align 0.59/0.45/0.41 zgap 3.08  health PASS (end PASS)  ebal 2.9e-14 zbal 4.6e-12  0.23 h, ETA 0.33 h
[2026-08-25 16:40:44] t 7.002 step 1950 dt 3.14e-03  E 0.065902 Z 0.4901 ε 0.000693 max|ω| 13.576 (interp 13.611) ⟨ωSω⟩ 0.0958 (phys 0.0958) kmaxη 5.93 S -0.328 align 0.58/0.46/0.41 zgap 2.95  health PASS (end PASS)  ebal 2.9e-14 zbal 4.6e-12  0.25 h, ETA 0.32 h
[2026-08-25 16:42:02] t 7.503 step 2112 dt 3.07e-03  E 0.065547 Z 0.5174 ε 0.000732 max|ω| 21.570 (interp 21.597) ⟨ωSω⟩ 0.1573 (phys 0.1573) kmaxη 5.85 S -0.496 align 0.56/0.47/0.42 zgap 2.86  health PASS (end PASS)  ebal 2.9e-14 zbal 4.6e-12  0.27 h, ETA 0.31 h
[2026-08-25 16:43:22] t 8.003 step 2271 dt 3.26e-03  E 0.065162 Z 0.5731 ε 0.000811 max|ω| 37.891 (interp 38.307) ⟨ωSω⟩ 0.3471 (phys 0.3471) kmaxη 5.70 S -0.939 align 0.55/0.47/0.43 zgap 2.78  health PASS (end PASS)  ebal 4.8e-14 zbal 6.0e-12  0.29 h, ETA 0.29 h
[2026-08-25 16:43:24] checkpoint written at t=8.0032
[2026-08-25 16:44:37] t 8.501 step 2416 dt 3.62e-03  E 0.064733 Z 0.6505 ε 0.000920 max|ω| 73.627 (interp 77.203) ⟨ωSω⟩ 0.7407 (phys 0.7407) kmaxη 5.52 S -1.657 align 0.54/0.49/0.43 zgap 2.86  health PASS (end PASS)  ebal 1.4e-13 zbal 4.7e-11  0.31 h, ETA 0.28 h
[2026-08-25 16:45:39] t 9.001 step 2547 dt 4.00e-03  E 0.064260 Z 0.6639 ε 0.000939 max|ω| 84.195 (interp 86.860) ⟨ωSω⟩ 0.8008 (phys 0.8008) kmaxη 5.49 S -1.738 align 0.52/0.50/0.43 zgap 2.90  health PASS (end PASS)  ebal 1.4e-12 zbal 5.4e-09  0.33 h, ETA 0.26 h
[2026-08-25 16:46:35] t 9.502 step 2672 dt 3.81e-03  E 0.063819 Z 0.5884 ε 0.000832 max|ω| 52.911 (interp 54.737) ⟨ωSω⟩ 0.4833 (phys 0.4833) kmaxη 5.66 S -1.257 align 0.51/0.52/0.43 zgap 2.85  health PASS (end PASS)  ebal 7.3e-12 zbal 1.3e-08  0.35 h, ETA 0.24 h
[2026-08-25 16:47:36] t 10.000 step 2805 dt 3.80e-03  E 0.063410 Z 0.5703 ε 0.000807 max|ω| 51.986 (interp 52.829) ⟨ωSω⟩ 0.5411 (phys 0.5411) kmaxη 5.71 S -1.475 align 0.49/0.55/0.42 zgap 2.86  health PASS (end PASS)  ebal 7.3e-12 zbal 1.3e-08  0.36 h, ETA 0.22 h
[2026-08-25 16:47:38] checkpoint written at t=10.0004
[2026-08-25 16:48:36] t 10.503 step 2935 dt 3.93e-03  E 0.063019 Z 0.5320 ε 0.000753 max|ω| 60.668 (interp 61.675) ⟨ωSω⟩ 0.4012 (phys 0.4012) kmaxη 5.81 S -1.214 align 0.48/0.57/0.42 zgap 2.78  health PASS (end PASS)  ebal 7.3e-12 zbal 1.3e-08  0.38 h, ETA 0.20 h
[2026-08-25 16:49:34] t 11.002 step 3063 dt 4.09e-03  E 0.062654 Z 0.5018 ε 0.000710 max|ω| 47.426 (interp 50.002) ⟨ωSω⟩ 0.3100 (phys 0.3100) kmaxη 5.89 S -1.024 align 0.46/0.58/0.42 zgap 2.49  health PASS (end PASS)  ebal 7.3e-12 zbal 1.3e-08  0.40 h, ETA 0.18 h
[2026-08-25 16:50:28] t 11.500 step 3184 dt 4.11e-03  E 0.062310 Z 0.4776 ε 0.000676 max|ω| 41.782 (interp 42.787) ⟨ωSω⟩ 0.2360 (phys 0.2360) kmaxη 5.96 S -0.839 align 0.45/0.59/0.42 zgap 2.18  health PASS (end PASS)  ebal 7.3e-12 zbal 1.3e-08  0.41 h, ETA 0.16 h
[2026-08-25 16:51:24] t 12.004 step 3308 dt 4.19e-03  E 0.061973 Z 0.4705 ε 0.000665 max|ω| 37.873 (interp 38.037) ⟨ωSω⟩ 0.2179 (phys 0.2179) kmaxη 5.99 S -0.793 align 0.44/0.60/0.41 zgap 2.00  health PASS (end PASS)  ebal 7.3e-12 zbal 1.3e-08  0.43 h, ETA 0.14 h
[2026-08-25 16:51:26] checkpoint written at t=12.0036
[2026-08-25 16:52:19] t 12.501 step 3426 dt 4.22e-03  E 0.061643 Z 0.4664 ε 0.000660 max|ω| 26.361 (interp 26.473) ⟨ωSω⟩ 0.1977 (phys 0.1977) kmaxη 6.00 S -0.729 align 0.43/0.60/0.41 zgap 2.06  health PASS (end PASS)  ebal 7.3e-12 zbal 1.3e-08  0.44 h, ETA 0.12 h
[2026-08-25 16:53:12] t 13.001 step 3542 dt 4.42e-03  E 0.061313 Z 0.4681 ε 0.000662 max|ω| 23.860 (interp 23.902) ⟨ωSω⟩ 0.1860 (phys 0.1860) kmaxη 5.99 S -0.682 align 0.43/0.60/0.41 zgap 2.05  health PASS (end PASS)  ebal 7.3e-12 zbal 1.3e-08  0.46 h, ETA 0.11 h
[2026-08-25 16:54:01] t 13.501 step 3653 dt 4.55e-03  E 0.060982 Z 0.4687 ε 0.000663 max|ω| 21.646 (interp 21.914) ⟨ωSω⟩ 0.1563 (phys 0.1563) kmaxη 5.99 S -0.572 align 0.44/0.60/0.41 zgap 2.11  health PASS (end PASS)  ebal 7.3e-12 zbal 1.3e-08  0.47 h, ETA 0.09 h
[2026-08-25 16:54:51] t 14.002 step 3763 dt 4.64e-03  E 0.060649 Z 0.4697 ε 0.000664 max|ω| 20.016 (interp 20.023) ⟨ωSω⟩ 0.1398 (phys 0.1398) kmaxη 5.99 S -0.510 align 0.45/0.59/0.40 zgap 1.98  health PASS (end PASS)  ebal 7.3e-12 zbal 1.3e-08  0.48 h, ETA 0.07 h
[2026-08-25 16:54:53] checkpoint written at t=14.0022
[2026-08-25 16:55:40] t 14.500 step 3868 dt 4.81e-03  E 0.060317 Z 0.4727 ε 0.000669 max|ω| 18.005 (interp 18.012) ⟨ωSω⟩ 0.1286 (phys 0.1286) kmaxη 5.98 S -0.464 align 0.47/0.59/0.40 zgap 1.90  health PASS (end PASS)  ebal 7.3e-12 zbal 1.3e-08  0.50 h, ETA 0.05 h
[2026-08-25 16:56:28] t 15.004 step 3973 dt 4.67e-03  E 0.059979 Z 0.4787 ε 0.000677 max|ω| 16.736 (interp 16.756) ⟨ωSω⟩ 0.1210 (phys 0.1210) kmaxη 5.96 S -0.429 align 0.48/0.59/0.39 zgap 1.80  health PASS (end PASS)  ebal 7.3e-12 zbal 1.3e-08  0.51 h, ETA 0.03 h
[2026-08-25 16:57:17] t 15.501 step 4083 dt 4.38e-03  E 0.059639 Z 0.4875 ε 0.000690 max|ω| 17.135 (interp 17.164) ⟨ωSω⟩ 0.1199 (phys 0.1199) kmaxη 5.93 S -0.413 align 0.49/0.59/0.38 zgap 1.62  health PASS (end PASS)  ebal 7.3e-12 zbal 1.3e-08  0.52 h, ETA 0.02 h
[2026-08-25 16:58:10] t 16.003 step 4199 dt 4.34e-03  E 0.059289 Z 0.5022 ε 0.000710 max|ω| 15.449 (interp 15.482) ⟨ωSω⟩ 0.1309 (phys 0.1309) kmaxη 5.89 S -0.432 align 0.50/0.59/0.38 zgap 1.73  health PASS (end PASS)  ebal 7.3e-12 zbal 1.3e-08  0.54 h, ETA -0.00 h
[2026-08-25 16:58:12] checkpoint written at t=16.0026
[2026-08-25 16:58:12] DONE: ε_max 0.000954 at t 8.812; max|ω| peak 99.739 at t 8.878; interpolated peak 103.082 at t 8.867; E(16) 0.059289; health PASS; 0.54 h
