[2026-08-23 08:37:07] NSLab GPU 0.1.1 (app 0.5.0) — tubes N=96³ Re=2000 tEnd=16.0 cfl=0.4 dt=adaptive snap=0.5 ckpt=2.0  device NVIDIA GeForce RTX 3060 Laptop GPU  float64
[2026-08-23 08:37:09] solver ready in 2.0 s, device memory 1.39 GB, kc 32, E0 0.07031047701250986, Z0 0.40027018782525114
[2026-08-23 08:37:13] t 0.000 step 0 dt 0.00e+00  E 0.070310 Z 0.4003 ε 0.000400 max|ω| 8.025 (interp 8.037) ⟨ωSω⟩ -0.0000 (phys -0.0000) kmaxη 1.31 S 0.000 align 0.45/0.53/0.45 zgap 5.04  health PASS (end PASS)  ebal 0.0e+00 zbal 0.0e+00  0.00 h, ETA 1699.86 h
[2026-08-23 08:37:24] t 0.508 step 38 dt 1.42e-02  E 0.070108 Z 0.3981 ε 0.000398 max|ω| 7.941 (interp 7.971) ⟨ωSω⟩ 0.0031 (phys 0.0031) kmaxη 1.31 S -0.014 align 0.52/0.52/0.37 zgap 4.91  health PASS (end PASS)  ebal 9.0e-12 zbal 5.4e-10  0.00 h, ETA 0.14 h
[2026-08-23 08:37:31] t 1.002 step 71 dt 1.56e-02  E 0.069911 Z 0.4009 ε 0.000401 max|ω| 8.025 (interp 8.034) ⟨ωSω⟩ 0.0228 (phys 0.0228) kmaxη 1.31 S -0.106 align 0.56/0.51/0.33 zgap 4.52  health PASS (end PASS)  ebal 2.2e-11 zbal 6.1e-09  0.01 h, ETA 0.10 h
[2026-08-23 08:37:37] t 1.504 step 103 dt 1.56e-02  E 0.069707 Z 0.4137 ε 0.000414 max|ω| 8.263 (interp 8.281) ⟨ωSω⟩ 0.0426 (phys 0.0426) kmaxη 1.30 S -0.188 align 0.59/0.49/0.31 zgap 4.25  health PASS (end PASS)  ebal 4.1e-11 zbal 1.0e-08  0.01 h, ETA 0.08 h
[2026-08-23 08:37:43] t 2.011 step 136 dt 1.51e-02  E 0.069492 Z 0.4319 ε 0.000432 max|ω| 8.445 (interp 8.497) ⟨ωSω⟩ 0.0520 (phys 0.0520) kmaxη 1.29 S -0.215 align 0.60/0.46/0.33 zgap 3.99  health PASS (end PASS)  ebal 4.1e-11 zbal 1.0e-08  0.01 h, ETA 0.07 h
[2026-08-23 08:37:43] checkpoint written at t=2.0108
[2026-08-23 08:37:51] t 2.507 step 169 dt 1.49e-02  E 0.069274 Z 0.4492 ε 0.000449 max|ω| 8.769 (interp 8.833) ⟨ωSω⟩ 0.0552 (phys 0.0552) kmaxη 1.27 S -0.215 align 0.60/0.45/0.35 zgap 3.80  health PASS (end PASS)  ebal 4.1e-11 zbal 1.0e-08  0.01 h, ETA 0.07 h
[2026-08-23 08:37:57] t 3.013 step 203 dt 1.49e-02  E 0.069042 Z 0.4651 ε 0.000465 max|ω| 9.291 (interp 9.305) ⟨ωSω⟩ 0.0597 (phys 0.0597) kmaxη 1.26 S -0.221 align 0.60/0.43/0.38 zgap 3.73  health PASS (end PASS)  ebal 4.1e-11 zbal 1.0e-08  0.01 h, ETA 0.06 h
[2026-08-23 08:38:03] t 3.501 step 236 dt 1.47e-02  E 0.068812 Z 0.4786 ε 0.000479 max|ω| 9.245 (interp 9.250) ⟨ωSω⟩ 0.0622 (phys 0.0622) kmaxη 1.25 S -0.221 align 0.59/0.43/0.39 zgap 3.60  health PASS (end PASS)  ebal 4.1e-11 zbal 1.0e-08  0.02 h, ETA 0.06 h
[2026-08-23 08:38:11] t 4.011 step 271 dt 1.45e-02  E 0.068565 Z 0.4891 ε 0.000489 max|ω| 9.262 (interp 9.264) ⟨ωSω⟩ 0.0619 (phys 0.0619) kmaxη 1.25 S -0.212 align 0.58/0.43/0.41 zgap 3.53  health PASS (end PASS)  ebal 4.1e-11 zbal 1.0e-08  0.02 h, ETA 0.05 h
[2026-08-23 08:38:11] checkpoint written at t=4.0113
[2026-08-23 08:38:16] t 4.503 step 305 dt 1.43e-02  E 0.068323 Z 0.4962 ε 0.000496 max|ω| 9.106 (interp 9.159) ⟨ωSω⟩ 0.0630 (phys 0.0630) kmaxη 1.24 S -0.212 align 0.58/0.42/0.42 zgap 3.34  health PASS (end PASS)  ebal 4.1e-11 zbal 1.0e-08  0.02 h, ETA 0.05 h
[2026-08-23 08:38:21] t 5.009 step 341 dt 1.39e-02  E 0.068070 Z 0.5014 ε 0.000501 max|ω| 8.955 (interp 9.121) ⟨ωSω⟩ 0.0620 (phys 0.0621) kmaxη 1.24 S -0.205 align 0.58/0.42/0.43 zgap 3.27  health PASS (end PASS)  ebal 4.1e-11 zbal 1.0e-08  0.02 h, ETA 0.04 h
[2026-08-23 08:38:27] t 5.505 step 377 dt 1.37e-02  E 0.067820 Z 0.5054 ε 0.000505 max|ω| 10.294 (interp 10.358) ⟨ωSω⟩ 0.0641 (phys 0.0641) kmaxη 1.24 S -0.209 align 0.57/0.43/0.43 zgap 3.14  health WARN (end WARN)  ebal 4.1e-11 zbal 1.0e-08  0.02 h, ETA 0.04 h
[2026-08-23 08:38:33] t 6.006 step 414 dt 1.34e-02  E 0.067566 Z 0.5107 ε 0.000511 max|ω| 10.024 (interp 10.119) ⟨ωSω⟩ 0.0664 (phys 0.0664) kmaxη 1.23 S -0.214 align 0.56/0.44/0.43 zgap 3.08  health WARN (end WARN)  ebal 4.1e-11 zbal 1.0e-08  0.02 h, ETA 0.04 h
[2026-08-23 08:38:33] checkpoint written at t=6.0057
[2026-08-23 08:38:38] t 6.504 step 452 dt 1.29e-02  E 0.067310 Z 0.5192 ε 0.000519 max|ω| 10.527 (interp 10.821) ⟨ωSω⟩ 0.0781 (phys 0.0781) kmaxη 1.23 S -0.245 align 0.55/0.44/0.44 zgap 2.95  health WARN (end WARN)  ebal 4.1e-11 zbal 1.0e-08  0.03 h, ETA 0.04 h
[2026-08-23 08:38:49] t 7.003 step 492 dt 1.21e-02  E 0.067047 Z 0.5363 ε 0.000536 max|ω| 14.616 (interp 15.460) ⟨ωSω⟩ 0.1040 (phys 0.1040) kmaxη 1.22 S -0.311 align 0.54/0.46/0.44 zgap 2.81  health WARN (end WARN)  ebal 4.1e-11 zbal 1.0e-08  0.03 h, ETA 0.04 h
[2026-08-23 08:39:03] t 7.510 step 533 dt 1.28e-02  E 0.066767 Z 0.5740 ε 0.000574 max|ω| 22.370 (interp 23.718) ⟨ωSω⟩ 0.1794 (phys 0.1795) kmaxη 1.20 S -0.484 align 0.53/0.47/0.45 zgap 2.75  health WARN (end WARN)  ebal 4.1e-11 zbal 1.0e-08  0.03 h, ETA 0.04 h
[2026-08-23 08:39:16] t 8.012 step 571 dt 1.37e-02  E 0.066463 Z 0.6429 ε 0.000643 max|ω| 32.648 (interp 36.170) ⟨ωSω⟩ 0.3069 (phys 0.3075) kmaxη 1.16 S -0.699 align 0.52/0.47/0.45 zgap 2.68  health WARN (end WARN)  ebal 4.1e-11 zbal 1.0e-08  0.04 h, ETA 0.04 h
[2026-08-23 08:39:16] checkpoint written at t=8.0122
[2026-08-23 08:39:32] t 8.514 step 606 dt 1.49e-02  E 0.066112 Z 0.7590 ε 0.000759 max|ω| 51.304 (interp 52.771) ⟨ωSω⟩ 0.4985 (phys 0.5002) kmaxη 1.12 S -0.885 align 0.50/0.49/0.45 zgap 2.88  health WARN (end WARN)  ebal 1.5e-10 zbal 2.2e-08  0.04 h, ETA 0.04 h
[2026-08-23 08:39:40] t 9.002 step 639 dt 1.42e-02  E 0.065715 Z 0.8648 ε 0.000865 max|ω| 37.389 (interp 37.807) ⟨ωSω⟩ 0.5880 (phys 0.5955) kmaxη 1.08 S -0.858 align 0.49/0.50/0.45 zgap 2.88  health WARN (end WARN)  ebal 1.9e-09 zbal 2.1e-07  0.04 h, ETA 0.03 h
[2026-08-23 08:39:51] t 9.503 step 674 dt 1.49e-02  E 0.065284 Z 0.8326 ε 0.000833 max|ω| 28.753 (interp 30.144) ⟨ωSω⟩ 0.2707 (phys 0.2701) kmaxη 1.09 S -0.418 align 0.48/0.52/0.45 zgap 2.09  health WARN (end WARN)  ebal 1.6e-08 zbal 1.9e-06  0.05 h, ETA 0.03 h
[2026-08-23 08:39:55] t 10.010 step 706 dt 1.64e-02  E 0.064883 Z 0.7571 ε 0.000757 max|ω| 27.004 (interp 27.779) ⟨ωSω⟩ 0.2802 (phys 0.2818) kmaxη 1.12 S -0.499 align 0.47/0.54/0.45 zgap 1.90  health WARN (end WARN)  ebal 3.9e-08 zbal 4.5e-06  0.05 h, ETA 0.03 h
[2026-08-23 08:39:55] checkpoint written at t=10.0101
[2026-08-23 08:39:59] t 10.509 step 738 dt 1.56e-02  E 0.064516 Z 0.7163 ε 0.000716 max|ω| 23.840 (interp 25.982) ⟨ωSω⟩ 0.2523 (phys 0.2519) kmaxη 1.13 S -0.488 align 0.46/0.55/0.45 zgap 1.64  health WARN (end WARN)  ebal 3.9e-08 zbal 4.5e-06  0.05 h, ETA 0.02 h
[2026-08-23 08:40:07] t 11.007 step 769 dt 1.64e-02  E 0.064170 Z 0.6717 ε 0.000672 max|ω| 18.497 (interp 19.129) ⟨ωSω⟩ 0.2205 (phys 0.2209) kmaxη 1.15 S -0.470 align 0.45/0.56/0.45 zgap 1.51  health WARN (end WARN)  ebal 3.9e-08 zbal 4.9e-06  0.05 h, ETA 0.02 h
[2026-08-23 08:40:11] t 11.505 step 798 dt 1.73e-02  E 0.063843 Z 0.6428 ε 0.000643 max|ω| 17.317 (interp 19.941) ⟨ωSω⟩ 0.2182 (phys 0.2183) kmaxη 1.16 S -0.497 align 0.45/0.57/0.44 zgap 1.64  health WARN (end WARN)  ebal 5.6e-08 zbal 7.2e-06  0.05 h, ETA 0.02 h
[2026-08-23 08:40:16] t 12.015 step 828 dt 1.68e-02  E 0.063521 Z 0.6186 ε 0.000619 max|ω| 15.554 (interp 16.430) ⟨ωSω⟩ 0.1916 (phys 0.1916) kmaxη 1.18 S -0.462 align 0.45/0.57/0.43 zgap 1.51  health WARN (end WARN)  ebal 5.6e-08 zbal 7.2e-06  0.05 h, ETA 0.02 h
[2026-08-23 08:40:16] checkpoint written at t=12.0151
[2026-08-23 08:40:20] t 12.506 step 857 dt 1.73e-02  E 0.063221 Z 0.6063 ε 0.000606 max|ω| 15.544 (interp 16.421) ⟨ωSω⟩ 0.1896 (phys 0.1895) kmaxη 1.18 S -0.471 align 0.45/0.57/0.43 zgap 1.37  health WARN (end WARN)  ebal 5.6e-08 zbal 7.2e-06  0.05 h, ETA 0.01 h
[2026-08-23 08:40:24] t 13.003 step 885 dt 1.78e-02  E 0.062921 Z 0.6013 ε 0.000601 max|ω| 15.933 (interp 16.896) ⟨ωSω⟩ 0.1840 (phys 0.1839) kmaxη 1.18 S -0.463 align 0.46/0.57/0.43 zgap 1.37  health WARN (end WARN)  ebal 5.6e-08 zbal 7.2e-06  0.05 h, ETA 0.01 h
[2026-08-23 08:40:27] t 13.501 step 914 dt 1.63e-02  E 0.062622 Z 0.6031 ε 0.000603 max|ω| 18.311 (interp 18.950) ⟨ωSω⟩ 0.1951 (phys 0.1951) kmaxη 1.18 S -0.489 align 0.47/0.56/0.43 zgap 1.24  health WARN (end WARN)  ebal 5.6e-08 zbal 7.2e-06  0.06 h, ETA 0.01 h
[2026-08-23 08:40:32] t 14.011 step 946 dt 1.63e-02  E 0.062312 Z 0.6113 ε 0.000611 max|ω| 17.806 (interp 20.155) ⟨ωSω⟩ 0.1979 (phys 0.1981) kmaxη 1.18 S -0.486 align 0.48/0.56/0.42 zgap 1.44  health WARN (end WARN)  ebal 5.6e-08 zbal 7.2e-06  0.06 h, ETA 0.01 h
[2026-08-23 08:40:32] checkpoint written at t=14.0108
[2026-08-23 08:40:36] t 14.513 step 977 dt 1.65e-02  E 0.062003 Z 0.6204 ε 0.000620 max|ω| 15.481 (interp 16.385) ⟨ωSω⟩ 0.1928 (phys 0.1928) kmaxη 1.17 S -0.463 align 0.49/0.55/0.42 zgap 1.31  health WARN (end WARN)  ebal 5.6e-08 zbal 7.2e-06  0.06 h, ETA 0.01 h
[2026-08-23 08:40:42] t 15.005 step 1008 dt 1.68e-02  E 0.061697 Z 0.6235 ε 0.000623 max|ω| 19.448 (interp 20.306) ⟨ωSω⟩ 0.1838 (phys 0.1838) kmaxη 1.17 S -0.438 align 0.49/0.55/0.42 zgap 1.18  health WARN (end WARN)  ebal 5.6e-08 zbal 7.2e-06  0.06 h, ETA 0.00 h
[2026-08-23 08:40:50] t 15.506 step 1038 dt 1.67e-02  E 0.061382 Z 0.6331 ε 0.000633 max|ω| 16.661 (interp 17.048) ⟨ωSω⟩ 0.1936 (phys 0.1935) kmaxη 1.17 S -0.451 align 0.51/0.54/0.42 zgap 1.18  health WARN (end WARN)  ebal 5.6e-08 zbal 7.2e-06  0.06 h, ETA 0.00 h
[2026-08-23 08:40:54] t 16.000 step 1067 dt 1.74e-02  E 0.061065 Z 0.6491 ε 0.000649 max|ω| 14.937 (interp 17.758) ⟨ωSω⟩ 0.2057 (phys 0.2058) kmaxη 1.16 S -0.462 align 0.51/0.53/0.42 zgap 1.31  health WARN (end WARN)  ebal 5.6e-08 zbal 7.2e-06  0.06 h, ETA -0.00 h
[2026-08-23 08:40:54] checkpoint written at t=16.0003
[2026-08-23 08:40:54] DONE: ε_max 0.000874 at t 9.114; max|ω| peak 52.277 at t 8.559; interpolated peak 52.771 at t 8.514; E(16) 0.061065; health WARN; 0.06 h
