[2026-08-24 18:04:55] NSLab GPU 0.1.2 (app 0.5.1) — tubes N=224³ Re=1414 tEnd=16.0 cfl=0.4 dt=adaptive snap=0.5 ckpt=2.0  device NVIDIA GeForce RTX 3060 Laptop GPU  float32
[2026-08-24 18:04:56] solver ready in 0.9 s, device memory 2.84 GB, kc 74, E0 0.07031045854091644, Z0 0.4002700746059418
[2026-08-24 18:04:59] t 0.000 step 0 dt 0.00e+00  E 0.070310 Z 0.4003 ε 0.000566 max|ω| 8.037 (interp 8.037) ⟨ωSω⟩ -0.0000 (phys 0.0000) kmaxη 3.60 S 0.000 align 0.45/0.53/0.45 zgap 5.08  health WARN (end WARN)  ebal 0.0e+00 zbal 0.0e+00  0.00 h, ETA 1070.70 h
[2026-08-24 18:05:31] t 0.505 step 88 dt 6.08e-03  E 0.070026 Z 0.3970 ε 0.000561 max|ω| 7.937 (interp 7.950) ⟨ωSω⟩ 0.0030 (phys 0.0030) kmaxη 3.61 S -0.014 align 0.52/0.52/0.37 zgap 4.91  health FAIL (end FAIL)  ebal 2.4e-07 zbal 2.2e-07  0.01 h, ETA 0.31 h
[2026-08-24 18:05:58] t 1.006 step 166 dt 6.68e-03  E 0.069745 Z 0.3985 ε 0.000564 max|ω| 7.986 (interp 7.987) ⟨ωSω⟩ 0.0225 (phys 0.0225) kmaxη 3.61 S -0.105 align 0.56/0.51/0.33 zgap 4.54  health FAIL (end FAIL)  ebal 3.0e-07 zbal 2.2e-07  0.02 h, ETA 0.26 h
[2026-08-24 18:06:23] t 1.503 step 240 dt 6.69e-03  E 0.069461 Z 0.4094 ε 0.000579 max|ω| 8.181 (interp 8.197) ⟨ωSω⟩ 0.0415 (phys 0.0415) kmaxη 3.58 S -0.186 align 0.59/0.49/0.31 zgap 4.21  health FAIL (end FAIL)  ebal 3.0e-07 zbal 2.2e-07  0.02 h, ETA 0.24 h
[2026-08-24 18:06:50] t 2.004 step 316 dt 6.51e-03  E 0.069165 Z 0.4245 ε 0.000600 max|ω| 8.344 (interp 8.344) ⟨ωSω⟩ 0.0507 (phys 0.0507) kmaxη 3.55 S -0.215 align 0.61/0.48/0.30 zgap 3.98  health FAIL (end FAIL)  ebal 3.0e-07 zbal 2.2e-07  0.03 h, ETA 0.22 h
[2026-08-24 18:06:50] checkpoint written at t=2.0045
[2026-08-24 18:07:20] t 2.502 step 393 dt 6.43e-03  E 0.068862 Z 0.4381 ε 0.000620 max|ω| 8.634 (interp 8.651) ⟨ωSω⟩ 0.0533 (phys 0.0533) kmaxη 3.52 S -0.216 align 0.62/0.47/0.31 zgap 3.84  health FAIL (end FAIL)  ebal 3.0e-07 zbal 2.2e-07  0.04 h, ETA 0.22 h
[2026-08-24 18:07:51] t 3.002 step 471 dt 6.40e-03  E 0.068547 Z 0.4492 ε 0.000635 max|ω| 9.087 (interp 9.104) ⟨ωSω⟩ 0.0570 (phys 0.0570) kmaxη 3.50 S -0.222 align 0.62/0.46/0.32 zgap 3.79  health FAIL (end FAIL)  ebal 3.0e-07 zbal 2.4e-07  0.05 h, ETA 0.21 h
[2026-08-24 18:08:18] t 3.500 step 549 dt 6.35e-03  E 0.068228 Z 0.4578 ε 0.000648 max|ω| 8.967 (interp 8.982) ⟨ωSω⟩ 0.0592 (phys 0.0592) kmaxη 3.48 S -0.224 align 0.62/0.45/0.34 zgap 3.67  health FAIL (end FAIL)  ebal 3.6e-07 zbal 2.4e-07  0.06 h, ETA 0.20 h
[2026-08-24 18:08:46] t 4.005 step 629 dt 6.27e-03  E 0.067899 Z 0.4632 ε 0.000655 max|ω| 8.527 (interp 8.554) ⟨ωSω⟩ 0.0586 (phys 0.0586) kmaxη 3.47 S -0.218 align 0.62/0.44/0.36 zgap 3.59  health FAIL (end FAIL)  ebal 3.6e-07 zbal 2.4e-07  0.06 h, ETA 0.19 h
[2026-08-24 18:08:46] checkpoint written at t=4.0049
[2026-08-24 18:09:13] t 4.502 step 709 dt 6.16e-03  E 0.067572 Z 0.4657 ε 0.000659 max|ω| 8.369 (interp 8.399) ⟨ωSω⟩ 0.0596 (phys 0.0596) kmaxη 3.47 S -0.220 align 0.62/0.44/0.38 zgap 3.51  health FAIL (end FAIL)  ebal 3.6e-07 zbal 3.2e-07  0.07 h, ETA 0.18 h
[2026-08-24 18:09:41] t 5.001 step 791 dt 6.01e-03  E 0.067243 Z 0.4672 ε 0.000661 max|ω| 8.389 (interp 8.405) ⟨ωSω⟩ 0.0611 (phys 0.0611) kmaxη 3.47 S -0.225 align 0.61/0.43/0.39 zgap 3.42  health FAIL (end FAIL)  ebal 3.6e-07 zbal 3.2e-07  0.08 h, ETA 0.17 h
[2026-08-24 18:10:09] t 5.502 step 875 dt 5.92e-03  E 0.066912 Z 0.4688 ε 0.000663 max|ω| 8.713 (interp 8.719) ⟨ωSω⟩ 0.0627 (phys 0.0627) kmaxη 3.46 S -0.229 align 0.60/0.43/0.41 zgap 3.28  health FAIL (end FAIL)  ebal 3.6e-07 zbal 3.2e-07  0.09 h, ETA 0.17 h
[2026-08-24 18:10:37] t 6.001 step 960 dt 5.84e-03  E 0.066580 Z 0.4715 ε 0.000667 max|ω| 9.010 (interp 9.013) ⟨ωSω⟩ 0.0667 (phys 0.0667) kmaxη 3.46 S -0.242 align 0.59/0.44/0.42 zgap 3.20  health FAIL (end FAIL)  ebal 3.6e-07 zbal 3.2e-07  0.10 h, ETA 0.16 h
[2026-08-24 18:10:37] checkpoint written at t=6.0013
[2026-08-24 18:11:11] t 6.503 step 1047 dt 5.67e-03  E 0.066244 Z 0.4775 ε 0.000675 max|ω| 9.906 (interp 9.990) ⟨ωSω⟩ 0.0755 (phys 0.0755) kmaxη 3.45 S -0.269 align 0.58/0.45/0.42 zgap 3.09  health FAIL (end FAIL)  ebal 3.6e-07 zbal 3.2e-07  0.10 h, ETA 0.15 h
[2026-08-24 18:11:57] t 7.000 step 1137 dt 5.39e-03  E 0.065904 Z 0.4900 ε 0.000693 max|ω| 13.514 (interp 13.547) ⟨ωSω⟩ 0.0956 (phys 0.0956) kmaxη 3.43 S -0.327 align 0.57/0.45/0.43 zgap 2.95  health FAIL (end FAIL)  ebal 3.6e-07 zbal 3.2e-07  0.12 h, ETA 0.15 h
[2026-08-24 18:12:48] t 7.503 step 1232 dt 5.26e-03  E 0.065547 Z 0.5175 ε 0.000732 max|ω| 21.670 (interp 21.900) ⟨ωSω⟩ 0.1574 (phys 0.1574) kmaxη 3.38 S -0.496 align 0.56/0.46/0.44 zgap 2.86  health FAIL (end FAIL)  ebal 3.6e-07 zbal 3.2e-07  0.13 h, ETA 0.15 h
[2026-08-24 18:13:38] t 8.001 step 1324 dt 5.60e-03  E 0.065164 Z 0.5725 ε 0.000810 max|ω| 40.767 (interp 41.610) ⟨ωSω⟩ 0.3312 (phys 0.3312) kmaxη 3.30 S -0.897 align 0.54/0.46/0.45 zgap 2.78  health FAIL (end FAIL)  ebal 3.6e-07 zbal 3.2e-07  0.15 h, ETA 0.15 h
[2026-08-24 18:13:38] checkpoint written at t=8.0012
[2026-08-24 18:14:23] t 8.506 step 1410 dt 6.18e-03  E 0.064729 Z 0.6491 ε 0.000918 max|ω| 50.548 (interp 54.329) ⟨ωSω⟩ 0.6379 (phys 0.6379) kmaxη 3.19 S -1.432 align 0.53/0.47/0.45 zgap 2.92  health FAIL (end FAIL)  ebal 3.6e-07 zbal 3.2e-07  0.16 h, ETA 0.14 h
[2026-08-24 18:15:01] t 9.006 step 1487 dt 6.67e-03  E 0.064258 Z 0.6638 ε 0.000939 max|ω| 93.006 (interp 94.924) ⟨ωSω⟩ 0.6557 (phys 0.6557) kmaxη 3.18 S -1.423 align 0.51/0.49/0.46 zgap 2.97  health FAIL (end FAIL)  ebal 3.6e-07 zbal 3.2e-07  0.17 h, ETA 0.13 h
[2026-08-24 18:15:26] t 9.503 step 1562 dt 6.49e-03  E 0.063815 Z 0.5981 ε 0.000846 max|ω| 42.410 (interp 46.063) ⟨ωSω⟩ 0.4499 (phys 0.4499) kmaxη 3.26 S -1.141 align 0.49/0.51/0.45 zgap 2.83  health FAIL (end FAIL)  ebal 3.6e-07 zbal 3.2e-07  0.18 h, ETA 0.12 h
[2026-08-24 18:15:52] t 10.000 step 1639 dt 6.49e-03  E 0.063399 Z 0.5798 ε 0.000820 max|ω| 57.703 (interp 61.348) ⟨ωSω⟩ 0.4501 (phys 0.4501) kmaxη 3.28 S -1.197 align 0.48/0.54/0.45 zgap 3.11  health FAIL (end FAIL)  ebal 3.6e-07 zbal 3.5e-07  0.18 h, ETA 0.11 h
[2026-08-24 18:15:52] checkpoint written at t=10.0000
[2026-08-24 18:16:18] t 10.504 step 1718 dt 6.43e-03  E 0.063000 Z 0.5434 ε 0.000769 max|ω| 55.262 (interp 57.946) ⟨ωSω⟩ 0.3744 (phys 0.3744) kmaxη 3.34 S -1.097 align 0.47/0.56/0.44 zgap 2.86  health FAIL (end FAIL)  ebal 3.6e-07 zbal 4.2e-07  0.19 h, ETA 0.10 h
[2026-08-24 18:16:42] t 11.003 step 1793 dt 6.56e-03  E 0.062628 Z 0.5088 ε 0.000720 max|ω| 36.858 (interp 38.188) ⟨ωSω⟩ 0.2845 (phys 0.2845) kmaxη 3.39 S -0.920 align 0.46/0.57/0.43 zgap 2.66  health FAIL (end FAIL)  ebal 3.6e-07 zbal 4.7e-07  0.20 h, ETA 0.09 h
[2026-08-24 18:17:09] t 11.506 step 1869 dt 6.62e-03  E 0.062275 Z 0.4883 ε 0.000691 max|ω| 39.469 (interp 41.604) ⟨ωSω⟩ 0.2549 (phys 0.2549) kmaxη 3.43 S -0.877 align 0.45/0.58/0.43 zgap 2.36  health FAIL (end FAIL)  ebal 3.6e-07 zbal 4.7e-07  0.20 h, ETA 0.08 h
[2026-08-24 18:17:32] t 12.005 step 1941 dt 7.09e-03  E 0.061935 Z 0.4771 ε 0.000675 max|ω| 31.274 (interp 32.536) ⟨ωSω⟩ 0.2234 (phys 0.2234) kmaxη 3.45 S -0.795 align 0.44/0.59/0.43 zgap 1.96  health FAIL (end FAIL)  ebal 3.6e-07 zbal 4.7e-07  0.21 h, ETA 0.07 h
[2026-08-24 18:17:33] checkpoint written at t=12.0047
[2026-08-24 18:17:57] t 12.503 step 2011 dt 7.17e-03  E 0.061601 Z 0.4709 ε 0.000666 max|ω| 27.247 (interp 27.652) ⟨ωSω⟩ 0.1978 (phys 0.1978) kmaxη 3.46 S -0.719 align 0.43/0.59/0.42 zgap 2.08  health FAIL (end FAIL)  ebal 3.6e-07 zbal 4.7e-07  0.22 h, ETA 0.06 h
[2026-08-24 18:18:22] t 13.005 step 2080 dt 7.68e-03  E 0.061268 Z 0.4683 ε 0.000662 max|ω| 24.836 (interp 25.062) ⟨ωSω⟩ 0.1795 (phys 0.1795) kmaxη 3.46 S -0.657 align 0.43/0.60/0.42 zgap 1.99  health FAIL (end FAIL)  ebal 3.6e-07 zbal 4.7e-07  0.22 h, ETA 0.05 h
[2026-08-24 18:18:46] t 13.505 step 2146 dt 7.54e-03  E 0.060937 Z 0.4687 ε 0.000663 max|ω| 23.719 (interp 24.644) ⟨ωSω⟩ 0.1591 (phys 0.1591) kmaxη 3.46 S -0.582 align 0.44/0.59/0.42 zgap 2.02  health FAIL (end FAIL)  ebal 3.6e-07 zbal 4.7e-07  0.23 h, ETA 0.04 h
[2026-08-24 18:19:10] t 14.005 step 2211 dt 8.05e-03  E 0.060605 Z 0.4704 ε 0.000665 max|ω| 20.701 (interp 21.037) ⟨ωSω⟩ 0.1425 (phys 0.1425) kmaxη 3.46 S -0.518 align 0.45/0.59/0.41 zgap 1.96  health FAIL (end FAIL)  ebal 3.6e-07 zbal 4.7e-07  0.24 h, ETA 0.03 h
[2026-08-24 18:19:10] checkpoint written at t=14.0049
[2026-08-24 18:19:31] t 14.507 step 2273 dt 8.05e-03  E 0.060269 Z 0.4746 ε 0.000671 max|ω| 19.302 (interp 19.750) ⟨ωSω⟩ 0.1333 (phys 0.1333) kmaxη 3.45 S -0.479 align 0.46/0.59/0.40 zgap 1.91  health FAIL (end FAIL)  ebal 3.6e-07 zbal 4.7e-07  0.24 h, ETA 0.03 h
[2026-08-24 18:19:52] t 15.004 step 2334 dt 8.03e-03  E 0.059933 Z 0.4815 ε 0.000681 max|ω| 17.127 (interp 17.704) ⟨ωSω⟩ 0.1261 (phys 0.1261) kmaxη 3.44 S -0.443 align 0.48/0.59/0.40 zgap 1.82  health FAIL (end FAIL)  ebal 3.6e-07 zbal 4.7e-07  0.25 h, ETA 0.02 h
[2026-08-24 18:20:15] t 15.502 step 2398 dt 7.55e-03  E 0.059591 Z 0.4910 ε 0.000695 max|ω| 16.777 (interp 17.113) ⟨ωSω⟩ 0.1265 (phys 0.1265) kmaxη 3.42 S -0.432 align 0.49/0.59/0.39 zgap 1.65  health FAIL (end FAIL)  ebal 3.6e-07 zbal 4.7e-07  0.26 h, ETA 0.01 h
[2026-08-24 18:20:38] t 16.001 step 2465 dt 7.46e-03  E 0.059239 Z 0.5070 ε 0.000717 max|ω| 16.257 (interp 16.701) ⟨ωSω⟩ 0.1408 (phys 0.1408) kmaxη 3.40 S -0.458 align 0.50/0.58/0.38 zgap 1.74  health FAIL (end FAIL)  ebal 3.6e-07 zbal 4.7e-07  0.26 h, ETA -0.00 h
[2026-08-24 18:20:38] checkpoint written at t=16.0009
[2026-08-24 18:20:38] DONE: ε_max 0.000951 at t 8.826; max|ω| peak 93.297 at t 8.993; interpolated peak 94.924 at t 9.006; E(16) 0.059239; health FAIL; 0.26 h
